> Task :compileJava UP-TO-DATE
> Task :processResources UP-TO-DATE
> Task :classes UP-TO-DATE
> Task :compileTestJava UP-TO-DATE
> Task :processTestResources UP-TO-DATE
> Task :testClasses UP-TO-DATE
OpenJDK 64-Bit Server VM warning: Sharing is only supported for boot loader classes because bootstrap classpath has been appended

> Task :test

AccountControllerTest > closeAccount_shouldFailWhenAccountAlreadyClosed() FAILED
    java.lang.AssertionError at AccountControllerTest.java:233

AccountControllerTest > updateAccountStatus_shouldSetStatusFromRequestSuccessfully() FAILED
    java.lang.AssertionError at AccountControllerTest.java:187

AccountControllerTest > createAccount_shouldCreateAccountSuccessfully() FAILED
    java.lang.AssertionError at AccountControllerTest.java:140

CardControllerTest > createCard_shouldCreateCardSuccessfully() FAILED
    java.lang.AssertionError at CardControllerTest.java:194

CardControllerTest > unblockCard_shouldUnblockCardSuccessfully() FAILED
    java.lang.AssertionError at CardControllerTest.java:272

CardControllerTest > getCardBalance_shouldReturnAccountBalance() FAILED
    java.lang.AssertionError at CardControllerTest.java:304

CardControllerTest > getCardById_shouldReturnCard() FAILED
    java.lang.AssertionError at CardControllerTest.java:285

CardControllerTest > blockCard_shouldBlockCardSuccessfully() FAILED
    java.lang.AssertionError at CardControllerTest.java:232

CardControllerTest > deleteCard_shouldDeleteCardSuccessfully() FAILED
    java.lang.AssertionError at CardControllerTest.java:313

2026-04-20T14:00:48.324+03:00  INFO 92293 --- [Bank_System_test] [ster-test-kit-2] kafka.server.BrokerServer                : [BrokerServer id=0] Transition from STARTED to SHUTTING_DOWN
2026-04-20T14:00:48.324+03:00  INFO 92293 --- [Bank_System_test] [ster-test-kit-2] kafka.server.BrokerServer                : [BrokerServer id=0] shutting down
2026-04-20T14:00:48.325+03:00  INFO 92293 --- [Bank_System_test] [r-event-handler] kafka.server.BrokerLifecycleManager      : [BrokerLifecycleManager id=0] Beginning controlled shutdown.
2026-04-20T14:00:48.326+03:00  INFO 92293 --- [Bank_System_test] [0-event-handler] o.a.k.controller.BrokerHeartbeatManager  : [QuorumController id=0] Unfenced broker 0 has requested and been granted a controlled shutdown.
2026-04-20T14:00:48.336+03:00  INFO 92293 --- [Bank_System_test] [0-event-handler] o.a.k.c.ReplicationControlManager        : [QuorumController id=0] enterControlledShutdown[0]: changing 56 partition(s)
2026-04-20T14:00:48.338+03:00  INFO 92293 --- [Bank_System_test] [0-event-handler] o.a.k.controller.ClusterControlManager   : [QuorumController id=0] Replayed BrokerRegistrationChangeRecord modifying the registration for broker 0: BrokerRegistrationChangeRecord(brokerId=0, brokerEpoch=11, fenced=0, inControlledShutdown=1, logDirs=[])
2026-04-20T14:00:48.367+03:00  INFO 92293 --- [Bank_System_test] [r-event-handler] state.change.logger                      : [Broker id=0] Transitioning 56 partition(s) to local followers.
2026-04-20T14:00:48.367+03:00  INFO 92293 --- [Bank_System_test] [r-event-handler] kafka.server.BrokerLifecycleManager      : [BrokerLifecycleManager id=0] The broker is in PENDING_CONTROLLED_SHUTDOWN state, still waiting for the active controller.
2026-04-20T14:00:48.374+03:00  INFO 92293 --- [Bank_System_test] [r-event-handler] state.change.logger                      : [Broker id=0] Follower __consumer_offsets-13 starts at leader epoch 1 from offset 0 with partition epoch 1 and high watermark 0. Current leader is -1. Previous leader Some(-1) and previous leader epoch was 1.
2026-04-20T14:00:48.375+03:00  INFO 92293 --- [Bank_System_test] [r-event-handler] state.change.logger                      : [Broker id=0] Follower __consumer_offsets-46 starts at leader epoch 1 from offset 0 with partition epoch 1 and high watermark 0. Current leader is -1. Previous leader Some(-1) and previous leader epoch was 1.
2026-04-20T14:00:48.375+03:00  INFO 92293 --- [Bank_System_test] [r-event-handler] state.change.logger                      : [Broker id=0] Follower __consumer_offsets-9 starts at leader epoch 1 from offset 0 with partition epoch 1 and high watermark 0. Current leader is -1. Previous leader Some(-1) and previous leader epoch was 1.
2026-04-20T14:00:48.375+03:00  INFO 92293 --- [Bank_System_test] [r-event-handler] state.change.logger                      : [Broker id=0] Follower __consumer_offsets-42 starts at leader epoch 1 from offset 0 with partition epoch 1 and high watermark 0. Current leader is -1. Previous leader Some(-1) and previous leader epoch was 1.
2026-04-20T14:00:48.375+03:00  INFO 92293 --- [Bank_System_test] [r-event-handler] state.change.logger                      : [Broker id=0] Follower __consumer_offsets-21 starts at leader epoch 1 from offset 0 with partition epoch 1 and high watermark 0. Current leader is -1. Previous leader Some(-1) and previous leader epoch was 1.
2026-04-20T14:00:48.375+03:00  INFO 92293 --- [Bank_System_test] [r-event-handler] state.change.logger                      : [Broker id=0] Follower __consumer_offsets-17 starts at leader epoch 1 from offset 0 with partition epoch 1 and high watermark 0. Current leader is -1. Previous leader Some(-1) and previous leader epoch was 1.
2026-04-20T14:00:48.375+03:00  INFO 92293 --- [Bank_System_test] [r-event-handler] state.change.logger                      : [Broker id=0] Follower __consumer_offsets-30 starts at leader epoch 1 from offset 0 with partition epoch 1 and high watermark 0. Current leader is -1. Previous leader Some(-1) and previous leader epoch was 1.
2026-04-20T14:00:48.375+03:00  INFO 92293 --- [Bank_System_test] [r-event-handler] state.change.logger                      : [Broker id=0] Follower __consumer_offsets-26 starts at leader epoch 1 from offset 0 with partition epoch 1 and high watermark 0. Current leader is -1. Previous leader Some(-1) and previous leader epoch was 1.
2026-04-20T14:00:48.375+03:00  INFO 92293 --- [Bank_System_test] [r-event-handler] state.change.logger                      : [Broker id=0] Follower __consumer_offsets-5 starts at leader epoch 1 from offset 0 with partition epoch 1 and high watermark 0. Current leader is -1. Previous leader Some(-1) and previous leader epoch was 1.
2026-04-20T14:00:48.375+03:00  INFO 92293 --- [Bank_System_test] [r-event-handler] state.change.logger                      : [Broker id=0] Follower __consumer_offsets-38 starts at leader epoch 1 from offset 0 with partition epoch 1 and high watermark 0. Current leader is -1. Previous leader Some(-1) and previous leader epoch was 1.
2026-04-20T14:00:48.375+03:00  INFO 92293 --- [Bank_System_test] [r-event-handler] state.change.logger                      : [Broker id=0] Follower __consumer_offsets-1 starts at leader epoch 1 from offset 0 with partition epoch 1 and high watermark 0. Current leader is -1. Previous leader Some(-1) and previous leader epoch was 1.
2026-04-20T14:00:48.375+03:00  INFO 92293 --- [Bank_System_test] [r-event-handler] state.change.logger                      : [Broker id=0] Follower __consumer_offsets-34 starts at leader epoch 1 from offset 0 with partition epoch 1 and high watermark 0. Current leader is -1. Previous leader Some(-1) and previous leader epoch was 1.
2026-04-20T14:00:48.375+03:00  INFO 92293 --- [Bank_System_test] [r-event-handler] state.change.logger                      : [Broker id=0] Follower __consumer_offsets-16 starts at leader epoch 1 from offset 0 with partition epoch 1 and high watermark 0. Current leader is -1. Previous leader Some(-1) and previous leader epoch was 1.
2026-04-20T14:00:48.376+03:00  INFO 92293 --- [Bank_System_test] [r-event-handler] state.change.logger                      : [Broker id=0] Follower __consumer_offsets-45 starts at leader epoch 1 from offset 0 with partition epoch 1 and high watermark 0. Current leader is -1. Previous leader Some(-1) and previous leader epoch was 1.
2026-04-20T14:00:48.376+03:00  INFO 92293 --- [Bank_System_test] [r-event-handler] state.change.logger                      : [Broker id=0] Follower ai_messages-2 starts at leader epoch 1 from offset 0 with partition epoch 1 and high watermark 0. Current leader is -1. Previous leader Some(-1) and previous leader epoch was 1.
2026-04-20T14:00:48.376+03:00  INFO 92293 --- [Bank_System_test] [r-event-handler] state.change.logger                      : [Broker id=0] Follower __consumer_offsets-12 starts at leader epoch 1 from offset 0 with partition epoch 1 and high watermark 0. Current leader is -1. Previous leader Some(-1) and previous leader epoch was 1.
2026-04-20T14:00:48.376+03:00  INFO 92293 --- [Bank_System_test] [r-event-handler] state.change.logger                      : [Broker id=0] Follower __consumer_offsets-41 starts at leader epoch 1 from offset 0 with partition epoch 1 and high watermark 0. Current leader is -1. Previous leader Some(-1) and previous leader epoch was 1.
2026-04-20T14:00:48.376+03:00  INFO 92293 --- [Bank_System_test] [r-event-handler] state.change.logger                      : [Broker id=0] Follower bank_ai_answers-2 starts at leader epoch 1 from offset 0 with partition epoch 1 and high watermark 0. Current leader is -1. Previous leader Some(-1) and previous leader epoch was 1.
2026-04-20T14:00:48.376+03:00  INFO 92293 --- [Bank_System_test] [r-event-handler] state.change.logger                      : [Broker id=0] Follower __consumer_offsets-24 starts at leader epoch 1 from offset 0 with partition epoch 1 and high watermark 0. Current leader is -1. Previous leader Some(-1) and previous leader epoch was 1.
2026-04-20T14:00:48.376+03:00  INFO 92293 --- [Bank_System_test] [r-event-handler] state.change.logger                      : [Broker id=0] Follower __consumer_offsets-20 starts at leader epoch 1 from offset 0 with partition epoch 1 and high watermark 0. Current leader is -1. Previous leader Some(-1) and previous leader epoch was 1.
2026-04-20T14:00:48.376+03:00  INFO 92293 --- [Bank_System_test] [r-event-handler] state.change.logger                      : [Broker id=0] Follower __consumer_offsets-49 starts at leader epoch 1 from offset 0 with partition epoch 1 and high watermark 0. Current leader is -1. Previous leader Some(-1) and previous leader epoch was 1.
2026-04-20T14:00:48.376+03:00  INFO 92293 --- [Bank_System_test] [r-event-handler] state.change.logger                      : [Broker id=0] Follower __consumer_offsets-0 starts at leader epoch 1 from offset 0 with partition epoch 1 and high watermark 0. Current leader is -1. Previous leader Some(-1) and previous leader epoch was 1.
2026-04-20T14:00:48.376+03:00  INFO 92293 --- [Bank_System_test] [r-event-handler] state.change.logger                      : [Broker id=0] Follower __consumer_offsets-29 starts at leader epoch 1 from offset 0 with partition epoch 1 and high watermark 0. Current leader is -1. Previous leader Some(-1) and previous leader epoch was 1.
2026-04-20T14:00:48.376+03:00  INFO 92293 --- [Bank_System_test] [r-event-handler] state.change.logger                      : [Broker id=0] Follower __consumer_offsets-25 starts at leader epoch 1 from offset 0 with partition epoch 1 and high watermark 0. Current leader is -1. Previous leader Some(-1) and previous leader epoch was 1.
2026-04-20T14:00:48.377+03:00  INFO 92293 --- [Bank_System_test] [r-event-handler] state.change.logger                      : [Broker id=0] Follower __consumer_offsets-8 starts at leader epoch 1 from offset 0 with partition epoch 1 and high watermark 0. Current leader is -1. Previous leader Some(-1) and previous leader epoch was 1.
2026-04-20T14:00:48.377+03:00  INFO 92293 --- [Bank_System_test] [r-event-handler] state.change.logger                      : [Broker id=0] Follower __consumer_offsets-37 starts at leader epoch 1 from offset 0 with partition epoch 1 and high watermark 0. Current leader is -1. Previous leader Some(-1) and previous leader epoch was 1.
2026-04-20T14:00:48.377+03:00  INFO 92293 --- [Bank_System_test] [r-event-handler] state.change.logger                      : [Broker id=0] Follower __consumer_offsets-4 starts at leader epoch 1 from offset 0 with partition epoch 1 and high watermark 0. Current leader is -1. Previous leader Some(-1) and previous leader epoch was 1.
2026-04-20T14:00:48.377+03:00  INFO 92293 --- [Bank_System_test] [r-event-handler] state.change.logger                      : [Broker id=0] Follower __consumer_offsets-33 starts at leader epoch 1 from offset 0 with partition epoch 1 and high watermark 0. Current leader is -1. Previous leader Some(-1) and previous leader epoch was 1.
2026-04-20T14:00:48.377+03:00  INFO 92293 --- [Bank_System_test] [r-event-handler] state.change.logger                      : [Broker id=0] Follower __consumer_offsets-15 starts at leader epoch 1 from offset 0 with partition epoch 1 and high watermark 0. Current leader is -1. Previous leader Some(-1) and previous leader epoch was 1.
2026-04-20T14:00:48.377+03:00  INFO 92293 --- [Bank_System_test] [r-event-handler] state.change.logger                      : [Broker id=0] Follower __consumer_offsets-48 starts at leader epoch 1 from offset 0 with partition epoch 1 and high watermark 0. Current leader is -1. Previous leader Some(-1) and previous leader epoch was 1.
2026-04-20T14:00:48.377+03:00  INFO 92293 --- [Bank_System_test] [r-event-handler] state.change.logger                      : [Broker id=0] Follower ai_messages-1 starts at leader epoch 1 from offset 0 with partition epoch 1 and high watermark 0. Current leader is -1. Previous leader Some(-1) and previous leader epoch was 1.
2026-04-20T14:00:48.377+03:00  INFO 92293 --- [Bank_System_test] [r-event-handler] state.change.logger                      : [Broker id=0] Follower __consumer_offsets-11 starts at leader epoch 1 from offset 0 with partition epoch 1 and high watermark 0. Current leader is -1. Previous leader Some(-1) and previous leader epoch was 1.
2026-04-20T14:00:48.377+03:00  INFO 92293 --- [Bank_System_test] [r-event-handler] state.change.logger                      : [Broker id=0] Follower __consumer_offsets-44 starts at leader epoch 1 from offset 0 with partition epoch 1 and high watermark 0. Current leader is -1. Previous leader Some(-1) and previous leader epoch was 1.
2026-04-20T14:00:48.377+03:00  INFO 92293 --- [Bank_System_test] [r-event-handler] state.change.logger                      : [Broker id=0] Follower bank_ai_answers-1 starts at leader epoch 1 from offset 0 with partition epoch 1 and high watermark 0. Current leader is -1. Previous leader Some(-1) and previous leader epoch was 1.
2026-04-20T14:00:48.377+03:00  INFO 92293 --- [Bank_System_test] [r-event-handler] state.change.logger                      : [Broker id=0] Follower __consumer_offsets-23 starts at leader epoch 1 from offset 0 with partition epoch 1 and high watermark 0. Current leader is -1. Previous leader Some(-1) and previous leader epoch was 1.
2026-04-20T14:00:48.378+03:00  INFO 92293 --- [Bank_System_test] [r-event-handler] state.change.logger                      : [Broker id=0] Follower __consumer_offsets-19 starts at leader epoch 1 from offset 0 with partition epoch 1 and high watermark 0. Current leader is -1. Previous leader Some(-1) and previous leader epoch was 1.
2026-04-20T14:00:48.378+03:00  INFO 92293 --- [Bank_System_test] [r-event-handler] state.change.logger                      : [Broker id=0] Follower __consumer_offsets-32 starts at leader epoch 1 from offset 0 with partition epoch 1 and high watermark 0. Current leader is -1. Previous leader Some(-1) and previous leader epoch was 1.
2026-04-20T14:00:48.378+03:00  INFO 92293 --- [Bank_System_test] [r-event-handler] state.change.logger                      : [Broker id=0] Follower __consumer_offsets-28 starts at leader epoch 1 from offset 0 with partition epoch 1 and high watermark 0. Current leader is -1. Previous leader Some(-1) and previous leader epoch was 1.
2026-04-20T14:00:48.378+03:00  INFO 92293 --- [Bank_System_test] [r-event-handler] state.change.logger                      : [Broker id=0] Follower __consumer_offsets-7 starts at leader epoch 1 from offset 0 with partition epoch 1 and high watermark 0. Current leader is -1. Previous leader Some(-1) and previous leader epoch was 1.
2026-04-20T14:00:48.378+03:00  INFO 92293 --- [Bank_System_test] [r-event-handler] state.change.logger                      : [Broker id=0] Follower __consumer_offsets-40 starts at leader epoch 1 from offset 0 with partition epoch 1 and high watermark 0. Current leader is -1. Previous leader Some(-1) and previous leader epoch was 1.
2026-04-20T14:00:48.378+03:00  INFO 92293 --- [Bank_System_test] [r-event-handler] state.change.logger                      : [Broker id=0] Follower __consumer_offsets-3 starts at leader epoch 1 from offset 0 with partition epoch 1 and high watermark 0. Current leader is -1. Previous leader Some(-1) and previous leader epoch was 1.
2026-04-20T14:00:48.378+03:00  INFO 92293 --- [Bank_System_test] [r-event-handler] state.change.logger                      : [Broker id=0] Follower __consumer_offsets-36 starts at leader epoch 1 from offset 0 with partition epoch 1 and high watermark 0. Current leader is -1. Previous leader Some(-1) and previous leader epoch was 1.
2026-04-20T14:00:48.378+03:00  INFO 92293 --- [Bank_System_test] [r-event-handler] state.change.logger                      : [Broker id=0] Follower __consumer_offsets-47 starts at leader epoch 1 from offset 0 with partition epoch 1 and high watermark 0. Current leader is -1. Previous leader Some(-1) and previous leader epoch was 1.
2026-04-20T14:00:48.378+03:00  INFO 92293 --- [Bank_System_test] [r-event-handler] state.change.logger                      : [Broker id=0] Follower __consumer_offsets-14 starts at leader epoch 1 from offset 0 with partition epoch 1 and high watermark 0. Current leader is -1. Previous leader Some(-1) and previous leader epoch was 1.
2026-04-20T14:00:48.378+03:00  INFO 92293 --- [Bank_System_test] [r-event-handler] state.change.logger                      : [Broker id=0] Follower __consumer_offsets-43 starts at leader epoch 1 from offset 0 with partition epoch 1 and high watermark 0. Current leader is -1. Previous leader Some(-1) and previous leader epoch was 1.
2026-04-20T14:00:48.378+03:00  INFO 92293 --- [Bank_System_test] [r-event-handler] state.change.logger                      : [Broker id=0] Follower bank_ai_answers-0 starts at leader epoch 1 from offset 0 with partition epoch 1 and high watermark 0. Current leader is -1. Previous leader Some(-1) and previous leader epoch was 1.
2026-04-20T14:00:48.378+03:00  INFO 92293 --- [Bank_System_test] [r-event-handler] state.change.logger                      : [Broker id=0] Follower ai_messages-0 starts at leader epoch 1 from offset 0 with partition epoch 1 and high watermark 0. Current leader is -1. Previous leader Some(-1) and previous leader epoch was 1.
2026-04-20T14:00:48.379+03:00  INFO 92293 --- [Bank_System_test] [r-event-handler] state.change.logger                      : [Broker id=0] Follower __consumer_offsets-10 starts at leader epoch 1 from offset 0 with partition epoch 1 and high watermark 0. Current leader is -1. Previous leader Some(-1) and previous leader epoch was 1.
2026-04-20T14:00:48.379+03:00  INFO 92293 --- [Bank_System_test] [r-event-handler] state.change.logger                      : [Broker id=0] Follower __consumer_offsets-22 starts at leader epoch 1 from offset 0 with partition epoch 1 and high watermark 0. Current leader is -1. Previous leader Some(-1) and previous leader epoch was 1.
2026-04-20T14:00:48.379+03:00  INFO 92293 --- [Bank_System_test] [r-event-handler] state.change.logger                      : [Broker id=0] Follower __consumer_offsets-18 starts at leader epoch 1 from offset 0 with partition epoch 1 and high watermark 0. Current leader is -1. Previous leader Some(-1) and previous leader epoch was 1.
2026-04-20T14:00:48.379+03:00  INFO 92293 --- [Bank_System_test] [r-event-handler] state.change.logger                      : [Broker id=0] Follower __consumer_offsets-31 starts at leader epoch 1 from offset 0 with partition epoch 1 and high watermark 0. Current leader is -1. Previous leader Some(-1) and previous leader epoch was 1.
2026-04-20T14:00:48.379+03:00  INFO 92293 --- [Bank_System_test] [r-event-handler] state.change.logger                      : [Broker id=0] Follower __consumer_offsets-27 starts at leader epoch 1 from offset 0 with partition epoch 1 and high watermark 0. Current leader is -1. Previous leader Some(-1) and previous leader epoch was 1.
2026-04-20T14:00:48.379+03:00  INFO 92293 --- [Bank_System_test] [r-event-handler] state.change.logger                      : [Broker id=0] Follower __consumer_offsets-39 starts at leader epoch 1 from offset 0 with partition epoch 1 and high watermark 0. Current leader is -1. Previous leader Some(-1) and previous leader epoch was 1.
2026-04-20T14:00:48.379+03:00  INFO 92293 --- [Bank_System_test] [r-event-handler] state.change.logger                      : [Broker id=0] Follower __consumer_offsets-6 starts at leader epoch 1 from offset 0 with partition epoch 1 and high watermark 0. Current leader is -1. Previous leader Some(-1) and previous leader epoch was 1.
2026-04-20T14:00:48.379+03:00  INFO 92293 --- [Bank_System_test] [r-event-handler] state.change.logger                      : [Broker id=0] Follower __consumer_offsets-35 starts at leader epoch 1 from offset 6 with partition epoch 1 and high watermark 6. Current leader is -1. Previous leader Some(-1) and previous leader epoch was 1.
2026-04-20T14:00:48.379+03:00  INFO 92293 --- [Bank_System_test] [r-event-handler] state.change.logger                      : [Broker id=0] Follower __consumer_offsets-2 starts at leader epoch 1 from offset 0 with partition epoch 1 and high watermark 0. Current leader is -1. Previous leader Some(-1) and previous leader epoch was 1.
2026-04-20T14:00:48.381+03:00  INFO 92293 --- [Bank_System_test] [r-event-handler] kafka.server.ReplicaFetcherManager       : [ReplicaFetcherManager on broker 0] Removed fetcher for partitions HashSet(__consumer_offsets-30, __consumer_offsets-25, __consumer_offsets-37, __consumer_offsets-38, __consumer_offsets-13, __consumer_offsets-22, ai_messages-2, __consumer_offsets-8, __consumer_offsets-21, __consumer_offsets-4, __consumer_offsets-27, __consumer_offsets-7, __consumer_offsets-9, __consumer_offsets-46, bank_ai_answers-1, __consumer_offsets-35, __consumer_offsets-41, __consumer_offsets-33, __consumer_offsets-23, __consumer_offsets-49, __consumer_offsets-47, __consumer_offsets-16, __consumer_offsets-28, ai_messages-1, __consumer_offsets-31, __consumer_offsets-36, __consumer_offsets-42, __consumer_offsets-3, __consumer_offsets-18, __consumer_offsets-15, __consumer_offsets-24, __consumer_offsets-17, __consumer_offsets-48, bank_ai_answers-2, __consumer_offsets-19, __consumer_offsets-11, __consumer_offsets-2, __consumer_offsets-43, __consumer_offsets-6, __consumer_offsets-14, __consumer_offsets-20, __consumer_offsets-0, __consumer_offsets-44, ai_messages-0, __consumer_offsets-39, __consumer_offsets-12, __consumer_offsets-45, __consumer_offsets-1, __consumer_offsets-5, __consumer_offsets-26, __consumer_offsets-29, __consumer_offsets-34, __consumer_offsets-10, bank_ai_answers-0, __consumer_offsets-32, __consumer_offsets-40)
2026-04-20T14:00:48.381+03:00  INFO 92293 --- [Bank_System_test] [r-event-handler] k.server.ReplicaAlterLogDirsManager      : [ReplicaAlterLogDirsManager on broker 0] Removed fetcher for partitions HashSet(__consumer_offsets-30, __consumer_offsets-25, __consumer_offsets-37, __consumer_offsets-38, __consumer_offsets-13, __consumer_offsets-22, ai_messages-2, __consumer_offsets-8, __consumer_offsets-21, __consumer_offsets-4, __consumer_offsets-27, __consumer_offsets-7, __consumer_offsets-9, __consumer_offsets-46, bank_ai_answers-1, __consumer_offsets-35, __consumer_offsets-41, __consumer_offsets-33, __consumer_offsets-23, __consumer_offsets-49, __consumer_offsets-47, __consumer_offsets-16, __consumer_offsets-28, ai_messages-1, __consumer_offsets-31, __consumer_offsets-36, __consumer_offsets-42, __consumer_offsets-3, __consumer_offsets-18, __consumer_offsets-15, __consumer_offsets-24, __consumer_offsets-17, __consumer_offsets-48, bank_ai_answers-2, __consumer_offsets-19, __consumer_offsets-11, __consumer_offsets-2, __consumer_offsets-43, __consumer_offsets-6, __consumer_offsets-14, __consumer_offsets-20, __consumer_offsets-0, __consumer_offsets-44, ai_messages-0, __consumer_offsets-39, __consumer_offsets-12, __consumer_offsets-45, __consumer_offsets-1, __consumer_offsets-5, __consumer_offsets-26, __consumer_offsets-29, __consumer_offsets-34, __consumer_offsets-10, bank_ai_answers-0, __consumer_offsets-32, __consumer_offsets-40)
2026-04-20T14:00:48.384+03:00  INFO 92293 --- [Bank_System_test] [r-event-handler] state.change.logger                      : [Broker id=0] Stopped fetchers as part of controlled shutdown for 56 partitions
2026-04-20T14:00:48.384+03:00  INFO 92293 --- [Bank_System_test] [r-event-handler] o.a.k.c.c.runtime.CoordinatorRuntime     : [GroupCoordinator id=0] Scheduling unloading of metadata for __consumer_offsets-13 with epoch OptionalInt[1]
2026-04-20T14:00:48.385+03:00  INFO 92293 --- [Bank_System_test] [r-event-handler] o.a.k.c.c.runtime.CoordinatorRuntime     : [GroupCoordinator id=0] Scheduling unloading of metadata for __consumer_offsets-46 with epoch OptionalInt[1]
2026-04-20T14:00:48.385+03:00  INFO 92293 --- [Bank_System_test] [ent-processor-2] o.a.k.c.c.runtime.CoordinatorRuntime     : [GroupCoordinator id=0] Started unloading metadata for __consumer_offsets-13 with epoch OptionalInt[1].
2026-04-20T14:00:48.385+03:00  INFO 92293 --- [Bank_System_test] [r-event-handler] o.a.k.c.c.runtime.CoordinatorRuntime     : [GroupCoordinator id=0] Scheduling unloading of metadata for __consumer_offsets-9 with epoch OptionalInt[1]
2026-04-20T14:00:48.385+03:00  INFO 92293 --- [Bank_System_test] [ent-processor-1] o.a.k.c.c.runtime.CoordinatorRuntime     : [GroupCoordinator id=0] Started unloading metadata for __consumer_offsets-46 with epoch OptionalInt[1].
2026-04-20T14:00:48.385+03:00  INFO 92293 --- [Bank_System_test] [r-event-handler] o.a.k.c.c.runtime.CoordinatorRuntime     : [GroupCoordinator id=0] Scheduling unloading of metadata for __consumer_offsets-42 with epoch OptionalInt[1]
2026-04-20T14:00:48.385+03:00  INFO 92293 --- [Bank_System_test] [ent-processor-0] o.a.k.c.c.runtime.CoordinatorRuntime     : [GroupCoordinator id=0] Started unloading metadata for __consumer_offsets-9 with epoch OptionalInt[1].
2026-04-20T14:00:48.386+03:00  INFO 92293 --- [Bank_System_test] [r-event-handler] o.a.k.c.c.runtime.CoordinatorRuntime     : [GroupCoordinator id=0] Scheduling unloading of metadata for __consumer_offsets-21 with epoch OptionalInt[1]
2026-04-20T14:00:48.386+03:00  INFO 92293 --- [Bank_System_test] [r-event-handler] o.a.k.c.c.runtime.CoordinatorRuntime     : [GroupCoordinator id=0] Scheduling unloading of metadata for __consumer_offsets-17 with epoch OptionalInt[1]
2026-04-20T14:00:48.386+03:00  INFO 92293 --- [Bank_System_test] [r-event-handler] o.a.k.c.c.runtime.CoordinatorRuntime     : [GroupCoordinator id=0] Scheduling unloading of metadata for __consumer_offsets-30 with epoch OptionalInt[1]
2026-04-20T14:00:48.386+03:00  INFO 92293 --- [Bank_System_test] [r-event-handler] o.a.k.c.c.runtime.CoordinatorRuntime     : [GroupCoordinator id=0] Scheduling unloading of metadata for __consumer_offsets-26 with epoch OptionalInt[1]
2026-04-20T14:00:48.386+03:00  INFO 92293 --- [Bank_System_test] [r-event-handler] o.a.k.c.c.runtime.CoordinatorRuntime     : [GroupCoordinator id=0] Scheduling unloading of metadata for __consumer_offsets-5 with epoch OptionalInt[1]
2026-04-20T14:00:48.386+03:00  INFO 92293 --- [Bank_System_test] [r-event-handler] o.a.k.c.c.runtime.CoordinatorRuntime     : [GroupCoordinator id=0] Scheduling unloading of metadata for __consumer_offsets-38 with epoch OptionalInt[1]
2026-04-20T14:00:48.386+03:00  INFO 92293 --- [Bank_System_test] [r-event-handler] o.a.k.c.c.runtime.CoordinatorRuntime     : [GroupCoordinator id=0] Scheduling unloading of metadata for __consumer_offsets-1 with epoch OptionalInt[1]
2026-04-20T14:00:48.386+03:00  INFO 92293 --- [Bank_System_test] [ent-processor-2] o.a.k.c.c.runtime.CoordinatorRuntime     : [GroupCoordinator id=0] Finished unloading metadata for __consumer_offsets-13 with epoch OptionalInt[1].
2026-04-20T14:00:48.386+03:00  INFO 92293 --- [Bank_System_test] [r-event-handler] o.a.k.c.c.runtime.CoordinatorRuntime     : [GroupCoordinator id=0] Scheduling unloading of metadata for __consumer_offsets-34 with epoch OptionalInt[1]
2026-04-20T14:00:48.386+03:00  INFO 92293 --- [Bank_System_test] [ent-processor-0] o.a.k.c.c.runtime.CoordinatorRuntime     : [GroupCoordinator id=0] Finished unloading metadata for __consumer_offsets-9 with epoch OptionalInt[1].
2026-04-20T14:00:48.386+03:00  INFO 92293 --- [Bank_System_test] [r-event-handler] o.a.k.c.c.runtime.CoordinatorRuntime     : [GroupCoordinator id=0] Scheduling unloading of metadata for __consumer_offsets-16 with epoch OptionalInt[1]
2026-04-20T14:00:48.386+03:00  INFO 92293 --- [Bank_System_test] [ent-processor-2] o.a.k.c.c.runtime.CoordinatorRuntime     : [GroupCoordinator id=0] Started unloading metadata for __consumer_offsets-42 with epoch OptionalInt[1].
2026-04-20T14:00:48.386+03:00  INFO 92293 --- [Bank_System_test] [ent-processor-0] o.a.k.c.c.runtime.CoordinatorRuntime     : [GroupCoordinator id=0] Started unloading metadata for __consumer_offsets-21 with epoch OptionalInt[1].
2026-04-20T14:00:48.386+03:00  INFO 92293 --- [Bank_System_test] [ent-processor-2] o.a.k.c.c.runtime.CoordinatorRuntime     : [GroupCoordinator id=0] Finished unloading metadata for __consumer_offsets-42 with epoch OptionalInt[1].
2026-04-20T14:00:48.386+03:00  INFO 92293 --- [Bank_System_test] [ent-processor-0] o.a.k.c.c.runtime.CoordinatorRuntime     : [GroupCoordinator id=0] Finished unloading metadata for __consumer_offsets-21 with epoch OptionalInt[1].
2026-04-20T14:00:48.386+03:00  INFO 92293 --- [Bank_System_test] [ent-processor-2] o.a.k.c.c.runtime.CoordinatorRuntime     : [GroupCoordinator id=0] Started unloading metadata for __consumer_offsets-5 with epoch OptionalInt[1].
2026-04-20T14:00:48.386+03:00  INFO 92293 --- [Bank_System_test] [ent-processor-0] o.a.k.c.c.runtime.CoordinatorRuntime     : [GroupCoordinator id=0] Started unloading metadata for __consumer_offsets-16 with epoch OptionalInt[1].
2026-04-20T14:00:48.386+03:00  INFO 92293 --- [Bank_System_test] [ent-processor-2] o.a.k.c.c.runtime.CoordinatorRuntime     : [GroupCoordinator id=0] Finished unloading metadata for __consumer_offsets-5 with epoch OptionalInt[1].
2026-04-20T14:00:48.386+03:00  INFO 92293 --- [Bank_System_test] [ent-processor-0] o.a.k.c.c.runtime.CoordinatorRuntime     : [GroupCoordinator id=0] Finished unloading metadata for __consumer_offsets-16 with epoch OptionalInt[1].
2026-04-20T14:00:48.386+03:00  INFO 92293 --- [Bank_System_test] [ent-processor-2] o.a.k.c.c.runtime.CoordinatorRuntime     : [GroupCoordinator id=0] Started unloading metadata for __consumer_offsets-38 with epoch OptionalInt[1].
2026-04-20T14:00:48.386+03:00  INFO 92293 --- [Bank_System_test] [ent-processor-0] o.a.k.c.c.runtime.CoordinatorRuntime     : [GroupCoordinator id=0] Started unloading metadata for __consumer_offsets-17 with epoch OptionalInt[1].
2026-04-20T14:00:48.386+03:00  INFO 92293 --- [Bank_System_test] [ent-processor-2] o.a.k.c.c.runtime.CoordinatorRuntime     : [GroupCoordinator id=0] Finished unloading metadata for __consumer_offsets-38 with epoch OptionalInt[1].
2026-04-20T14:00:48.386+03:00  INFO 92293 --- [Bank_System_test] [ent-processor-0] o.a.k.c.c.runtime.CoordinatorRuntime     : [GroupCoordinator id=0] Finished unloading metadata for __consumer_offsets-17 with epoch OptionalInt[1].
2026-04-20T14:00:48.386+03:00  INFO 92293 --- [Bank_System_test] [ent-processor-0] o.a.k.c.c.runtime.CoordinatorRuntime     : [GroupCoordinator id=0] Started unloading metadata for __consumer_offsets-1 with epoch OptionalInt[1].
2026-04-20T14:00:48.386+03:00  INFO 92293 --- [Bank_System_test] [ent-processor-0] o.a.k.c.c.runtime.CoordinatorRuntime     : [GroupCoordinator id=0] Finished unloading metadata for __consumer_offsets-1 with epoch OptionalInt[1].
2026-04-20T14:00:48.386+03:00  INFO 92293 --- [Bank_System_test] [ent-processor-0] o.a.k.c.c.runtime.CoordinatorRuntime     : [GroupCoordinator id=0] Started unloading metadata for __consumer_offsets-26 with epoch OptionalInt[1].
2026-04-20T14:00:48.386+03:00  INFO 92293 --- [Bank_System_test] [ent-processor-1] o.a.k.c.c.runtime.CoordinatorRuntime     : [GroupCoordinator id=0] Finished unloading metadata for __consumer_offsets-46 with epoch OptionalInt[1].
2026-04-20T14:00:48.386+03:00  INFO 92293 --- [Bank_System_test] [ent-processor-0] o.a.k.c.c.runtime.CoordinatorRuntime     : [GroupCoordinator id=0] Finished unloading metadata for __consumer_offsets-26 with epoch OptionalInt[1].
2026-04-20T14:00:48.386+03:00  INFO 92293 --- [Bank_System_test] [ent-processor-1] o.a.k.c.c.runtime.CoordinatorRuntime     : [GroupCoordinator id=0] Started unloading metadata for __consumer_offsets-30 with epoch OptionalInt[1].
2026-04-20T14:00:48.386+03:00  INFO 92293 --- [Bank_System_test] [r-event-handler] o.a.k.c.c.runtime.CoordinatorRuntime     : [GroupCoordinator id=0] Scheduling unloading of metadata for __consumer_offsets-45 with epoch OptionalInt[1]
2026-04-20T14:00:48.386+03:00  INFO 92293 --- [Bank_System_test] [ent-processor-1] o.a.k.c.c.runtime.CoordinatorRuntime     : [GroupCoordinator id=0] Finished unloading metadata for __consumer_offsets-30 with epoch OptionalInt[1].
2026-04-20T14:00:48.386+03:00  INFO 92293 --- [Bank_System_test] [r-event-handler] o.a.k.c.c.runtime.CoordinatorRuntime     : [GroupCoordinator id=0] Scheduling unloading of metadata for __consumer_offsets-12 with epoch OptionalInt[1]
2026-04-20T14:00:48.386+03:00  INFO 92293 --- [Bank_System_test] [ent-processor-1] o.a.k.c.c.runtime.CoordinatorRuntime     : [GroupCoordinator id=0] Started unloading metadata for __consumer_offsets-45 with epoch OptionalInt[1].
2026-04-20T14:00:48.386+03:00  INFO 92293 --- [Bank_System_test] [r-event-handler] o.a.k.c.c.runtime.CoordinatorRuntime     : [GroupCoordinator id=0] Scheduling unloading of metadata for __consumer_offsets-41 with epoch OptionalInt[1]
2026-04-20T14:00:48.386+03:00  INFO 92293 --- [Bank_System_test] [ent-processor-1] o.a.k.c.c.runtime.CoordinatorRuntime     : [GroupCoordinator id=0] Finished unloading metadata for __consumer_offsets-45 with epoch OptionalInt[1].
2026-04-20T14:00:48.386+03:00  INFO 92293 --- [Bank_System_test] [r-event-handler] o.a.k.c.c.runtime.CoordinatorRuntime     : [GroupCoordinator id=0] Scheduling unloading of metadata for __consumer_offsets-24 with epoch OptionalInt[1]
2026-04-20T14:00:48.386+03:00  INFO 92293 --- [Bank_System_test] [ent-processor-1] o.a.k.c.c.runtime.CoordinatorRuntime     : [GroupCoordinator id=0] Started unloading metadata for __consumer_offsets-41 with epoch OptionalInt[1].
2026-04-20T14:00:48.386+03:00  INFO 92293 --- [Bank_System_test] [r-event-handler] o.a.k.c.c.runtime.CoordinatorRuntime     : [GroupCoordinator id=0] Scheduling unloading of metadata for __consumer_offsets-20 with epoch OptionalInt[1]
2026-04-20T14:00:48.386+03:00  INFO 92293 --- [Bank_System_test] [r-event-handler] o.a.k.c.c.runtime.CoordinatorRuntime     : [GroupCoordinator id=0] Scheduling unloading of metadata for __consumer_offsets-49 with epoch OptionalInt[1]
2026-04-20T14:00:48.386+03:00  INFO 92293 --- [Bank_System_test] [ent-processor-1] o.a.k.c.c.runtime.CoordinatorRuntime     : [GroupCoordinator id=0] Finished unloading metadata for __consumer_offsets-41 with epoch OptionalInt[1].
2026-04-20T14:00:48.386+03:00  INFO 92293 --- [Bank_System_test] [r-event-handler] o.a.k.c.c.runtime.CoordinatorRuntime     : [GroupCoordinator id=0] Scheduling unloading of metadata for __consumer_offsets-0 with epoch OptionalInt[1]
2026-04-20T14:00:48.386+03:00  INFO 92293 --- [Bank_System_test] [ent-processor-1] o.a.k.c.c.runtime.CoordinatorRuntime     : [GroupCoordinator id=0] Started unloading metadata for __consumer_offsets-12 with epoch OptionalInt[1].
2026-04-20T14:00:48.386+03:00  INFO 92293 --- [Bank_System_test] [r-event-handler] o.a.k.c.c.runtime.CoordinatorRuntime     : [GroupCoordinator id=0] Scheduling unloading of metadata for __consumer_offsets-29 with epoch OptionalInt[1]
2026-04-20T14:00:48.386+03:00  INFO 92293 --- [Bank_System_test] [r-event-handler] o.a.k.c.c.runtime.CoordinatorRuntime     : [GroupCoordinator id=0] Scheduling unloading of metadata for __consumer_offsets-25 with epoch OptionalInt[1]
2026-04-20T14:00:48.386+03:00  INFO 92293 --- [Bank_System_test] [ent-processor-1] o.a.k.c.c.runtime.CoordinatorRuntime     : [GroupCoordinator id=0] Finished unloading metadata for __consumer_offsets-12 with epoch OptionalInt[1].
2026-04-20T14:00:48.386+03:00  INFO 92293 --- [Bank_System_test] [r-event-handler] o.a.k.c.c.runtime.CoordinatorRuntime     : [GroupCoordinator id=0] Scheduling unloading of metadata for __consumer_offsets-8 with epoch OptionalInt[1]
2026-04-20T14:00:48.386+03:00  INFO 92293 --- [Bank_System_test] [ent-processor-1] o.a.k.c.c.runtime.CoordinatorRuntime     : [GroupCoordinator id=0] Started unloading metadata for __consumer_offsets-25 with epoch OptionalInt[1].
2026-04-20T14:00:48.386+03:00  INFO 92293 --- [Bank_System_test] [r-event-handler] o.a.k.c.c.runtime.CoordinatorRuntime     : [GroupCoordinator id=0] Scheduling unloading of metadata for __consumer_offsets-37 with epoch OptionalInt[1]
2026-04-20T14:00:48.386+03:00  INFO 92293 --- [Bank_System_test] [r-event-handler] o.a.k.c.c.runtime.CoordinatorRuntime     : [GroupCoordinator id=0] Scheduling unloading of metadata for __consumer_offsets-4 with epoch OptionalInt[1]
2026-04-20T14:00:48.386+03:00  INFO 92293 --- [Bank_System_test] [ent-processor-1] o.a.k.c.c.runtime.CoordinatorRuntime     : [GroupCoordinator id=0] Finished unloading metadata for __consumer_offsets-25 with epoch OptionalInt[1].
2026-04-20T14:00:48.386+03:00  INFO 92293 --- [Bank_System_test] [ent-processor-1] o.a.k.c.c.runtime.CoordinatorRuntime     : [GroupCoordinator id=0] Started unloading metadata for __consumer_offsets-49 with epoch OptionalInt[1].
2026-04-20T14:00:48.386+03:00  INFO 92293 --- [Bank_System_test] [ent-processor-1] o.a.k.c.c.runtime.CoordinatorRuntime     : [GroupCoordinator id=0] Finished unloading metadata for __consumer_offsets-49 with epoch OptionalInt[1].
2026-04-20T14:00:48.386+03:00  INFO 92293 --- [Bank_System_test] [ent-processor-1] o.a.k.c.c.runtime.CoordinatorRuntime     : [GroupCoordinator id=0] Started unloading metadata for __consumer_offsets-20 with epoch OptionalInt[1].
2026-04-20T14:00:48.387+03:00  INFO 92293 --- [Bank_System_test] [ent-processor-1] o.a.k.c.c.runtime.CoordinatorRuntime     : [GroupCoordinator id=0] Finished unloading metadata for __consumer_offsets-20 with epoch OptionalInt[1].
2026-04-20T14:00:48.387+03:00  INFO 92293 --- [Bank_System_test] [ent-processor-1] o.a.k.c.c.runtime.CoordinatorRuntime     : [GroupCoordinator id=0] Started unloading metadata for __consumer_offsets-24 with epoch OptionalInt[1].
2026-04-20T14:00:48.387+03:00  INFO 92293 --- [Bank_System_test] [ent-processor-1] o.a.k.c.c.runtime.CoordinatorRuntime     : [GroupCoordinator id=0] Finished unloading metadata for __consumer_offsets-24 with epoch OptionalInt[1].
2026-04-20T14:00:48.387+03:00  INFO 92293 --- [Bank_System_test] [ent-processor-1] o.a.k.c.c.runtime.CoordinatorRuntime     : [GroupCoordinator id=0] Started unloading metadata for __consumer_offsets-0 with epoch OptionalInt[1].
2026-04-20T14:00:48.387+03:00  INFO 92293 --- [Bank_System_test] [ent-processor-1] o.a.k.c.c.runtime.CoordinatorRuntime     : [GroupCoordinator id=0] Finished unloading metadata for __consumer_offsets-0 with epoch OptionalInt[1].
2026-04-20T14:00:48.387+03:00  INFO 92293 --- [Bank_System_test] [ent-processor-1] o.a.k.c.c.runtime.CoordinatorRuntime     : [GroupCoordinator id=0] Started unloading metadata for __consumer_offsets-8 with epoch OptionalInt[1].
2026-04-20T14:00:48.387+03:00  INFO 92293 --- [Bank_System_test] [ent-processor-1] o.a.k.c.c.runtime.CoordinatorRuntime     : [GroupCoordinator id=0] Finished unloading metadata for __consumer_offsets-8 with epoch OptionalInt[1].
2026-04-20T14:00:48.387+03:00  INFO 92293 --- [Bank_System_test] [ent-processor-1] o.a.k.c.c.runtime.CoordinatorRuntime     : [GroupCoordinator id=0] Started unloading metadata for __consumer_offsets-4 with epoch OptionalInt[1].
2026-04-20T14:00:48.387+03:00  INFO 92293 --- [Bank_System_test] [ent-processor-1] o.a.k.c.c.runtime.CoordinatorRuntime     : [GroupCoordinator id=0] Finished unloading metadata for __consumer_offsets-4 with epoch OptionalInt[1].
2026-04-20T14:00:48.387+03:00  INFO 92293 --- [Bank_System_test] [ent-processor-1] o.a.k.c.c.runtime.CoordinatorRuntime     : [GroupCoordinator id=0] Started unloading metadata for __consumer_offsets-29 with epoch OptionalInt[1].
2026-04-20T14:00:48.387+03:00  INFO 92293 --- [Bank_System_test] [ent-processor-1] o.a.k.c.c.runtime.CoordinatorRuntime     : [GroupCoordinator id=0] Finished unloading metadata for __consumer_offsets-29 with epoch OptionalInt[1].
2026-04-20T14:00:48.387+03:00  INFO 92293 --- [Bank_System_test] [ent-processor-1] o.a.k.c.c.runtime.CoordinatorRuntime     : [GroupCoordinator id=0] Started unloading metadata for __consumer_offsets-37 with epoch OptionalInt[1].
2026-04-20T14:00:48.387+03:00  INFO 92293 --- [Bank_System_test] [ent-processor-1] o.a.k.c.c.runtime.CoordinatorRuntime     : [GroupCoordinator id=0] Finished unloading metadata for __consumer_offsets-37 with epoch OptionalInt[1].
2026-04-20T14:00:48.386+03:00  INFO 92293 --- [Bank_System_test] [ent-processor-2] o.a.k.c.c.runtime.CoordinatorRuntime     : [GroupCoordinator id=0] Started unloading metadata for __consumer_offsets-34 with epoch OptionalInt[1].
2026-04-20T14:00:48.386+03:00  INFO 92293 --- [Bank_System_test] [r-event-handler] o.a.k.c.c.runtime.CoordinatorRuntime     : [GroupCoordinator id=0] Scheduling unloading of metadata for __consumer_offsets-33 with epoch OptionalInt[1]
2026-04-20T14:00:48.387+03:00  INFO 92293 --- [Bank_System_test] [ent-processor-2] o.a.k.c.c.runtime.CoordinatorRuntime     : [GroupCoordinator id=0] Finished unloading metadata for __consumer_offsets-34 with epoch OptionalInt[1].
2026-04-20T14:00:48.387+03:00  INFO 92293 --- [Bank_System_test] [r-event-handler] o.a.k.c.c.runtime.CoordinatorRuntime     : [GroupCoordinator id=0] Scheduling unloading of metadata for __consumer_offsets-15 with epoch OptionalInt[1]
2026-04-20T14:00:48.387+03:00  INFO 92293 --- [Bank_System_test] [ent-processor-3] o.a.k.c.c.runtime.CoordinatorRuntime     : [GroupCoordinator id=0] Started unloading metadata for __consumer_offsets-33 with epoch OptionalInt[1].
2026-04-20T14:00:48.387+03:00  INFO 92293 --- [Bank_System_test] [ent-processor-1] o.a.k.c.c.runtime.CoordinatorRuntime     : [GroupCoordinator id=0] Started unloading metadata for __consumer_offsets-15 with epoch OptionalInt[1].
2026-04-20T14:00:48.387+03:00  INFO 92293 --- [Bank_System_test] [r-event-handler] o.a.k.c.c.runtime.CoordinatorRuntime     : [GroupCoordinator id=0] Scheduling unloading of metadata for __consumer_offsets-48 with epoch OptionalInt[1]
2026-04-20T14:00:48.387+03:00  INFO 92293 --- [Bank_System_test] [ent-processor-0] o.a.k.c.c.runtime.CoordinatorRuntime     : [GroupCoordinator id=0] Started unloading metadata for __consumer_offsets-48 with epoch OptionalInt[1].
2026-04-20T14:00:48.387+03:00  INFO 92293 --- [Bank_System_test] [ent-processor-1] o.a.k.c.c.runtime.CoordinatorRuntime     : [GroupCoordinator id=0] Finished unloading metadata for __consumer_offsets-15 with epoch OptionalInt[1].
2026-04-20T14:00:48.387+03:00  INFO 92293 --- [Bank_System_test] [ent-processor-3] o.a.k.c.c.runtime.CoordinatorRuntime     : [GroupCoordinator id=0] Finished unloading metadata for __consumer_offsets-33 with epoch OptionalInt[1].
2026-04-20T14:00:48.387+03:00  INFO 92293 --- [Bank_System_test] [ent-processor-0] o.a.k.c.c.runtime.CoordinatorRuntime     : [GroupCoordinator id=0] Finished unloading metadata for __consumer_offsets-48 with epoch OptionalInt[1].
2026-04-20T14:00:48.387+03:00  INFO 92293 --- [Bank_System_test] [r-event-handler] o.a.k.c.c.runtime.CoordinatorRuntime     : [GroupCoordinator id=0] Scheduling unloading of metadata for __consumer_offsets-11 with epoch OptionalInt[1]
2026-04-20T14:00:48.387+03:00  INFO 92293 --- [Bank_System_test] [r-event-handler] o.a.k.c.c.runtime.CoordinatorRuntime     : [GroupCoordinator id=0] Scheduling unloading of metadata for __consumer_offsets-44 with epoch OptionalInt[1]
2026-04-20T14:00:48.387+03:00  INFO 92293 --- [Bank_System_test] [ent-processor-2] o.a.k.c.c.runtime.CoordinatorRuntime     : [GroupCoordinator id=0] Started unloading metadata for __consumer_offsets-11 with epoch OptionalInt[1].
2026-04-20T14:00:48.387+03:00  INFO 92293 --- [Bank_System_test] [r-event-handler] o.a.k.c.c.runtime.CoordinatorRuntime     : [GroupCoordinator id=0] Scheduling unloading of metadata for __consumer_offsets-23 with epoch OptionalInt[1]
2026-04-20T14:00:48.387+03:00  INFO 92293 --- [Bank_System_test] [ent-processor-1] o.a.k.c.c.runtime.CoordinatorRuntime     : [GroupCoordinator id=0] Started unloading metadata for __consumer_offsets-44 with epoch OptionalInt[1].
2026-04-20T14:00:48.387+03:00  INFO 92293 --- [Bank_System_test] [ent-processor-2] o.a.k.c.c.runtime.CoordinatorRuntime     : [GroupCoordinator id=0] Finished unloading metadata for __consumer_offsets-11 with epoch OptionalInt[1].
2026-04-20T14:00:48.387+03:00  INFO 92293 --- [Bank_System_test] [r-event-handler] o.a.k.c.c.runtime.CoordinatorRuntime     : [GroupCoordinator id=0] Scheduling unloading of metadata for __consumer_offsets-19 with epoch OptionalInt[1]
2026-04-20T14:00:48.387+03:00  INFO 92293 --- [Bank_System_test] [ent-processor-2] o.a.k.c.c.runtime.CoordinatorRuntime     : [GroupCoordinator id=0] Started unloading metadata for __consumer_offsets-23 with epoch OptionalInt[1].
2026-04-20T14:00:48.387+03:00  INFO 92293 --- [Bank_System_test] [r-event-handler] o.a.k.c.c.runtime.CoordinatorRuntime     : [GroupCoordinator id=0] Scheduling unloading of metadata for __consumer_offsets-32 with epoch OptionalInt[1]
2026-04-20T14:00:48.387+03:00  INFO 92293 --- [Bank_System_test] [ent-processor-2] o.a.k.c.c.runtime.CoordinatorRuntime     : [GroupCoordinator id=0] Finished unloading metadata for __consumer_offsets-23 with epoch OptionalInt[1].
2026-04-20T14:00:48.387+03:00  INFO 92293 --- [Bank_System_test] [r-event-handler] o.a.k.c.c.runtime.CoordinatorRuntime     : [GroupCoordinator id=0] Scheduling unloading of metadata for __consumer_offsets-28 with epoch OptionalInt[1]
2026-04-20T14:00:48.387+03:00  INFO 92293 --- [Bank_System_test] [ent-processor-3] o.a.k.c.c.runtime.CoordinatorRuntime     : [GroupCoordinator id=0] Started unloading metadata for __consumer_offsets-19 with epoch OptionalInt[1].
2026-04-20T14:00:48.387+03:00  INFO 92293 --- [Bank_System_test] [r-event-handler] o.a.k.c.c.runtime.CoordinatorRuntime     : [GroupCoordinator id=0] Scheduling unloading of metadata for __consumer_offsets-7 with epoch OptionalInt[1]
2026-04-20T14:00:48.387+03:00  INFO 92293 --- [Bank_System_test] [r-event-handler] o.a.k.c.c.runtime.CoordinatorRuntime     : [GroupCoordinator id=0] Scheduling unloading of metadata for __consumer_offsets-40 with epoch OptionalInt[1]
2026-04-20T14:00:48.387+03:00  INFO 92293 --- [Bank_System_test] [ent-processor-3] o.a.k.c.c.runtime.CoordinatorRuntime     : [GroupCoordinator id=0] Finished unloading metadata for __consumer_offsets-19 with epoch OptionalInt[1].
2026-04-20T14:00:48.387+03:00  INFO 92293 --- [Bank_System_test] [ent-processor-3] o.a.k.c.c.runtime.CoordinatorRuntime     : [GroupCoordinator id=0] Started unloading metadata for __consumer_offsets-28 with epoch OptionalInt[1].
2026-04-20T14:00:48.387+03:00  INFO 92293 --- [Bank_System_test] [ent-processor-0] o.a.k.c.c.runtime.CoordinatorRuntime     : [GroupCoordinator id=0] Started unloading metadata for __consumer_offsets-40 with epoch OptionalInt[1].
2026-04-20T14:00:48.387+03:00  INFO 92293 --- [Bank_System_test] [ent-processor-1] o.a.k.c.c.runtime.CoordinatorRuntime     : [GroupCoordinator id=0] Finished unloading metadata for __consumer_offsets-44 with epoch OptionalInt[1].
2026-04-20T14:00:48.388+03:00  INFO 92293 --- [Bank_System_test] [ent-processor-0] o.a.k.c.c.runtime.CoordinatorRuntime     : [GroupCoordinator id=0] Finished unloading metadata for __consumer_offsets-40 with epoch OptionalInt[1].
2026-04-20T14:00:48.387+03:00  INFO 92293 --- [Bank_System_test] [ent-processor-2] o.a.k.c.c.runtime.CoordinatorRuntime     : [GroupCoordinator id=0] Started unloading metadata for __consumer_offsets-32 with epoch OptionalInt[1].
2026-04-20T14:00:48.388+03:00  INFO 92293 --- [Bank_System_test] [ent-processor-1] o.a.k.c.c.runtime.CoordinatorRuntime     : [GroupCoordinator id=0] Started unloading metadata for __consumer_offsets-7 with epoch OptionalInt[1].
2026-04-20T14:00:48.387+03:00  INFO 92293 --- [Bank_System_test] [r-event-handler] o.a.k.c.c.runtime.CoordinatorRuntime     : [GroupCoordinator id=0] Scheduling unloading of metadata for __consumer_offsets-3 with epoch OptionalInt[1]
2026-04-20T14:00:48.388+03:00  INFO 92293 --- [Bank_System_test] [ent-processor-2] o.a.k.c.c.runtime.CoordinatorRuntime     : [GroupCoordinator id=0] Finished unloading metadata for __consumer_offsets-32 with epoch OptionalInt[1].
2026-04-20T14:00:48.388+03:00  INFO 92293 --- [Bank_System_test] [r-event-handler] o.a.k.c.c.runtime.CoordinatorRuntime     : [GroupCoordinator id=0] Scheduling unloading of metadata for __consumer_offsets-36 with epoch OptionalInt[1]
2026-04-20T14:00:48.388+03:00  INFO 92293 --- [Bank_System_test] [ent-processor-1] o.a.k.c.c.runtime.CoordinatorRuntime     : [GroupCoordinator id=0] Finished unloading metadata for __consumer_offsets-7 with epoch OptionalInt[1].
2026-04-20T14:00:48.388+03:00  INFO 92293 --- [Bank_System_test] [r-event-handler] o.a.k.c.c.runtime.CoordinatorRuntime     : [GroupCoordinator id=0] Scheduling unloading of metadata for __consumer_offsets-47 with epoch OptionalInt[1]
2026-04-20T14:00:48.388+03:00  INFO 92293 --- [Bank_System_test] [ent-processor-2] o.a.k.c.c.runtime.CoordinatorRuntime     : [GroupCoordinator id=0] Started unloading metadata for __consumer_offsets-3 with epoch OptionalInt[1].
2026-04-20T14:00:48.388+03:00  INFO 92293 --- [Bank_System_test] [ent-processor-3] o.a.k.c.c.runtime.CoordinatorRuntime     : [GroupCoordinator id=0] Finished unloading metadata for __consumer_offsets-28 with epoch OptionalInt[1].
2026-04-20T14:00:48.388+03:00  INFO 92293 --- [Bank_System_test] [ent-processor-1] o.a.k.c.c.runtime.CoordinatorRuntime     : [GroupCoordinator id=0] Started unloading metadata for __consumer_offsets-36 with epoch OptionalInt[1].
2026-04-20T14:00:48.388+03:00  INFO 92293 --- [Bank_System_test] [ent-processor-0] o.a.k.c.c.runtime.CoordinatorRuntime     : [GroupCoordinator id=0] Started unloading metadata for __consumer_offsets-47 with epoch OptionalInt[1].
2026-04-20T14:00:48.388+03:00  INFO 92293 --- [Bank_System_test] [ent-processor-2] o.a.k.c.c.runtime.CoordinatorRuntime     : [GroupCoordinator id=0] Finished unloading metadata for __consumer_offsets-3 with epoch OptionalInt[1].
2026-04-20T14:00:48.388+03:00  INFO 92293 --- [Bank_System_test] [ent-processor-0] o.a.k.c.c.runtime.CoordinatorRuntime     : [GroupCoordinator id=0] Finished unloading metadata for __consumer_offsets-47 with epoch OptionalInt[1].
2026-04-20T14:00:48.388+03:00  INFO 92293 --- [Bank_System_test] [r-event-handler] o.a.k.c.c.runtime.CoordinatorRuntime     : [GroupCoordinator id=0] Scheduling unloading of metadata for __consumer_offsets-14 with epoch OptionalInt[1]
2026-04-20T14:00:48.388+03:00  INFO 92293 --- [Bank_System_test] [ent-processor-1] o.a.k.c.c.runtime.CoordinatorRuntime     : [GroupCoordinator id=0] Finished unloading metadata for __consumer_offsets-36 with epoch OptionalInt[1].
2026-04-20T14:00:48.388+03:00  INFO 92293 --- [Bank_System_test] [ent-processor-3] o.a.k.c.c.runtime.CoordinatorRuntime     : [GroupCoordinator id=0] Started unloading metadata for __consumer_offsets-14 with epoch OptionalInt[1].
2026-04-20T14:00:48.388+03:00  INFO 92293 --- [Bank_System_test] [ent-processor-3] o.a.k.c.c.runtime.CoordinatorRuntime     : [GroupCoordinator id=0] Finished unloading metadata for __consumer_offsets-14 with epoch OptionalInt[1].
2026-04-20T14:00:48.388+03:00  INFO 92293 --- [Bank_System_test] [r-event-handler] o.a.k.c.c.runtime.CoordinatorRuntime     : [GroupCoordinator id=0] Scheduling unloading of metadata for __consumer_offsets-43 with epoch OptionalInt[1]
2026-04-20T14:00:48.388+03:00  INFO 92293 --- [Bank_System_test] [r-event-handler] o.a.k.c.c.runtime.CoordinatorRuntime     : [GroupCoordinator id=0] Scheduling unloading of metadata for __consumer_offsets-10 with epoch OptionalInt[1]
2026-04-20T14:00:48.388+03:00  INFO 92293 --- [Bank_System_test] [r-event-handler] o.a.k.c.c.runtime.CoordinatorRuntime     : [GroupCoordinator id=0] Scheduling unloading of metadata for __consumer_offsets-22 with epoch OptionalInt[1]
2026-04-20T14:00:48.388+03:00  INFO 92293 --- [Bank_System_test] [r-event-handler] o.a.k.c.c.runtime.CoordinatorRuntime     : [GroupCoordinator id=0] Scheduling unloading of metadata for __consumer_offsets-18 with epoch OptionalInt[1]
2026-04-20T14:00:48.388+03:00  INFO 92293 --- [Bank_System_test] [r-event-handler] o.a.k.c.c.runtime.CoordinatorRuntime     : [GroupCoordinator id=0] Scheduling unloading of metadata for __consumer_offsets-31 with epoch OptionalInt[1]
2026-04-20T14:00:48.388+03:00  INFO 92293 --- [Bank_System_test] [r-event-handler] o.a.k.c.c.runtime.CoordinatorRuntime     : [GroupCoordinator id=0] Scheduling unloading of metadata for __consumer_offsets-27 with epoch OptionalInt[1]
2026-04-20T14:00:48.388+03:00  INFO 92293 --- [Bank_System_test] [r-event-handler] o.a.k.c.c.runtime.CoordinatorRuntime     : [GroupCoordinator id=0] Scheduling unloading of metadata for __consumer_offsets-39 with epoch OptionalInt[1]
2026-04-20T14:00:48.388+03:00  INFO 92293 --- [Bank_System_test] [ent-processor-2] o.a.k.c.c.runtime.CoordinatorRuntime     : [GroupCoordinator id=0] Started unloading metadata for __consumer_offsets-22 with epoch OptionalInt[1].
2026-04-20T14:00:48.388+03:00  INFO 92293 --- [Bank_System_test] [r-event-handler] o.a.k.c.c.runtime.CoordinatorRuntime     : [GroupCoordinator id=0] Scheduling unloading of metadata for __consumer_offsets-6 with epoch OptionalInt[1]
2026-04-20T14:00:48.388+03:00  INFO 92293 --- [Bank_System_test] [r-event-handler] o.a.k.c.c.runtime.CoordinatorRuntime     : [GroupCoordinator id=0] Scheduling unloading of metadata for __consumer_offsets-35 with epoch OptionalInt[1]
2026-04-20T14:00:48.388+03:00  INFO 92293 --- [Bank_System_test] [ent-processor-2] o.a.k.c.c.runtime.CoordinatorRuntime     : [GroupCoordinator id=0] Finished unloading metadata for __consumer_offsets-22 with epoch OptionalInt[1].
2026-04-20T14:00:48.388+03:00  INFO 92293 --- [Bank_System_test] [r-event-handler] o.a.k.c.c.runtime.CoordinatorRuntime     : [GroupCoordinator id=0] Scheduling unloading of metadata for __consumer_offsets-2 with epoch OptionalInt[1]
2026-04-20T14:00:48.388+03:00  INFO 92293 --- [Bank_System_test] [ent-processor-2] o.a.k.c.c.runtime.CoordinatorRuntime     : [GroupCoordinator id=0] Started unloading metadata for __consumer_offsets-39 with epoch OptionalInt[1].
2026-04-20T14:00:48.388+03:00  INFO 92293 --- [Bank_System_test] [ent-processor-0] o.a.k.c.c.runtime.CoordinatorRuntime     : [GroupCoordinator id=0] Started unloading metadata for __consumer_offsets-43 with epoch OptionalInt[1].
2026-04-20T14:00:48.388+03:00  INFO 92293 --- [Bank_System_test] [ent-processor-2] o.a.k.c.c.runtime.CoordinatorRuntime     : [GroupCoordinator id=0] Finished unloading metadata for __consumer_offsets-39 with epoch OptionalInt[1].
2026-04-20T14:00:48.388+03:00  INFO 92293 --- [Bank_System_test] [ent-processor-1] o.a.k.c.c.runtime.CoordinatorRuntime     : [GroupCoordinator id=0] Started unloading metadata for __consumer_offsets-35 with epoch OptionalInt[1].
2026-04-20T14:00:48.388+03:00  INFO 92293 --- [Bank_System_test] [ent-processor-3] o.a.k.c.c.runtime.CoordinatorRuntime     : [GroupCoordinator id=0] Started unloading metadata for __consumer_offsets-27 with epoch OptionalInt[1].
2026-04-20T14:00:48.388+03:00  INFO 92293 --- [Bank_System_test] [ent-processor-2] o.a.k.c.c.runtime.CoordinatorRuntime     : [GroupCoordinator id=0] Started unloading metadata for __consumer_offsets-18 with epoch OptionalInt[1].
2026-04-20T14:00:48.388+03:00  INFO 92293 --- [Bank_System_test] [ent-processor-3] o.a.k.c.c.runtime.CoordinatorRuntime     : [GroupCoordinator id=0] Finished unloading metadata for __consumer_offsets-27 with epoch OptionalInt[1].
2026-04-20T14:00:48.388+03:00  INFO 92293 --- [Bank_System_test] [ent-processor-2] o.a.k.c.c.runtime.CoordinatorRuntime     : [GroupCoordinator id=0] Finished unloading metadata for __consumer_offsets-18 with epoch OptionalInt[1].
2026-04-20T14:00:48.388+03:00  INFO 92293 --- [Bank_System_test] [ent-processor-1] o.a.k.c.group.GroupMetadataManager       : [GroupCoordinator id=0 topic=__consumer_offsets partition=35] [GroupId=bank_response_group_test] Unloading group metadata for generation 2.
2026-04-20T14:00:48.388+03:00  INFO 92293 --- [Bank_System_test] [ent-processor-3] o.a.k.c.c.runtime.CoordinatorRuntime     : [GroupCoordinator id=0] Started unloading metadata for __consumer_offsets-31 with epoch OptionalInt[1].
2026-04-20T14:00:48.388+03:00  INFO 92293 --- [Bank_System_test] [ent-processor-2] o.a.k.c.c.runtime.CoordinatorRuntime     : [GroupCoordinator id=0] Started unloading metadata for __consumer_offsets-10 with epoch OptionalInt[1].
2026-04-20T14:00:48.388+03:00  INFO 92293 --- [Bank_System_test] [ent-processor-1] o.a.k.c.c.runtime.CoordinatorRuntime     : [GroupCoordinator id=0] Finished unloading metadata for __consumer_offsets-35 with epoch OptionalInt[1].
2026-04-20T14:00:48.388+03:00  INFO 92293 --- [Bank_System_test] [ent-processor-2] o.a.k.c.c.runtime.CoordinatorRuntime     : [GroupCoordinator id=0] Finished unloading metadata for __consumer_offsets-10 with epoch OptionalInt[1].
2026-04-20T14:00:48.388+03:00  INFO 92293 --- [Bank_System_test] [ent-processor-1] o.a.k.c.c.runtime.CoordinatorRuntime     : [GroupCoordinator id=0] Started unloading metadata for __consumer_offsets-6 with epoch OptionalInt[1].
2026-04-20T14:00:48.388+03:00  INFO 92293 --- [Bank_System_test] [ent-processor-1] o.a.k.c.c.runtime.CoordinatorRuntime     : [GroupCoordinator id=0] Finished unloading metadata for __consumer_offsets-6 with epoch OptionalInt[1].
2026-04-20T14:00:48.389+03:00  INFO 92293 --- [Bank_System_test] [ent-processor-2] o.a.k.c.c.runtime.CoordinatorRuntime     : [GroupCoordinator id=0] Started unloading metadata for __consumer_offsets-2 with epoch OptionalInt[1].
2026-04-20T14:00:48.389+03:00  INFO 92293 --- [Bank_System_test] [ent-processor-2] o.a.k.c.c.runtime.CoordinatorRuntime     : [GroupCoordinator id=0] Finished unloading metadata for __consumer_offsets-2 with epoch OptionalInt[1].
2026-04-20T14:00:48.388+03:00  INFO 92293 --- [Bank_System_test] [ent-processor-0] o.a.k.c.c.runtime.CoordinatorRuntime     : [GroupCoordinator id=0] Finished unloading metadata for __consumer_offsets-43 with epoch OptionalInt[1].
2026-04-20T14:00:48.388+03:00  INFO 92293 --- [Bank_System_test] [ent-processor-3] o.a.k.c.c.runtime.CoordinatorRuntime     : [GroupCoordinator id=0] Finished unloading metadata for __consumer_offsets-31 with epoch OptionalInt[1].
2026-04-20T14:00:48.419+03:00  INFO 92293 --- [Bank_System_test] [0-event-handler] o.a.k.controller.BrokerHeartbeatManager  : [QuorumController id=0] The request from broker 0 to shut down has been granted since the lowest active offset 9223372036854775807 is now greater than the broker's controlled shutdown offset 176.
2026-04-20T14:00:48.419+03:00  INFO 92293 --- [Bank_System_test] [0-event-handler] o.a.k.controller.ClusterControlManager   : [QuorumController id=0] Replayed BrokerRegistrationChangeRecord modifying the registration for broker 0: BrokerRegistrationChangeRecord(brokerId=0, brokerEpoch=11, fenced=1, inControlledShutdown=0, logDirs=[])
2026-04-20T14:00:48.446+03:00  INFO 92293 --- [Bank_System_test] [r-event-handler] kafka.server.BrokerLifecycleManager      : [BrokerLifecycleManager id=0] The controller has asked us to exit controlled shutdown.
2026-04-20T14:00:48.446+03:00  INFO 92293 --- [Bank_System_test] [r-event-handler] org.apache.kafka.queue.KafkaEventQueue   : [BrokerLifecycleManager id=0] beginShutdown: shutting down event queue.
2026-04-20T14:00:48.446+03:00  INFO 92293 --- [Bank_System_test] [r-event-handler] kafka.server.BrokerLifecycleManager      : [BrokerLifecycleManager id=0] Transitioning from PENDING_CONTROLLED_SHUTDOWN to SHUTTING_DOWN.
2026-04-20T14:00:48.446+03:00  INFO 92293 --- [Bank_System_test] [r-event-handler] k.server.NodeToControllerRequestThread   : [broker-0-to-controller-heartbeat-channel-manager]: Shutting down
2026-04-20T14:00:48.447+03:00  INFO 92293 --- [Bank_System_test] [r-event-handler] k.server.NodeToControllerRequestThread   : [broker-0-to-controller-heartbeat-channel-manager]: Shutdown completed
2026-04-20T14:00:48.447+03:00  INFO 92293 --- [Bank_System_test] [channel-manager] k.server.NodeToControllerRequestThread   : [broker-0-to-controller-heartbeat-channel-manager]: Stopped
2026-04-20T14:00:48.447+03:00  INFO 92293 --- [Bank_System_test] [ster-test-kit-2] kafka.network.SocketServer               : [SocketServer listenerType=BROKER, nodeId=0] Stopping socket server request processors
2026-04-20T14:00:48.451+03:00  INFO 92293 --- [Bank_System_test] [r-event-handler] k.s.NodeToControllerChannelManagerImpl   : Node to controller channel manager for heartbeat shutdown
2026-04-20T14:00:48.453+03:00  INFO 92293 --- [Bank_System_test] [ster-test-kit-2] kafka.network.SocketServer               : [SocketServer listenerType=BROKER, nodeId=0] Stopped socket server request processors
2026-04-20T14:00:48.454+03:00  INFO 92293 --- [Bank_System_test] [ster-test-kit-2] kafka.server.KafkaRequestHandlerPool     : [data-plane Kafka Request Handler on Broker 0] shutting down
2026-04-20T14:00:48.455+03:00  INFO 92293 --- [Bank_System_test] [ster-test-kit-2] kafka.server.KafkaRequestHandlerPool     : [data-plane Kafka Request Handler on Broker 0] shut down completely
2026-04-20T14:00:48.455+03:00  INFO 92293 --- [Bank_System_test] [ster-test-kit-2] perationPurgatory$ExpiredOperationReaper : [ExpirationReaper-0-AlterAcls]: Shutting down
2026-04-20T14:00:48.456+03:00  INFO 92293 --- [Bank_System_test] [ster-test-kit-2] perationPurgatory$ExpiredOperationReaper : [ExpirationReaper-0-AlterAcls]: Shutdown completed
2026-04-20T14:00:48.456+03:00  INFO 92293 --- [Bank_System_test] [per-0-AlterAcls] perationPurgatory$ExpiredOperationReaper : [ExpirationReaper-0-AlterAcls]: Stopped
2026-04-20T14:00:48.457+03:00  INFO 92293 --- [Bank_System_test] [ster-test-kit-2] kafka.server.KafkaApis                   : [KafkaApi-0] Shutdown complete.
2026-04-20T14:00:48.459+03:00  INFO 92293 --- [Bank_System_test] [ster-test-kit-2] k.c.transaction.TransactionCoordinator   : [TransactionCoordinator id=0] Shutting down.
2026-04-20T14:00:48.459+03:00  INFO 92293 --- [Bank_System_test] [ster-test-kit-2] k.c.transaction.TransactionStateManager  : [Transaction State Manager 0]: Shutdown complete
2026-04-20T14:00:48.459+03:00  INFO 92293 --- [Bank_System_test] [ster-test-kit-2] k.c.t.TransactionMarkerChannelManager    : [TxnMarkerSenderThread-0]: Shutting down
2026-04-20T14:00:48.459+03:00  INFO 92293 --- [Bank_System_test] [ster-test-kit-2] k.c.t.TransactionMarkerChannelManager    : [TxnMarkerSenderThread-0]: Shutdown completed
2026-04-20T14:00:48.459+03:00  INFO 92293 --- [Bank_System_test] [rSenderThread-0] k.c.t.TransactionMarkerChannelManager    : [TxnMarkerSenderThread-0]: Stopped
2026-04-20T14:00:48.461+03:00  INFO 92293 --- [Bank_System_test] [ster-test-kit-2] k.c.transaction.TransactionCoordinator   : [TransactionCoordinator id=0] Shutdown complete.
2026-04-20T14:00:48.461+03:00  INFO 92293 --- [Bank_System_test] [ster-test-kit-2] o.a.k.c.group.GroupCoordinatorService    : [GroupCoordinator id=0] Shutting down.
2026-04-20T14:00:48.461+03:00  INFO 92293 --- [Bank_System_test] [ster-test-kit-2] o.a.k.c.c.runtime.CoordinatorRuntime     : [GroupCoordinator id=0] Closing coordinator runtime.
2026-04-20T14:00:48.461+03:00  INFO 92293 --- [Bank_System_test] [ster-test-kit-2] o.a.k.s.u.t.SystemTimerReaper$Reaper     : [group-coordinator-reaper]: Shutting down
2026-04-20T14:00:48.461+03:00  INFO 92293 --- [Bank_System_test] [ster-test-kit-2] o.a.k.s.u.t.SystemTimerReaper$Reaper     : [group-coordinator-reaper]: Shutdown completed
2026-04-20T14:00:48.461+03:00  INFO 92293 --- [Bank_System_test] [rdinator-reaper] o.a.k.s.u.t.SystemTimerReaper$Reaper     : [group-coordinator-reaper]: Stopped
2026-04-20T14:00:48.462+03:00  INFO 92293 --- [Bank_System_test] [ster-test-kit-2] o.a.k.c.c.r.MultiThreadedEventProcessor  : [GroupCoordinator id=0] Shutting down event processor.
2026-04-20T14:00:48.462+03:00  INFO 92293 --- [Bank_System_test] [ent-processor-3] eadedEventProcessor$EventProcessorThread : [group-coordinator-event-processor-3]: Shutting down. Draining the remaining events.
2026-04-20T14:00:48.462+03:00  INFO 92293 --- [Bank_System_test] [ent-processor-0] eadedEventProcessor$EventProcessorThread : [group-coordinator-event-processor-0]: Shutting down. Draining the remaining events.
2026-04-20T14:00:48.462+03:00  INFO 92293 --- [Bank_System_test] [ent-processor-3] eadedEventProcessor$EventProcessorThread : [group-coordinator-event-processor-3]: Shutdown completed
2026-04-20T14:00:48.462+03:00  INFO 92293 --- [Bank_System_test] [ent-processor-0] eadedEventProcessor$EventProcessorThread : [group-coordinator-event-processor-0]: Shutdown completed
2026-04-20T14:00:48.462+03:00  INFO 92293 --- [Bank_System_test] [ent-processor-1] eadedEventProcessor$EventProcessorThread : [group-coordinator-event-processor-1]: Shutting down. Draining the remaining events.
2026-04-20T14:00:48.462+03:00  INFO 92293 --- [Bank_System_test] [ent-processor-1] eadedEventProcessor$EventProcessorThread : [group-coordinator-event-processor-1]: Shutdown completed
2026-04-20T14:00:48.465+03:00  INFO 92293 --- [Bank_System_test] [ent-processor-2] eadedEventProcessor$EventProcessorThread : [group-coordinator-event-processor-2]: Shutting down. Draining the remaining events.
2026-04-20T14:00:48.465+03:00  INFO 92293 --- [Bank_System_test] [ent-processor-2] eadedEventProcessor$EventProcessorThread : [group-coordinator-event-processor-2]: Shutdown completed
2026-04-20T14:00:48.465+03:00  INFO 92293 --- [Bank_System_test] [ster-test-kit-2] o.a.k.c.c.r.MultiThreadedEventProcessor  : [GroupCoordinator id=0] Event processor closed.
2026-04-20T14:00:48.466+03:00  INFO 92293 --- [Bank_System_test] [ster-test-kit-2] o.a.k.c.c.runtime.CoordinatorRuntime     : [GroupCoordinator id=0] Coordinator runtime closed.
2026-04-20T14:00:48.467+03:00  INFO 92293 --- [Bank_System_test] [ster-test-kit-2] o.a.k.c.group.GroupCoordinatorService    : [GroupCoordinator id=0] Shutdown complete.
2026-04-20T14:00:48.467+03:00  INFO 92293 --- [Bank_System_test] [ster-test-kit-2] o.a.k.c.share.ShareCoordinatorService    : [ShareCoordinator id=0] Shutting down.
2026-04-20T14:00:48.468+03:00  INFO 92293 --- [Bank_System_test] [ster-test-kit-2] o.a.k.c.c.runtime.CoordinatorRuntime     : [ShareCoordinator id=0] Closing coordinator runtime.
2026-04-20T14:00:48.468+03:00  INFO 92293 --- [Bank_System_test] [ster-test-kit-2] o.a.k.s.u.t.SystemTimerReaper$Reaper     : [share-coordinator-reaper]: Shutting down
2026-04-20T14:00:48.468+03:00  INFO 92293 --- [Bank_System_test] [ster-test-kit-2] o.a.k.s.u.t.SystemTimerReaper$Reaper     : [share-coordinator-reaper]: Shutdown completed
2026-04-20T14:00:48.468+03:00  INFO 92293 --- [Bank_System_test] [rdinator-reaper] o.a.k.s.u.t.SystemTimerReaper$Reaper     : [share-coordinator-reaper]: Stopped
2026-04-20T14:00:48.468+03:00  INFO 92293 --- [Bank_System_test] [ster-test-kit-2] o.a.k.c.c.r.MultiThreadedEventProcessor  : [ShareCoordinator id=0] Shutting down event processor.
2026-04-20T14:00:48.469+03:00  INFO 92293 --- [Bank_System_test] [ent-processor-0] eadedEventProcessor$EventProcessorThread : [share-coordinator-event-processor-0]: Shutting down. Draining the remaining events.
2026-04-20T14:00:48.469+03:00  INFO 92293 --- [Bank_System_test] [ent-processor-0] eadedEventProcessor$EventProcessorThread : [share-coordinator-event-processor-0]: Shutdown completed
2026-04-20T14:00:48.469+03:00  INFO 92293 --- [Bank_System_test] [ster-test-kit-2] o.a.k.c.c.r.MultiThreadedEventProcessor  : [ShareCoordinator id=0] Event processor closed.
2026-04-20T14:00:48.469+03:00  INFO 92293 --- [Bank_System_test] [ster-test-kit-2] o.a.k.c.c.runtime.CoordinatorRuntime     : [ShareCoordinator id=0] Coordinator runtime closed.
2026-04-20T14:00:48.470+03:00  INFO 92293 --- [Bank_System_test] [ster-test-kit-2] o.a.k.c.share.ShareCoordinatorService    : [ShareCoordinator id=0] Shutdown complete.
2026-04-20T14:00:48.470+03:00  INFO 92293 --- [Bank_System_test] [ster-test-kit-2] org.apache.kafka.queue.KafkaEventQueue   : [AssignmentsManager id=0]KafkaEventQueue#close: shutting down event queue.
2026-04-20T14:00:48.470+03:00  INFO 92293 --- [Bank_System_test] [r-event-handler] o.a.kafka.server.AssignmentsManager      : [AssignmentsManager id=0] shutting down.
2026-04-20T14:00:48.470+03:00  INFO 92293 --- [Bank_System_test] [r-event-handler] k.server.NodeToControllerRequestThread   : [broker-0-to-controller-directory-assignments-channel-manager]: Shutting down
2026-04-20T14:00:48.470+03:00  INFO 92293 --- [Bank_System_test] [r-event-handler] k.server.NodeToControllerRequestThread   : [broker-0-to-controller-directory-assignments-channel-manager]: Shutdown completed
2026-04-20T14:00:48.470+03:00  INFO 92293 --- [Bank_System_test] [channel-manager] k.server.NodeToControllerRequestThread   : [broker-0-to-controller-directory-assignments-channel-manager]: Stopped
2026-04-20T14:00:48.471+03:00  INFO 92293 --- [Bank_System_test] [r-event-handler] k.s.NodeToControllerChannelManagerImpl   : Node to controller channel manager for directory-assignments shutdown
2026-04-20T14:00:48.471+03:00  INFO 92293 --- [Bank_System_test] [ster-test-kit-2] org.apache.kafka.queue.KafkaEventQueue   : [AssignmentsManager id=0]closed event queue.
2026-04-20T14:00:48.471+03:00  INFO 92293 --- [Bank_System_test] [ster-test-kit-2] kafka.server.ReplicaManager              : [ReplicaManager broker=0] Shutting down
2026-04-20T14:00:48.472+03:00  INFO 92293 --- [Bank_System_test] [ster-test-kit-2] k.s.ReplicaManager$LogDirFailureHandler  : [LogDirFailureHandler]: Shutting down
2026-04-20T14:00:48.472+03:00  INFO 92293 --- [Bank_System_test] [ster-test-kit-2] k.s.ReplicaManager$LogDirFailureHandler  : [LogDirFailureHandler]: Shutdown completed
2026-04-20T14:00:48.472+03:00  INFO 92293 --- [Bank_System_test] [rFailureHandler] k.s.ReplicaManager$LogDirFailureHandler  : [LogDirFailureHandler]: Stopped
2026-04-20T14:00:48.472+03:00  INFO 92293 --- [Bank_System_test] [ster-test-kit-2] kafka.server.ReplicaFetcherManager       : [ReplicaFetcherManager on broker 0] shutting down
2026-04-20T14:00:48.473+03:00  INFO 92293 --- [Bank_System_test] [ster-test-kit-2] kafka.server.ReplicaFetcherManager       : [ReplicaFetcherManager on broker 0] shutdown completed
2026-04-20T14:00:48.473+03:00  INFO 92293 --- [Bank_System_test] [ster-test-kit-2] k.server.ReplicaAlterLogDirsManager      : [ReplicaAlterLogDirsManager on broker 0] shutting down
2026-04-20T14:00:48.474+03:00  INFO 92293 --- [Bank_System_test] [ster-test-kit-2] k.server.ReplicaAlterLogDirsManager      : [ReplicaAlterLogDirsManager on broker 0] shutdown completed
2026-04-20T14:00:48.474+03:00  INFO 92293 --- [Bank_System_test] [ster-test-kit-2] perationPurgatory$ExpiredOperationReaper : [ExpirationReaper-0-Fetch]: Shutting down
2026-04-20T14:00:48.474+03:00  INFO 92293 --- [Bank_System_test] [ster-test-kit-2] perationPurgatory$ExpiredOperationReaper : [ExpirationReaper-0-Fetch]: Shutdown completed
2026-04-20T14:00:48.474+03:00  INFO 92293 --- [Bank_System_test] [nReaper-0-Fetch] perationPurgatory$ExpiredOperationReaper : [ExpirationReaper-0-Fetch]: Stopped
2026-04-20T14:00:48.474+03:00  INFO 92293 --- [Bank_System_test] [ster-test-kit-2] perationPurgatory$ExpiredOperationReaper : [ExpirationReaper-0-RemoteFetch]: Shutting down
2026-04-20T14:00:48.474+03:00  INFO 92293 --- [Bank_System_test] [ster-test-kit-2] perationPurgatory$ExpiredOperationReaper : [ExpirationReaper-0-RemoteFetch]: Shutdown completed
2026-04-20T14:00:48.474+03:00  INFO 92293 --- [Bank_System_test] [r-0-RemoteFetch] perationPurgatory$ExpiredOperationReaper : [ExpirationReaper-0-RemoteFetch]: Stopped
2026-04-20T14:00:48.474+03:00  INFO 92293 --- [Bank_System_test] [ster-test-kit-2] perationPurgatory$ExpiredOperationReaper : [ExpirationReaper-0-RemoteListOffsets]: Shutting down
2026-04-20T14:00:48.475+03:00  INFO 92293 --- [Bank_System_test] [ster-test-kit-2] perationPurgatory$ExpiredOperationReaper : [ExpirationReaper-0-RemoteListOffsets]: Shutdown completed
2026-04-20T14:00:48.475+03:00  INFO 92293 --- [Bank_System_test] [moteListOffsets] perationPurgatory$ExpiredOperationReaper : [ExpirationReaper-0-RemoteListOffsets]: Stopped
2026-04-20T14:00:48.475+03:00  INFO 92293 --- [Bank_System_test] [ster-test-kit-2] perationPurgatory$ExpiredOperationReaper : [ExpirationReaper-0-Produce]: Shutting down
2026-04-20T14:00:48.475+03:00  INFO 92293 --- [Bank_System_test] [ster-test-kit-2] perationPurgatory$ExpiredOperationReaper : [ExpirationReaper-0-Produce]: Shutdown completed
2026-04-20T14:00:48.475+03:00  INFO 92293 --- [Bank_System_test] [eaper-0-Produce] perationPurgatory$ExpiredOperationReaper : [ExpirationReaper-0-Produce]: Stopped
2026-04-20T14:00:48.475+03:00  INFO 92293 --- [Bank_System_test] [ster-test-kit-2] perationPurgatory$ExpiredOperationReaper : [ExpirationReaper-0-DeleteRecords]: Shutting down
2026-04-20T14:00:48.475+03:00  INFO 92293 --- [Bank_System_test] [ster-test-kit-2] perationPurgatory$ExpiredOperationReaper : [ExpirationReaper-0-DeleteRecords]: Shutdown completed
2026-04-20T14:00:48.475+03:00  INFO 92293 --- [Bank_System_test] [0-DeleteRecords] perationPurgatory$ExpiredOperationReaper : [ExpirationReaper-0-DeleteRecords]: Stopped
2026-04-20T14:00:48.475+03:00  INFO 92293 --- [Bank_System_test] [ster-test-kit-2] perationPurgatory$ExpiredOperationReaper : [ExpirationReaper-0-ShareFetch]: Shutting down
2026-04-20T14:00:48.476+03:00  INFO 92293 --- [Bank_System_test] [ster-test-kit-2] perationPurgatory$ExpiredOperationReaper : [ExpirationReaper-0-ShareFetch]: Shutdown completed
2026-04-20T14:00:48.476+03:00  INFO 92293 --- [Bank_System_test] [er-0-ShareFetch] perationPurgatory$ExpiredOperationReaper : [ExpirationReaper-0-ShareFetch]: Stopped
2026-04-20T14:00:48.476+03:00 ERROR 92293 --- [Bank_System_test] [ster-test-kit-2] o.a.k.s.i.log.LogDirFailureChannel       : Error while writing to checkpoint file /tmp/kafka-5476936579246561756/combined_0_0/replication-offset-checkpoint

java.io.FileNotFoundException: /tmp/kafka-5476936579246561756/combined_0_0/replication-offset-checkpoint.tmp (No such file or directory)
	at java.base/java.io.FileOutputStream.open0(Native Method) ~[na:na]
	at java.base/java.io.FileOutputStream.open(FileOutputStream.java:289) ~[na:na]
	at java.base/java.io.FileOutputStream.<init>(FileOutputStream.java:230) ~[na:na]
	at java.base/java.io.FileOutputStream.<init>(FileOutputStream.java:179) ~[na:na]
	at org.apache.kafka.server.common.CheckpointFile.write(CheckpointFile.java:77) ~[kafka-server-common-4.1.1.jar:na]
	at org.apache.kafka.storage.internals.checkpoint.CheckpointFileWithFailureHandler.write(CheckpointFileWithFailureHandler.java:53) ~[kafka-storage-4.1.1.jar:na]
	at org.apache.kafka.storage.internals.checkpoint.OffsetCheckpointFile.write(OffsetCheckpointFile.java:61) ~[kafka-storage-4.1.1.jar:na]
	at kafka.server.ReplicaManager.$anonfun$checkpointHighWatermarks$7(ReplicaManager.scala:2520) ~[kafka_2.13-4.1.1.jar:na]
	at kafka.server.ReplicaManager.$anonfun$checkpointHighWatermarks$7$adapted(ReplicaManager.scala:2520) ~[kafka_2.13-4.1.1.jar:na]
	at scala.Option.foreach(Option.scala:437) ~[scala-library-2.13.16.jar:na]
	at kafka.server.ReplicaManager.$anonfun$checkpointHighWatermarks$6(ReplicaManager.scala:2520) ~[kafka_2.13-4.1.1.jar:na]
	at kafka.server.ReplicaManager.$anonfun$checkpointHighWatermarks$6$adapted(ReplicaManager.scala:2519) ~[kafka_2.13-4.1.1.jar:na]
	at scala.collection.IterableOnceOps.foreach(IterableOnce.scala:619) ~[scala-library-2.13.16.jar:na]
	at scala.collection.IterableOnceOps.foreach$(IterableOnce.scala:617) ~[scala-library-2.13.16.jar:na]
	at scala.collection.AbstractIterable.foreach(Iterable.scala:935) ~[scala-library-2.13.16.jar:na]
	at scala.collection.IterableOps$WithFilter.foreach(Iterable.scala:905) ~[scala-library-2.13.16.jar:na]
	at kafka.server.ReplicaManager.checkpointHighWatermarks(ReplicaManager.scala:2519) ~[kafka_2.13-4.1.1.jar:na]
	at kafka.server.ReplicaManager.shutdown(ReplicaManager.scala:2614) ~[kafka_2.13-4.1.1.jar:na]
	at kafka.server.BrokerServer.$anonfun$shutdown$16(BrokerServer.scala:795) ~[kafka_2.13-4.1.1.jar:na]
	at kafka.utils.CoreUtils$.swallow(CoreUtils.scala:63) ~[kafka_2.13-4.1.1.jar:na]
	at kafka.server.BrokerServer.shutdown(BrokerServer.scala:795) ~[kafka_2.13-4.1.1.jar:na]
	at kafka.server.KafkaBroker.shutdown(KafkaBroker.scala:101) ~[kafka_2.13-4.1.1.jar:na]
	at kafka.server.KafkaBroker.shutdown$(KafkaBroker.scala:101) ~[kafka_2.13-4.1.1.jar:na]
	at kafka.server.BrokerServer.shutdown(BrokerServer.scala:76) ~[kafka_2.13-4.1.1.jar:na]
	at java.base/java.util.concurrent.Executors$RunnableAdapter.call(Executors.java:572) ~[na:na]
	at java.base/java.util.concurrent.FutureTask.run(FutureTask.java:317) ~[na:na]
	at java.base/java.util.concurrent.ThreadPoolExecutor.runWorker(ThreadPoolExecutor.java:1144) ~[na:na]
	at java.base/java.util.concurrent.ThreadPoolExecutor$Worker.run(ThreadPoolExecutor.java:642) ~[na:na]
	at java.base/java.lang.Thread.run(Thread.java:1583) ~[na:na]

2026-04-20T14:00:48.480+03:00 ERROR 92293 --- [Bank_System_test] [ster-test-kit-2] kafka.server.ReplicaManager              : [ReplicaManager broker=0] Error while writing to highwatermark file in directory /tmp/kafka-5476936579246561756/combined_0_0

org.apache.kafka.common.errors.KafkaStorageException: Error while writing to checkpoint file /tmp/kafka-5476936579246561756/combined_0_0/replication-offset-checkpoint
Caused by: java.io.FileNotFoundException: /tmp/kafka-5476936579246561756/combined_0_0/replication-offset-checkpoint.tmp (No such file or directory)
	at java.base/java.io.FileOutputStream.open0(Native Method) ~[na:na]
	at java.base/java.io.FileOutputStream.open(FileOutputStream.java:289) ~[na:na]
	at java.base/java.io.FileOutputStream.<init>(FileOutputStream.java:230) ~[na:na]
	at java.base/java.io.FileOutputStream.<init>(FileOutputStream.java:179) ~[na:na]
	at org.apache.kafka.server.common.CheckpointFile.write(CheckpointFile.java:77) ~[kafka-server-common-4.1.1.jar:na]
	at org.apache.kafka.storage.internals.checkpoint.CheckpointFileWithFailureHandler.write(CheckpointFileWithFailureHandler.java:53) ~[kafka-storage-4.1.1.jar:na]
	at org.apache.kafka.storage.internals.checkpoint.OffsetCheckpointFile.write(OffsetCheckpointFile.java:61) ~[kafka-storage-4.1.1.jar:na]
	at kafka.server.ReplicaManager.$anonfun$checkpointHighWatermarks$7(ReplicaManager.scala:2520) ~[kafka_2.13-4.1.1.jar:na]
	at kafka.server.ReplicaManager.$anonfun$checkpointHighWatermarks$7$adapted(ReplicaManager.scala:2520) ~[kafka_2.13-4.1.1.jar:na]
	at scala.Option.foreach(Option.scala:437) ~[scala-library-2.13.16.jar:na]
	at kafka.server.ReplicaManager.$anonfun$checkpointHighWatermarks$6(ReplicaManager.scala:2520) ~[kafka_2.13-4.1.1.jar:na]
	at kafka.server.ReplicaManager.$anonfun$checkpointHighWatermarks$6$adapted(ReplicaManager.scala:2519) ~[kafka_2.13-4.1.1.jar:na]
	at scala.collection.IterableOnceOps.foreach(IterableOnce.scala:619) ~[scala-library-2.13.16.jar:na]
	at scala.collection.IterableOnceOps.foreach$(IterableOnce.scala:617) ~[scala-library-2.13.16.jar:na]
	at scala.collection.AbstractIterable.foreach(Iterable.scala:935) ~[scala-library-2.13.16.jar:na]
	at scala.collection.IterableOps$WithFilter.foreach(Iterable.scala:905) ~[scala-library-2.13.16.jar:na]
	at kafka.server.ReplicaManager.checkpointHighWatermarks(ReplicaManager.scala:2519) ~[kafka_2.13-4.1.1.jar:na]
	at kafka.server.ReplicaManager.shutdown(ReplicaManager.scala:2614) ~[kafka_2.13-4.1.1.jar:na]
	at kafka.server.BrokerServer.$anonfun$shutdown$16(BrokerServer.scala:795) ~[kafka_2.13-4.1.1.jar:na]
	at kafka.utils.CoreUtils$.swallow(CoreUtils.scala:63) ~[kafka_2.13-4.1.1.jar:na]
	at kafka.server.BrokerServer.shutdown(BrokerServer.scala:795) ~[kafka_2.13-4.1.1.jar:na]
	at kafka.server.KafkaBroker.shutdown(KafkaBroker.scala:101) ~[kafka_2.13-4.1.1.jar:na]
	at kafka.server.KafkaBroker.shutdown$(KafkaBroker.scala:101) ~[kafka_2.13-4.1.1.jar:na]
	at kafka.server.BrokerServer.shutdown(BrokerServer.scala:76) ~[kafka_2.13-4.1.1.jar:na]
	at java.base/java.util.concurrent.Executors$RunnableAdapter.call(Executors.java:572) ~[na:na]
	at java.base/java.util.concurrent.FutureTask.run(FutureTask.java:317) ~[na:na]
	at java.base/java.util.concurrent.ThreadPoolExecutor.runWorker(ThreadPoolExecutor.java:1144) ~[na:na]
	at java.base/java.util.concurrent.ThreadPoolExecutor$Worker.run(ThreadPoolExecutor.java:642) ~[na:na]
	at java.base/java.lang.Thread.run(Thread.java:1583) ~[na:na]

2026-04-20T14:00:48.482+03:00  INFO 92293 --- [Bank_System_test] [ster-test-kit-2] o.a.k.s.t.AddPartitionsToTxnManager      : [AddPartitionsToTxnSenderThread-0]: Shutting down
2026-04-20T14:00:48.482+03:00  INFO 92293 --- [Bank_System_test] [nSenderThread-0] o.a.k.s.t.AddPartitionsToTxnManager      : [AddPartitionsToTxnSenderThread-0]: Stopped
2026-04-20T14:00:48.482+03:00  INFO 92293 --- [Bank_System_test] [ster-test-kit-2] o.a.k.s.t.AddPartitionsToTxnManager      : [AddPartitionsToTxnSenderThread-0]: Shutdown completed
2026-04-20T14:00:48.483+03:00  INFO 92293 --- [Bank_System_test] [ster-test-kit-2] kafka.server.ReplicaManager              : [ReplicaManager broker=0] Shut down completely
2026-04-20T14:00:48.483+03:00  INFO 92293 --- [Bank_System_test] [ster-test-kit-2] k.server.NodeToControllerRequestThread   : [broker-0-to-controller-alter-partition-channel-manager]: Shutting down
2026-04-20T14:00:48.483+03:00  INFO 92293 --- [Bank_System_test] [ster-test-kit-2] k.server.NodeToControllerRequestThread   : [broker-0-to-controller-alter-partition-channel-manager]: Shutdown completed
2026-04-20T14:00:48.483+03:00  INFO 92293 --- [Bank_System_test] [channel-manager] k.server.NodeToControllerRequestThread   : [broker-0-to-controller-alter-partition-channel-manager]: Stopped
2026-04-20T14:00:48.483+03:00  INFO 92293 --- [Bank_System_test] [ster-test-kit-2] k.s.NodeToControllerChannelManagerImpl   : Node to controller channel manager for alter-partition shutdown
2026-04-20T14:00:48.484+03:00  INFO 92293 --- [Bank_System_test] [ster-test-kit-2] k.server.NodeToControllerRequestThread   : [broker-0-to-controller-forwarding-channel-manager]: Shutting down
2026-04-20T14:00:48.484+03:00  INFO 92293 --- [Bank_System_test] [channel-manager] k.server.NodeToControllerRequestThread   : [broker-0-to-controller-forwarding-channel-manager]: Stopped
2026-04-20T14:00:48.484+03:00  INFO 92293 --- [Bank_System_test] [ster-test-kit-2] k.server.NodeToControllerRequestThread   : [broker-0-to-controller-forwarding-channel-manager]: Shutdown completed
2026-04-20T14:00:48.484+03:00  INFO 92293 --- [Bank_System_test] [ster-test-kit-2] k.s.NodeToControllerChannelManagerImpl   : Node to controller channel manager for forwarding shutdown
2026-04-20T14:00:48.486+03:00  INFO 92293 --- [Bank_System_test] [ster-test-kit-2] kafka.log.LogManager                     : Shutting down.
2026-04-20T14:00:48.487+03:00  INFO 92293 --- [Bank_System_test] [ster-test-kit-2] o.a.k.storage.internals.log.LogCleaner   : Shutting down the log cleaner.
2026-04-20T14:00:48.487+03:00  INFO 92293 --- [Bank_System_test] [ster-test-kit-2] o.a.k.s.i.log.LogCleaner$CleanerThread   : [kafka-log-cleaner-thread-0]: Shutting down
2026-04-20T14:00:48.488+03:00  INFO 92293 --- [Bank_System_test] [leaner-thread-0] o.a.k.s.i.log.LogCleaner$CleanerThread   : [kafka-log-cleaner-thread-0]: Stopped
2026-04-20T14:00:48.488+03:00  INFO 92293 --- [Bank_System_test] [ster-test-kit-2] o.a.k.s.i.log.LogCleaner$CleanerThread   : [kafka-log-cleaner-thread-0]: Shutdown completed
2026-04-20T14:00:48.494+03:00  WARN 92293 --- [Bank_System_test] [ster-test-kit-2] kafka.log.LogManager                     : There was an error in one of the threads during LogManager shutdown: org.apache.kafka.common.errors.KafkaStorageException: The log dir /tmp/kafka-5476936579246561756/combined_0_0 is already offline due to a previous IO exception.
2026-04-20T14:00:48.494+03:00  WARN 92293 --- [Bank_System_test] [ster-test-kit-2] kafka.log.LogManager                     : There was an error in one of the threads during LogManager shutdown: org.apache.kafka.common.errors.KafkaStorageException: The log dir /tmp/kafka-5476936579246561756/combined_0_0 is already offline due to a previous IO exception.
2026-04-20T14:00:48.494+03:00  WARN 92293 --- [Bank_System_test] [ster-test-kit-2] kafka.log.LogManager                     : There was an error in one of the threads during LogManager shutdown: org.apache.kafka.common.errors.KafkaStorageException: The log dir /tmp/kafka-5476936579246561756/combined_0_0 is already offline due to a previous IO exception.
2026-04-20T14:00:48.494+03:00  WARN 92293 --- [Bank_System_test] [ster-test-kit-2] kafka.log.LogManager                     : There was an error in one of the threads during LogManager shutdown: org.apache.kafka.common.errors.KafkaStorageException: The log dir /tmp/kafka-5476936579246561756/combined_0_0 is already offline due to a previous IO exception.
2026-04-20T14:00:48.494+03:00  WARN 92293 --- [Bank_System_test] [ster-test-kit-2] kafka.log.LogManager                     : There was an error in one of the threads during LogManager shutdown: org.apache.kafka.common.errors.KafkaStorageException: The log dir /tmp/kafka-5476936579246561756/combined_0_0 is already offline due to a previous IO exception.
2026-04-20T14:00:48.494+03:00  WARN 92293 --- [Bank_System_test] [ster-test-kit-2] kafka.log.LogManager                     : There was an error in one of the threads during LogManager shutdown: org.apache.kafka.common.errors.KafkaStorageException: The log dir /tmp/kafka-5476936579246561756/combined_0_0 is already offline due to a previous IO exception.
2026-04-20T14:00:48.494+03:00  WARN 92293 --- [Bank_System_test] [ster-test-kit-2] kafka.log.LogManager                     : There was an error in one of the threads during LogManager shutdown: org.apache.kafka.common.errors.KafkaStorageException: The log dir /tmp/kafka-5476936579246561756/combined_0_0 is already offline due to a previous IO exception.
2026-04-20T14:00:48.494+03:00  WARN 92293 --- [Bank_System_test] [ster-test-kit-2] kafka.log.LogManager                     : There was an error in one of the threads during LogManager shutdown: org.apache.kafka.common.errors.KafkaStorageException: The log dir /tmp/kafka-5476936579246561756/combined_0_0 is already offline due to a previous IO exception.
2026-04-20T14:00:48.494+03:00  WARN 92293 --- [Bank_System_test] [ster-test-kit-2] kafka.log.LogManager                     : There was an error in one of the threads during LogManager shutdown: org.apache.kafka.common.errors.KafkaStorageException: The log dir /tmp/kafka-5476936579246561756/combined_0_0 is already offline due to a previous IO exception.
2026-04-20T14:00:48.494+03:00  WARN 92293 --- [Bank_System_test] [ster-test-kit-2] kafka.log.LogManager                     : There was an error in one of the threads during LogManager shutdown: org.apache.kafka.common.errors.KafkaStorageException: The log dir /tmp/kafka-5476936579246561756/combined_0_0 is already offline due to a previous IO exception.
2026-04-20T14:00:48.494+03:00  WARN 92293 --- [Bank_System_test] [ster-test-kit-2] kafka.log.LogManager                     : There was an error in one of the threads during LogManager shutdown: org.apache.kafka.common.errors.KafkaStorageException: The log dir /tmp/kafka-5476936579246561756/combined_0_0 is already offline due to a previous IO exception.
2026-04-20T14:00:48.494+03:00  WARN 92293 --- [Bank_System_test] [ster-test-kit-2] kafka.log.LogManager                     : There was an error in one of the threads during LogManager shutdown: org.apache.kafka.common.errors.KafkaStorageException: The log dir /tmp/kafka-5476936579246561756/combined_0_0 is already offline due to a previous IO exception.
2026-04-20T14:00:48.495+03:00  WARN 92293 --- [Bank_System_test] [ster-test-kit-2] kafka.log.LogManager                     : There was an error in one of the threads during LogManager shutdown: org.apache.kafka.common.errors.KafkaStorageException: The log dir /tmp/kafka-5476936579246561756/combined_0_0 is already offline due to a previous IO exception.
2026-04-20T14:00:48.495+03:00  WARN 92293 --- [Bank_System_test] [ster-test-kit-2] kafka.log.LogManager                     : There was an error in one of the threads during LogManager shutdown: org.apache.kafka.common.errors.KafkaStorageException: The log dir /tmp/kafka-5476936579246561756/combined_0_0 is already offline due to a previous IO exception.
2026-04-20T14:00:48.495+03:00  WARN 92293 --- [Bank_System_test] [ster-test-kit-2] kafka.log.LogManager                     : There was an error in one of the threads during LogManager shutdown: org.apache.kafka.common.errors.KafkaStorageException: The log dir /tmp/kafka-5476936579246561756/combined_0_0 is already offline due to a previous IO exception.
2026-04-20T14:00:48.495+03:00  WARN 92293 --- [Bank_System_test] [ster-test-kit-2] kafka.log.LogManager                     : There was an error in one of the threads during LogManager shutdown: org.apache.kafka.common.errors.KafkaStorageException: The log dir /tmp/kafka-5476936579246561756/combined_0_0 is already offline due to a previous IO exception.
2026-04-20T14:00:48.495+03:00  WARN 92293 --- [Bank_System_test] [ster-test-kit-2] kafka.log.LogManager                     : There was an error in one of the threads during LogManager shutdown: org.apache.kafka.common.errors.KafkaStorageException: The log dir /tmp/kafka-5476936579246561756/combined_0_0 is already offline due to a previous IO exception.
2026-04-20T14:00:48.495+03:00  WARN 92293 --- [Bank_System_test] [ster-test-kit-2] kafka.log.LogManager                     : There was an error in one of the threads during LogManager shutdown: org.apache.kafka.common.errors.KafkaStorageException: The log dir /tmp/kafka-5476936579246561756/combined_0_0 is already offline due to a previous IO exception.
2026-04-20T14:00:48.495+03:00  WARN 92293 --- [Bank_System_test] [ster-test-kit-2] kafka.log.LogManager                     : There was an error in one of the threads during LogManager shutdown: org.apache.kafka.common.errors.KafkaStorageException: The log dir /tmp/kafka-5476936579246561756/combined_0_0 is already offline due to a previous IO exception.
2026-04-20T14:00:48.495+03:00  WARN 92293 --- [Bank_System_test] [ster-test-kit-2] kafka.log.LogManager                     : There was an error in one of the threads during LogManager shutdown: org.apache.kafka.common.errors.KafkaStorageException: The log dir /tmp/kafka-5476936579246561756/combined_0_0 is already offline due to a previous IO exception.
2026-04-20T14:00:48.495+03:00  WARN 92293 --- [Bank_System_test] [ster-test-kit-2] kafka.log.LogManager                     : There was an error in one of the threads during LogManager shutdown: org.apache.kafka.common.errors.KafkaStorageException: The log dir /tmp/kafka-5476936579246561756/combined_0_0 is already offline due to a previous IO exception.
2026-04-20T14:00:48.495+03:00  WARN 92293 --- [Bank_System_test] [ster-test-kit-2] kafka.log.LogManager                     : There was an error in one of the threads during LogManager shutdown: org.apache.kafka.common.errors.KafkaStorageException: The log dir /tmp/kafka-5476936579246561756/combined_0_0 is already offline due to a previous IO exception.
2026-04-20T14:00:48.495+03:00  WARN 92293 --- [Bank_System_test] [ster-test-kit-2] kafka.log.LogManager                     : There was an error in one of the threads during LogManager shutdown: org.apache.kafka.common.errors.KafkaStorageException: The log dir /tmp/kafka-5476936579246561756/combined_0_0 is already offline due to a previous IO exception.
2026-04-20T14:00:48.495+03:00  WARN 92293 --- [Bank_System_test] [ster-test-kit-2] kafka.log.LogManager                     : There was an error in one of the threads during LogManager shutdown: org.apache.kafka.common.errors.KafkaStorageException: The log dir /tmp/kafka-5476936579246561756/combined_0_0 is already offline due to a previous IO exception.
2026-04-20T14:00:48.495+03:00  WARN 92293 --- [Bank_System_test] [ster-test-kit-2] kafka.log.LogManager                     : There was an error in one of the threads during LogManager shutdown: org.apache.kafka.common.errors.KafkaStorageException: The log dir /tmp/kafka-5476936579246561756/combined_0_0 is already offline due to a previous IO exception.
2026-04-20T14:00:48.495+03:00  WARN 92293 --- [Bank_System_test] [ster-test-kit-2] kafka.log.LogManager                     : There was an error in one of the threads during LogManager shutdown: org.apache.kafka.common.errors.KafkaStorageException: The log dir /tmp/kafka-5476936579246561756/combined_0_0 is already offline due to a previous IO exception.
2026-04-20T14:00:48.495+03:00  WARN 92293 --- [Bank_System_test] [ster-test-kit-2] kafka.log.LogManager                     : There was an error in one of the threads during LogManager shutdown: org.apache.kafka.common.errors.KafkaStorageException: The log dir /tmp/kafka-5476936579246561756/combined_0_0 is already offline due to a previous IO exception.
2026-04-20T14:00:48.495+03:00  WARN 92293 --- [Bank_System_test] [ster-test-kit-2] kafka.log.LogManager                     : There was an error in one of the threads during LogManager shutdown: org.apache.kafka.common.errors.KafkaStorageException: The log dir /tmp/kafka-5476936579246561756/combined_0_0 is already offline due to a previous IO exception.
2026-04-20T14:00:48.495+03:00  WARN 92293 --- [Bank_System_test] [ster-test-kit-2] kafka.log.LogManager                     : There was an error in one of the threads during LogManager shutdown: org.apache.kafka.common.errors.KafkaStorageException: The log dir /tmp/kafka-5476936579246561756/combined_0_0 is already offline due to a previous IO exception.
2026-04-20T14:00:48.495+03:00  WARN 92293 --- [Bank_System_test] [ster-test-kit-2] kafka.log.LogManager                     : There was an error in one of the threads during LogManager shutdown: org.apache.kafka.common.errors.KafkaStorageException: The log dir /tmp/kafka-5476936579246561756/combined_0_0 is already offline due to a previous IO exception.
2026-04-20T14:00:48.495+03:00  WARN 92293 --- [Bank_System_test] [ster-test-kit-2] kafka.log.LogManager                     : There was an error in one of the threads during LogManager shutdown: org.apache.kafka.common.errors.KafkaStorageException: The log dir /tmp/kafka-5476936579246561756/combined_0_0 is already offline due to a previous IO exception.
2026-04-20T14:00:48.495+03:00  WARN 92293 --- [Bank_System_test] [ster-test-kit-2] kafka.log.LogManager                     : There was an error in one of the threads during LogManager shutdown: org.apache.kafka.common.errors.KafkaStorageException: The log dir /tmp/kafka-5476936579246561756/combined_0_0 is already offline due to a previous IO exception.
2026-04-20T14:00:48.495+03:00  WARN 92293 --- [Bank_System_test] [ster-test-kit-2] kafka.log.LogManager                     : There was an error in one of the threads during LogManager shutdown: org.apache.kafka.common.errors.KafkaStorageException: The log dir /tmp/kafka-5476936579246561756/combined_0_0 is already offline due to a previous IO exception.
2026-04-20T14:00:48.495+03:00  WARN 92293 --- [Bank_System_test] [ster-test-kit-2] kafka.log.LogManager                     : There was an error in one of the threads during LogManager shutdown: org.apache.kafka.common.errors.KafkaStorageException: The log dir /tmp/kafka-5476936579246561756/combined_0_0 is already offline due to a previous IO exception.
2026-04-20T14:00:48.495+03:00  WARN 92293 --- [Bank_System_test] [ster-test-kit-2] kafka.log.LogManager                     : There was an error in one of the threads during LogManager shutdown: org.apache.kafka.common.errors.KafkaStorageException: The log dir /tmp/kafka-5476936579246561756/combined_0_0 is already offline due to a previous IO exception.
2026-04-20T14:00:48.495+03:00  WARN 92293 --- [Bank_System_test] [ster-test-kit-2] kafka.log.LogManager                     : There was an error in one of the threads during LogManager shutdown: org.apache.kafka.common.errors.KafkaStorageException: The log dir /tmp/kafka-5476936579246561756/combined_0_0 is already offline due to a previous IO exception.
2026-04-20T14:00:48.495+03:00  WARN 92293 --- [Bank_System_test] [ster-test-kit-2] kafka.log.LogManager                     : There was an error in one of the threads during LogManager shutdown: org.apache.kafka.common.errors.KafkaStorageException: The log dir /tmp/kafka-5476936579246561756/combined_0_0 is already offline due to a previous IO exception.
2026-04-20T14:00:48.495+03:00  WARN 92293 --- [Bank_System_test] [ster-test-kit-2] kafka.log.LogManager                     : There was an error in one of the threads during LogManager shutdown: org.apache.kafka.common.errors.KafkaStorageException: The log dir /tmp/kafka-5476936579246561756/combined_0_0 is already offline due to a previous IO exception.
2026-04-20T14:00:48.495+03:00  WARN 92293 --- [Bank_System_test] [ster-test-kit-2] kafka.log.LogManager                     : There was an error in one of the threads during LogManager shutdown: org.apache.kafka.common.errors.KafkaStorageException: The log dir /tmp/kafka-5476936579246561756/combined_0_0 is already offline due to a previous IO exception.
2026-04-20T14:00:48.495+03:00  WARN 92293 --- [Bank_System_test] [ster-test-kit-2] kafka.log.LogManager                     : There was an error in one of the threads during LogManager shutdown: org.apache.kafka.common.errors.KafkaStorageException: The log dir /tmp/kafka-5476936579246561756/combined_0_0 is already offline due to a previous IO exception.
2026-04-20T14:00:48.495+03:00  WARN 92293 --- [Bank_System_test] [ster-test-kit-2] kafka.log.LogManager                     : There was an error in one of the threads during LogManager shutdown: org.apache.kafka.common.errors.KafkaStorageException: The log dir /tmp/kafka-5476936579246561756/combined_0_0 is already offline due to a previous IO exception.
2026-04-20T14:00:48.495+03:00  WARN 92293 --- [Bank_System_test] [ster-test-kit-2] kafka.log.LogManager                     : There was an error in one of the threads during LogManager shutdown: org.apache.kafka.common.errors.KafkaStorageException: The log dir /tmp/kafka-5476936579246561756/combined_0_0 is already offline due to a previous IO exception.
2026-04-20T14:00:48.495+03:00  WARN 92293 --- [Bank_System_test] [ster-test-kit-2] kafka.log.LogManager                     : There was an error in one of the threads during LogManager shutdown: org.apache.kafka.common.errors.KafkaStorageException: The log dir /tmp/kafka-5476936579246561756/combined_0_0 is already offline due to a previous IO exception.
2026-04-20T14:00:48.495+03:00  WARN 92293 --- [Bank_System_test] [ster-test-kit-2] kafka.log.LogManager                     : There was an error in one of the threads during LogManager shutdown: org.apache.kafka.common.errors.KafkaStorageException: The log dir /tmp/kafka-5476936579246561756/combined_0_0 is already offline due to a previous IO exception.
2026-04-20T14:00:48.495+03:00  WARN 92293 --- [Bank_System_test] [ster-test-kit-2] kafka.log.LogManager                     : There was an error in one of the threads during LogManager shutdown: org.apache.kafka.common.errors.KafkaStorageException: The log dir /tmp/kafka-5476936579246561756/combined_0_0 is already offline due to a previous IO exception.
2026-04-20T14:00:48.495+03:00  WARN 92293 --- [Bank_System_test] [ster-test-kit-2] kafka.log.LogManager                     : There was an error in one of the threads during LogManager shutdown: org.apache.kafka.common.errors.KafkaStorageException: The log dir /tmp/kafka-5476936579246561756/combined_0_0 is already offline due to a previous IO exception.
2026-04-20T14:00:48.495+03:00  WARN 92293 --- [Bank_System_test] [ster-test-kit-2] kafka.log.LogManager                     : There was an error in one of the threads during LogManager shutdown: org.apache.kafka.common.errors.KafkaStorageException: The log dir /tmp/kafka-5476936579246561756/combined_0_0 is already offline due to a previous IO exception.
2026-04-20T14:00:48.495+03:00  WARN 92293 --- [Bank_System_test] [ster-test-kit-2] kafka.log.LogManager                     : There was an error in one of the threads during LogManager shutdown: org.apache.kafka.common.errors.KafkaStorageException: The log dir /tmp/kafka-5476936579246561756/combined_0_0 is already offline due to a previous IO exception.
2026-04-20T14:00:48.495+03:00  WARN 92293 --- [Bank_System_test] [ster-test-kit-2] kafka.log.LogManager                     : There was an error in one of the threads during LogManager shutdown: org.apache.kafka.common.errors.KafkaStorageException: The log dir /tmp/kafka-5476936579246561756/combined_0_0 is already offline due to a previous IO exception.
2026-04-20T14:00:48.496+03:00  WARN 92293 --- [Bank_System_test] [ster-test-kit-2] kafka.log.LogManager                     : There was an error in one of the threads during LogManager shutdown: org.apache.kafka.common.errors.KafkaStorageException: The log dir /tmp/kafka-5476936579246561756/combined_0_0 is already offline due to a previous IO exception.
2026-04-20T14:00:48.496+03:00  WARN 92293 --- [Bank_System_test] [ster-test-kit-2] kafka.log.LogManager                     : There was an error in one of the threads during LogManager shutdown: org.apache.kafka.common.errors.KafkaStorageException: The log dir /tmp/kafka-5476936579246561756/combined_0_0 is already offline due to a previous IO exception.
2026-04-20T14:00:48.496+03:00  WARN 92293 --- [Bank_System_test] [ster-test-kit-2] kafka.log.LogManager                     : There was an error in one of the threads during LogManager shutdown: org.apache.kafka.common.errors.KafkaStorageException: The log dir /tmp/kafka-5476936579246561756/combined_0_0 is already offline due to a previous IO exception.
2026-04-20T14:00:48.496+03:00  WARN 92293 --- [Bank_System_test] [ster-test-kit-2] kafka.log.LogManager                     : There was an error in one of the threads during LogManager shutdown: org.apache.kafka.common.errors.KafkaStorageException: The log dir /tmp/kafka-5476936579246561756/combined_0_0 is already offline due to a previous IO exception.
2026-04-20T14:00:48.496+03:00  WARN 92293 --- [Bank_System_test] [ster-test-kit-2] kafka.log.LogManager                     : There was an error in one of the threads during LogManager shutdown: org.apache.kafka.common.errors.KafkaStorageException: The log dir /tmp/kafka-5476936579246561756/combined_0_0 is already offline due to a previous IO exception.
2026-04-20T14:00:48.496+03:00  WARN 92293 --- [Bank_System_test] [ster-test-kit-2] kafka.log.LogManager                     : There was an error in one of the threads during LogManager shutdown: org.apache.kafka.common.errors.KafkaStorageException: The log dir /tmp/kafka-5476936579246561756/combined_0_0 is already offline due to a previous IO exception.
2026-04-20T14:00:48.496+03:00  WARN 92293 --- [Bank_System_test] [ster-test-kit-2] kafka.log.LogManager                     : There was an error in one of the threads during LogManager shutdown: org.apache.kafka.common.errors.KafkaStorageException: The log dir /tmp/kafka-5476936579246561756/combined_0_0 is already offline due to a previous IO exception.
2026-04-20T14:00:48.497+03:00  INFO 92293 --- [Bank_System_test] [ster-test-kit-2] kafka.log.LogManager                     : Shutdown complete.
2026-04-20T14:00:48.498+03:00  INFO 92293 --- [Bank_System_test] [ster-test-kit-2] lientQuotaManager$ThrottledChannelReaper : [broker-0-ThrottledChannelReaper-Fetch]: Shutting down
2026-04-20T14:00:48.499+03:00  INFO 92293 --- [Bank_System_test] [ster-test-kit-2] lientQuotaManager$ThrottledChannelReaper : [broker-0-ThrottledChannelReaper-Fetch]: Shutdown completed
2026-04-20T14:00:48.499+03:00  INFO 92293 --- [Bank_System_test] [nelReaper-Fetch] lientQuotaManager$ThrottledChannelReaper : [broker-0-ThrottledChannelReaper-Fetch]: Stopped
2026-04-20T14:00:48.499+03:00  INFO 92293 --- [Bank_System_test] [ster-test-kit-2] lientQuotaManager$ThrottledChannelReaper : [broker-0-ThrottledChannelReaper-Produce]: Shutting down
2026-04-20T14:00:48.499+03:00  INFO 92293 --- [Bank_System_test] [ster-test-kit-2] lientQuotaManager$ThrottledChannelReaper : [broker-0-ThrottledChannelReaper-Produce]: Shutdown completed
2026-04-20T14:00:48.499+03:00  INFO 92293 --- [Bank_System_test] [lReaper-Produce] lientQuotaManager$ThrottledChannelReaper : [broker-0-ThrottledChannelReaper-Produce]: Stopped
2026-04-20T14:00:48.499+03:00  INFO 92293 --- [Bank_System_test] [ster-test-kit-2] lientQuotaManager$ThrottledChannelReaper : [broker-0-ThrottledChannelReaper-Request]: Shutting down
2026-04-20T14:00:48.500+03:00  INFO 92293 --- [Bank_System_test] [lReaper-Request] lientQuotaManager$ThrottledChannelReaper : [broker-0-ThrottledChannelReaper-Request]: Stopped
2026-04-20T14:00:48.500+03:00  INFO 92293 --- [Bank_System_test] [ster-test-kit-2] lientQuotaManager$ThrottledChannelReaper : [broker-0-ThrottledChannelReaper-Request]: Shutdown completed
2026-04-20T14:00:48.500+03:00  INFO 92293 --- [Bank_System_test] [ster-test-kit-2] lientQuotaManager$ThrottledChannelReaper : [broker-0-ThrottledChannelReaper-ControllerMutation]: Shutting down
2026-04-20T14:00:48.500+03:00  INFO 92293 --- [Bank_System_test] [trollerMutation] lientQuotaManager$ThrottledChannelReaper : [broker-0-ThrottledChannelReaper-ControllerMutation]: Stopped
2026-04-20T14:00:48.501+03:00  INFO 92293 --- [Bank_System_test] [ster-test-kit-2] lientQuotaManager$ThrottledChannelReaper : [broker-0-ThrottledChannelReaper-ControllerMutation]: Shutdown completed
2026-04-20T14:00:48.501+03:00  INFO 92293 --- [Bank_System_test] [ster-test-kit-2] kafka.network.SocketServer               : [SocketServer listenerType=BROKER, nodeId=0] Shutting down socket server
2026-04-20T14:00:48.512+03:00  INFO 92293 --- [Bank_System_test] [ster-test-kit-2] kafka.network.SocketServer               : [SocketServer listenerType=BROKER, nodeId=0] Shutdown completed
2026-04-20T14:00:48.512+03:00  INFO 92293 --- [Bank_System_test] [ster-test-kit-2] o.a.k.s.log.metrics.BrokerTopicStats     : Broker and topic stats closed
2026-04-20T14:00:48.512+03:00  INFO 92293 --- [Bank_System_test] [ster-test-kit-2] o.a.k.s.u.t.SystemTimerReaper$Reaper     : [share-group-lock-timeout-reaper]: Shutting down
2026-04-20T14:00:48.513+03:00  INFO 92293 --- [Bank_System_test] [-timeout-reaper] o.a.k.s.u.t.SystemTimerReaper$Reaper     : [share-group-lock-timeout-reaper]: Stopped
2026-04-20T14:00:48.513+03:00  INFO 92293 --- [Bank_System_test] [ster-test-kit-2] o.a.k.s.u.t.SystemTimerReaper$Reaper     : [share-group-lock-timeout-reaper]: Shutdown completed
2026-04-20T14:00:48.514+03:00  INFO 92293 --- [Bank_System_test] [ster-test-kit-2] k.s.s.p.PersisterStateManager$SendThread : [PersisterStateManager]: Shutting down
2026-04-20T14:00:48.515+03:00  INFO 92293 --- [Bank_System_test] [ster-test-kit-2] k.s.s.p.PersisterStateManager$SendThread : [PersisterStateManager]: Shutdown completed
2026-04-20T14:00:48.515+03:00  INFO 92293 --- [Bank_System_test] [terStateManager] k.s.s.p.PersisterStateManager$SendThread : [PersisterStateManager]: Stopped
2026-04-20T14:00:48.515+03:00  INFO 92293 --- [Bank_System_test] [ster-test-kit-2] o.a.k.s.u.t.SystemTimerReaper$Reaper     : [persister-state-manager-reaper]: Shutting down
2026-04-20T14:00:48.516+03:00  INFO 92293 --- [Bank_System_test] [ster-test-kit-2] o.a.k.s.u.t.SystemTimerReaper$Reaper     : [persister-state-manager-reaper]: Shutdown completed
2026-04-20T14:00:48.516+03:00  INFO 92293 --- [Bank_System_test] [-manager-reaper] o.a.k.s.u.t.SystemTimerReaper$Reaper     : [persister-state-manager-reaper]: Stopped
2026-04-20T14:00:48.517+03:00  INFO 92293 --- [Bank_System_test] [ster-test-kit-2] org.apache.kafka.queue.KafkaEventQueue   : [BrokerLifecycleManager id=0] closed event queue.
2026-04-20T14:00:48.517+03:00  INFO 92293 --- [Bank_System_test] [ster-test-kit-2] o.a.k.s.u.t.SystemTimerReaper$Reaper     : [client-metrics-reaper]: Shutting down
2026-04-20T14:00:48.518+03:00  INFO 92293 --- [Bank_System_test] [ster-test-kit-2] o.a.k.s.u.t.SystemTimerReaper$Reaper     : [client-metrics-reaper]: Shutdown completed
2026-04-20T14:00:48.518+03:00  INFO 92293 --- [Bank_System_test] [-metrics-reaper] o.a.k.s.u.t.SystemTimerReaper$Reaper     : [client-metrics-reaper]: Stopped
2026-04-20T14:00:48.519+03:00  INFO 92293 --- [Bank_System_test] [ster-test-kit-2] kafka.server.BrokerServer                : [BrokerServer id=0] shut down completed
2026-04-20T14:00:48.519+03:00  INFO 92293 --- [Bank_System_test] [ster-test-kit-2] kafka.server.BrokerServer                : [BrokerServer id=0] Transition from SHUTTING_DOWN to SHUTDOWN
2026-04-20T14:00:48.519+03:00  INFO 92293 --- [Bank_System_test] [ster-test-kit-1] kafka.server.ControllerServer            : [ControllerServer id=0] shutting down
2026-04-20T14:00:48.520+03:00  INFO 92293 --- [Bank_System_test] [ster-test-kit-1] ExpirationService$ExpiredOperationReaper : [raft-expiration-reaper]: Shutting down
2026-04-20T14:00:48.567+03:00  INFO 92293 --- [Bank_System_test] [piration-reaper] ExpirationService$ExpiredOperationReaper : [raft-expiration-reaper]: Stopped
2026-04-20T14:00:48.567+03:00  INFO 92293 --- [Bank_System_test] [ster-test-kit-1] ExpirationService$ExpiredOperationReaper : [raft-expiration-reaper]: Shutdown completed
2026-04-20T14:00:48.567+03:00  INFO 92293 --- [Bank_System_test] [ster-test-kit-1] o.a.kafka.raft.KafkaRaftClientDriver     : [kafka-0-raft-io-thread]: Shutting down
2026-04-20T14:00:48.567+03:00  INFO 92293 --- [Bank_System_test] [ster-test-kit-1] org.apache.kafka.raft.KafkaRaftClient    : [RaftManager id=0] Beginning graceful shutdown
2026-04-20T14:00:48.568+03:00  INFO 92293 --- [Bank_System_test] [-raft-io-thread] org.apache.kafka.raft.KafkaRaftClient    : [RaftManager id=0] Graceful shutdown completed
2026-04-20T14:00:48.568+03:00  INFO 92293 --- [Bank_System_test] [-raft-io-thread] o.a.kafka.raft.KafkaRaftClientDriver     : [RaftManager id=0] Completed graceful shutdown of RaftClient
2026-04-20T14:00:48.568+03:00  INFO 92293 --- [Bank_System_test] [-raft-io-thread] o.a.kafka.raft.KafkaRaftClientDriver     : [kafka-0-raft-io-thread]: Stopped
2026-04-20T14:00:48.568+03:00  INFO 92293 --- [Bank_System_test] [ster-test-kit-1] o.a.kafka.raft.KafkaRaftClientDriver     : [kafka-0-raft-io-thread]: Shutdown completed
2026-04-20T14:00:48.569+03:00  INFO 92293 --- [Bank_System_test] [ster-test-kit-1] o.a.k.r.KafkaNetworkChannel$SendThread   : [kafka-0-raft-outbound-request-thread]: Shutting down
2026-04-20T14:00:48.569+03:00  INFO 92293 --- [Bank_System_test] [-request-thread] o.a.k.r.KafkaNetworkChannel$SendThread   : [kafka-0-raft-outbound-request-thread]: Stopped
2026-04-20T14:00:48.569+03:00  INFO 92293 --- [Bank_System_test] [ster-test-kit-1] o.a.k.r.KafkaNetworkChannel$SendThread   : [kafka-0-raft-outbound-request-thread]: Shutdown completed
2026-04-20T14:00:48.571+03:00 ERROR 92293 --- [Bank_System_test] [ster-test-kit-1] o.a.k.s.i.log.LogDirFailureChannel       : Error while renaming dir for __cluster_metadata-0 in dir /tmp/kafka-5476936579246561756/combined_0_0

java.nio.file.NoSuchFileException: /tmp/kafka-5476936579246561756/combined_0_0/__cluster_metadata-0/00000000000000000178.snapshot
	at java.base/sun.nio.fs.UnixException.translateToIOException(UnixException.java:92) ~[na:na]
	at java.base/sun.nio.fs.UnixException.rethrowAsIOException(UnixException.java:106) ~[na:na]
	at java.base/sun.nio.fs.UnixException.rethrowAsIOException(UnixException.java:111) ~[na:na]
	at java.base/sun.nio.fs.UnixFileSystemProvider.newFileChannel(UnixFileSystemProvider.java:224) ~[na:na]
	at java.base/java.nio.channels.FileChannel.open(FileChannel.java:309) ~[na:na]
	at java.base/java.nio.channels.FileChannel.open(FileChannel.java:369) ~[na:na]
	at org.apache.kafka.storage.internals.log.ProducerStateManager.writeSnapshot(ProducerStateManager.java:686) ~[kafka-storage-4.1.1.jar:na]
	at org.apache.kafka.storage.internals.log.ProducerStateManager.takeSnapshot(ProducerStateManager.java:440) ~[kafka-storage-4.1.1.jar:na]
	at org.apache.kafka.storage.internals.log.ProducerStateManager.takeSnapshot(ProducerStateManager.java:429) ~[kafka-storage-4.1.1.jar:na]
	at org.apache.kafka.storage.internals.log.UnifiedLog.lambda$close$10(UnifiedLog.java:944) ~[kafka-storage-4.1.1.jar:na]
	at org.apache.kafka.storage.internals.log.LocalLog.maybeHandleIOException(LocalLog.java:816) ~[kafka-storage-4.1.1.jar:na]
	at org.apache.kafka.storage.internals.log.UnifiedLog.maybeHandleIOException(UnifiedLog.java:2397) ~[kafka-storage-4.1.1.jar:na]
	at org.apache.kafka.storage.internals.log.UnifiedLog.close(UnifiedLog.java:938) ~[kafka-storage-4.1.1.jar:na]
	at kafka.raft.KafkaMetadataLog.close(KafkaMetadataLog.scala:566) ~[kafka_2.13-4.1.1.jar:na]
	at org.apache.kafka.common.utils.Utils.closeQuietly(Utils.java:1117) ~[kafka-clients-4.1.1.jar:na]
	at org.apache.kafka.common.utils.Utils.closeQuietly(Utils.java:1100) ~[kafka-clients-4.1.1.jar:na]
	at kafka.raft.KafkaRaftManager.shutdown(RaftManager.scala:177) ~[kafka_2.13-4.1.1.jar:na]
	at kafka.server.SharedServer.$anonfun$ensureNotRaftLeader$2(SharedServer.scala:360) ~[kafka_2.13-4.1.1.jar:na]
	at kafka.utils.CoreUtils$.swallow(CoreUtils.scala:63) ~[kafka_2.13-4.1.1.jar:na]
	at kafka.server.SharedServer.$anonfun$ensureNotRaftLeader$1(SharedServer.scala:360) ~[kafka_2.13-4.1.1.jar:na]
	at kafka.server.SharedServer.$anonfun$ensureNotRaftLeader$1$adapted(SharedServer.scala:359) ~[kafka_2.13-4.1.1.jar:na]
	at scala.Option.foreach(Option.scala:437) ~[scala-library-2.13.16.jar:na]
	at kafka.server.SharedServer.ensureNotRaftLeader(SharedServer.scala:359) ~[kafka_2.13-4.1.1.jar:na]
	at kafka.server.ControllerServer.shutdown(ControllerServer.scala:439) ~[kafka_2.13-4.1.1.jar:na]
	at java.base/java.util.concurrent.Executors$RunnableAdapter.call(Executors.java:572) ~[na:na]
	at java.base/java.util.concurrent.FutureTask.run(FutureTask.java:317) ~[na:na]
	at java.base/java.util.concurrent.ThreadPoolExecutor.runWorker(ThreadPoolExecutor.java:1144) ~[na:na]
	at java.base/java.util.concurrent.ThreadPoolExecutor$Worker.run(ThreadPoolExecutor.java:642) ~[na:na]
	at java.base/java.lang.Thread.run(Thread.java:1583) ~[na:na]

2026-04-20T14:00:48.571+03:00  WARN 92293 --- [Bank_System_test] [ster-test-kit-1] org.apache.kafka.common.utils.Utils      : Failed to close replicated log with type kafka.raft.KafkaMetadataLog

org.apache.kafka.common.errors.KafkaStorageException: Error while renaming dir for __cluster_metadata-0 in dir /tmp/kafka-5476936579246561756/combined_0_0
Caused by: java.nio.file.NoSuchFileException: /tmp/kafka-5476936579246561756/combined_0_0/__cluster_metadata-0/00000000000000000178.snapshot
	at java.base/sun.nio.fs.UnixException.translateToIOException(UnixException.java:92) ~[na:na]
	at java.base/sun.nio.fs.UnixException.rethrowAsIOException(UnixException.java:106) ~[na:na]
	at java.base/sun.nio.fs.UnixException.rethrowAsIOException(UnixException.java:111) ~[na:na]
	at java.base/sun.nio.fs.UnixFileSystemProvider.newFileChannel(UnixFileSystemProvider.java:224) ~[na:na]
	at java.base/java.nio.channels.FileChannel.open(FileChannel.java:309) ~[na:na]
	at java.base/java.nio.channels.FileChannel.open(FileChannel.java:369) ~[na:na]
	at org.apache.kafka.storage.internals.log.ProducerStateManager.writeSnapshot(ProducerStateManager.java:686) ~[kafka-storage-4.1.1.jar:na]
	at org.apache.kafka.storage.internals.log.ProducerStateManager.takeSnapshot(ProducerStateManager.java:440) ~[kafka-storage-4.1.1.jar:na]
	at org.apache.kafka.storage.internals.log.ProducerStateManager.takeSnapshot(ProducerStateManager.java:429) ~[kafka-storage-4.1.1.jar:na]
	at org.apache.kafka.storage.internals.log.UnifiedLog.lambda$close$10(UnifiedLog.java:944) ~[kafka-storage-4.1.1.jar:na]
	at org.apache.kafka.storage.internals.log.LocalLog.maybeHandleIOException(LocalLog.java:816) ~[kafka-storage-4.1.1.jar:na]
	at org.apache.kafka.storage.internals.log.UnifiedLog.maybeHandleIOException(UnifiedLog.java:2397) ~[kafka-storage-4.1.1.jar:na]
	at org.apache.kafka.storage.internals.log.UnifiedLog.close(UnifiedLog.java:938) ~[kafka-storage-4.1.1.jar:na]
	at kafka.raft.KafkaMetadataLog.close(KafkaMetadataLog.scala:566) ~[kafka_2.13-4.1.1.jar:na]
	at org.apache.kafka.common.utils.Utils.closeQuietly(Utils.java:1117) ~[kafka-clients-4.1.1.jar:na]
	at org.apache.kafka.common.utils.Utils.closeQuietly(Utils.java:1100) ~[kafka-clients-4.1.1.jar:na]
	at kafka.raft.KafkaRaftManager.shutdown(RaftManager.scala:177) ~[kafka_2.13-4.1.1.jar:na]
	at kafka.server.SharedServer.$anonfun$ensureNotRaftLeader$2(SharedServer.scala:360) ~[kafka_2.13-4.1.1.jar:na]
	at kafka.utils.CoreUtils$.swallow(CoreUtils.scala:63) ~[kafka_2.13-4.1.1.jar:na]
	at kafka.server.SharedServer.$anonfun$ensureNotRaftLeader$1(SharedServer.scala:360) ~[kafka_2.13-4.1.1.jar:na]
	at kafka.server.SharedServer.$anonfun$ensureNotRaftLeader$1$adapted(SharedServer.scala:359) ~[kafka_2.13-4.1.1.jar:na]
	at scala.Option.foreach(Option.scala:437) ~[scala-library-2.13.16.jar:na]
	at kafka.server.SharedServer.ensureNotRaftLeader(SharedServer.scala:359) ~[kafka_2.13-4.1.1.jar:na]
	at kafka.server.ControllerServer.shutdown(ControllerServer.scala:439) ~[kafka_2.13-4.1.1.jar:na]
	at java.base/java.util.concurrent.Executors$RunnableAdapter.call(Executors.java:572) ~[na:na]
	at java.base/java.util.concurrent.FutureTask.run(FutureTask.java:317) ~[na:na]
	at java.base/java.util.concurrent.ThreadPoolExecutor.runWorker(ThreadPoolExecutor.java:1144) ~[na:na]
	at java.base/java.util.concurrent.ThreadPoolExecutor$Worker.run(ThreadPoolExecutor.java:642) ~[na:na]
	at java.base/java.lang.Thread.run(Thread.java:1583) ~[na:na]

2026-04-20T14:00:48.572+03:00  INFO 92293 --- [Bank_System_test] [ster-test-kit-1] org.apache.kafka.queue.KafkaEventQueue   : [ControllerRegistrationManager id=0 incarnation=uaoNacd9S2Wjt5OmnD9URg] beginShutdown: shutting down event queue.
2026-04-20T14:00:48.572+03:00  INFO 92293 --- [Bank_System_test] [r-event-handler] k.server.ControllerRegistrationManager   : [ControllerRegistrationManager id=0 incarnation=uaoNacd9S2Wjt5OmnD9URg] shutting down.
2026-04-20T14:00:48.572+03:00  INFO 92293 --- [Bank_System_test] [r-event-handler] k.server.NodeToControllerRequestThread   : [controller-0-to-controller-registration-channel-manager]: Shutting down
2026-04-20T14:00:48.573+03:00  INFO 92293 --- [Bank_System_test] [channel-manager] k.server.NodeToControllerRequestThread   : [controller-0-to-controller-registration-channel-manager]: Stopped
2026-04-20T14:00:48.573+03:00  INFO 92293 --- [Bank_System_test] [r-event-handler] k.server.NodeToControllerRequestThread   : [controller-0-to-controller-registration-channel-manager]: Shutdown completed
2026-04-20T14:00:48.573+03:00  INFO 92293 --- [Bank_System_test] [r-event-handler] k.s.NodeToControllerChannelManagerImpl   : Node to controller channel manager for registration shutdown
2026-04-20T14:00:48.573+03:00  INFO 92293 --- [Bank_System_test] [ster-test-kit-1] org.apache.kafka.queue.KafkaEventQueue   : [ControllerRegistrationManager id=0 incarnation=uaoNacd9S2Wjt5OmnD9URg] closed event queue.
2026-04-20T14:00:48.573+03:00  INFO 92293 --- [Bank_System_test] [ster-test-kit-1] k.server.NodeToControllerRequestThread   : [controller-0-to-controller-registration-channel-manager]: Shutdown completed
2026-04-20T14:00:48.573+03:00  WARN 92293 --- [Bank_System_test] [ster-test-kit-1] org.apache.kafka.clients.NetworkClient   : [NodeToControllerChannelManager id=0 name=registration] Attempting to close NetworkClient that has already been closed.
2026-04-20T14:00:48.573+03:00  INFO 92293 --- [Bank_System_test] [ster-test-kit-1] k.s.NodeToControllerChannelManagerImpl   : Node to controller channel manager for registration shutdown
2026-04-20T14:00:48.573+03:00  INFO 92293 --- [Bank_System_test] [r-event-handler] org.apache.kafka.queue.KafkaEventQueue   : [ControllerRegistrationManager id=0 incarnation=uaoNacd9S2Wjt5OmnD9URg] closed event queue.
2026-04-20T14:00:48.575+03:00  INFO 92293 --- [Bank_System_test] [ster-test-kit-1] kafka.network.SocketServer               : [SocketServer listenerType=CONTROLLER, nodeId=0] Stopping socket server request processors
2026-04-20T14:00:48.576+03:00  INFO 92293 --- [Bank_System_test] [ster-test-kit-1] kafka.network.SocketServer               : [SocketServer listenerType=CONTROLLER, nodeId=0] Stopped socket server request processors
2026-04-20T14:00:48.577+03:00  INFO 92293 --- [Bank_System_test] [ster-test-kit-1] org.apache.kafka.queue.KafkaEventQueue   : [QuorumController id=0] QuorumController#beginShutdown: shutting down event queue.
2026-04-20T14:00:48.577+03:00  INFO 92293 --- [Bank_System_test] [ster-test-kit-1] kafka.network.SocketServer               : [SocketServer listenerType=CONTROLLER, nodeId=0] Shutting down socket server
2026-04-20T14:00:48.578+03:00  INFO 92293 --- [Bank_System_test] [0-event-handler] o.a.kafka.controller.QuorumController    : [QuorumController id=0] writeNoOpRecord: event unable to start processing because of RejectedExecutionException (treated as TimeoutException). Exception message: The event queue is shutting down
2026-04-20T14:00:48.578+03:00  INFO 92293 --- [Bank_System_test] [0-event-handler] o.a.kafka.controller.QuorumController    : [QuorumController id=0] maybeFenceStaleBroker: event unable to start processing because of RejectedExecutionException (treated as TimeoutException). Exception message: The event queue is shutting down
2026-04-20T14:00:48.578+03:00  INFO 92293 --- [Bank_System_test] [0-event-handler] o.a.kafka.controller.QuorumController    : [QuorumController id=0] generatePeriodicPerformanceMessage: event unable to start processing because of RejectedExecutionException (treated as TimeoutException). Exception message: The event queue is shutting down
2026-04-20T14:00:48.578+03:00  INFO 92293 --- [Bank_System_test] [0-event-handler] o.a.kafka.controller.QuorumController    : [QuorumController id=0] electPreferred: event unable to start processing because of RejectedExecutionException (treated as TimeoutException). Exception message: The event queue is shutting down
2026-04-20T14:00:48.578+03:00  INFO 92293 --- [Bank_System_test] [0-event-handler] o.a.kafka.controller.QuorumController    : [QuorumController id=0] electUnclean: event unable to start processing because of RejectedExecutionException (treated as TimeoutException). Exception message: The event queue is shutting down
2026-04-20T14:00:48.578+03:00  INFO 92293 --- [Bank_System_test] [0-event-handler] o.a.kafka.controller.QuorumController    : [QuorumController id=0] expireDelegationTokens: event unable to start processing because of RejectedExecutionException (treated as TimeoutException). Exception message: The event queue is shutting down
2026-04-20T14:00:48.580+03:00  INFO 92293 --- [Bank_System_test] [ster-test-kit-1] kafka.network.SocketServer               : [SocketServer listenerType=CONTROLLER, nodeId=0] Shutdown completed
2026-04-20T14:00:48.581+03:00  INFO 92293 --- [Bank_System_test] [ster-test-kit-1] kafka.server.KafkaRequestHandlerPool     : [data-plane Kafka Request Handler on Controller 0] shutting down
2026-04-20T14:00:48.581+03:00  INFO 92293 --- [Bank_System_test] [ster-test-kit-1] kafka.server.KafkaRequestHandlerPool     : [data-plane Kafka Request Handler on Controller 0] shut down completely
2026-04-20T14:00:48.581+03:00  INFO 92293 --- [Bank_System_test] [ster-test-kit-1] perationPurgatory$ExpiredOperationReaper : [ExpirationReaper-0-AlterAcls]: Shutting down
2026-04-20T14:00:48.582+03:00  INFO 92293 --- [Bank_System_test] [ster-test-kit-1] perationPurgatory$ExpiredOperationReaper : [ExpirationReaper-0-AlterAcls]: Shutdown completed
2026-04-20T14:00:48.582+03:00  INFO 92293 --- [Bank_System_test] [per-0-AlterAcls] perationPurgatory$ExpiredOperationReaper : [ExpirationReaper-0-AlterAcls]: Stopped
2026-04-20T14:00:48.582+03:00  INFO 92293 --- [Bank_System_test] [ster-test-kit-1] lientQuotaManager$ThrottledChannelReaper : [controller-0-ThrottledChannelReaper-Fetch]: Shutting down
2026-04-20T14:00:48.582+03:00  INFO 92293 --- [Bank_System_test] [ster-test-kit-1] lientQuotaManager$ThrottledChannelReaper : [controller-0-ThrottledChannelReaper-Fetch]: Shutdown completed
2026-04-20T14:00:48.582+03:00  INFO 92293 --- [Bank_System_test] [nelReaper-Fetch] lientQuotaManager$ThrottledChannelReaper : [controller-0-ThrottledChannelReaper-Fetch]: Stopped
2026-04-20T14:00:48.582+03:00  INFO 92293 --- [Bank_System_test] [ster-test-kit-1] lientQuotaManager$ThrottledChannelReaper : [controller-0-ThrottledChannelReaper-Produce]: Shutting down
2026-04-20T14:00:48.582+03:00  INFO 92293 --- [Bank_System_test] [lReaper-Produce] lientQuotaManager$ThrottledChannelReaper : [controller-0-ThrottledChannelReaper-Produce]: Stopped
2026-04-20T14:00:48.582+03:00  INFO 92293 --- [Bank_System_test] [ster-test-kit-1] lientQuotaManager$ThrottledChannelReaper : [controller-0-ThrottledChannelReaper-Produce]: Shutdown completed
2026-04-20T14:00:48.582+03:00  INFO 92293 --- [Bank_System_test] [ster-test-kit-1] lientQuotaManager$ThrottledChannelReaper : [controller-0-ThrottledChannelReaper-Request]: Shutting down
2026-04-20T14:00:48.582+03:00  INFO 92293 --- [Bank_System_test] [lReaper-Request] lientQuotaManager$ThrottledChannelReaper : [controller-0-ThrottledChannelReaper-Request]: Stopped
2026-04-20T14:00:48.583+03:00  INFO 92293 --- [Bank_System_test] [ster-test-kit-1] lientQuotaManager$ThrottledChannelReaper : [controller-0-ThrottledChannelReaper-Request]: Shutdown completed
2026-04-20T14:00:48.583+03:00  INFO 92293 --- [Bank_System_test] [ster-test-kit-1] lientQuotaManager$ThrottledChannelReaper : [controller-0-ThrottledChannelReaper-ControllerMutation]: Shutting down
2026-04-20T14:00:48.583+03:00  INFO 92293 --- [Bank_System_test] [ster-test-kit-1] lientQuotaManager$ThrottledChannelReaper : [controller-0-ThrottledChannelReaper-ControllerMutation]: Shutdown completed
2026-04-20T14:00:48.583+03:00  INFO 92293 --- [Bank_System_test] [trollerMutation] lientQuotaManager$ThrottledChannelReaper : [controller-0-ThrottledChannelReaper-ControllerMutation]: Stopped
2026-04-20T14:00:48.583+03:00  INFO 92293 --- [Bank_System_test] [ster-test-kit-1] org.apache.kafka.queue.KafkaEventQueue   : [QuorumController id=0] closed event queue.
2026-04-20T14:00:48.584+03:00  INFO 92293 --- [Bank_System_test] [ster-test-kit-1] kafka.server.SharedServer                : [SharedServer id=0] Stopping SharedServer
2026-04-20T14:00:48.584+03:00  INFO 92293 --- [Bank_System_test] [ster-test-kit-1] org.apache.kafka.queue.KafkaEventQueue   : [MetadataLoader id=0] beginShutdown: shutting down event queue.
2026-04-20T14:00:48.585+03:00  INFO 92293 --- [Bank_System_test] [ster-test-kit-1] org.apache.kafka.queue.KafkaEventQueue   : [SnapshotGenerator id=0] beginShutdown: shutting down event queue.
2026-04-20T14:00:48.588+03:00  INFO 92293 --- [Bank_System_test] [r-event-handler] org.apache.kafka.queue.KafkaEventQueue   : [SnapshotGenerator id=0] closed event queue.
2026-04-20T14:00:48.589+03:00  INFO 92293 --- [Bank_System_test] [ster-test-kit-1] org.apache.kafka.queue.KafkaEventQueue   : [MetadataLoader id=0] closed event queue.
2026-04-20T14:00:48.589+03:00  INFO 92293 --- [Bank_System_test] [ster-test-kit-1] org.apache.kafka.queue.KafkaEventQueue   : [SnapshotGenerator id=0] closed event queue.
2026-04-20T14:00:48.590+03:00  INFO 92293 --- [Bank_System_test] [ster-test-kit-1] o.apache.kafka.common.metrics.Metrics    : Metrics scheduler closed
2026-04-20T14:00:48.590+03:00  INFO 92293 --- [Bank_System_test] [ster-test-kit-1] o.apache.kafka.common.metrics.Metrics    : Closing reporter org.apache.kafka.common.metrics.JmxReporter
2026-04-20T14:00:48.590+03:00  INFO 92293 --- [Bank_System_test] [ster-test-kit-1] o.apache.kafka.common.metrics.Metrics    : Metrics reporters closed
2026-04-20T14:00:48.590+03:00  INFO 92293 --- [Bank_System_test] [ster-test-kit-1] o.a.kafka.common.utils.AppInfoParser     : App info kafka.server for 0 unregistered
2026-04-20T14:00:48.596+03:00  INFO 92293 --- [Bank_System_test] [ionShutdownHook] j.LocalContainerEntityManagerFactoryBean : Closing JPA EntityManagerFactory for persistence unit 'default'
2026-04-20T14:00:48.601+03:00  WARN 92293 --- [Bank_System_test] [ionShutdownHook] com.zaxxer.hikari.pool.PoolBase          : HikariPool-1 - Failed to validate connection org.postgresql.jdbc.PgConnection@69a8617c (This connection has been closed.). Possibly consider using a shorter maxLifetime value.
2026-04-20T14:00:48.602+03:00  WARN 92293 --- [Bank_System_test] [ionShutdownHook] com.zaxxer.hikari.pool.PoolBase          : HikariPool-1 - Failed to validate connection org.postgresql.jdbc.PgConnection@2f3cdd93 (This connection has been closed.). Possibly consider using a shorter maxLifetime value.
2026-04-20T14:00:48.603+03:00  WARN 92293 --- [Bank_System_test] [ionShutdownHook] com.zaxxer.hikari.pool.PoolBase          : HikariPool-1 - Failed to validate connection org.postgresql.jdbc.PgConnection@48bd8e84 (This connection has been closed.). Possibly consider using a shorter maxLifetime value.
2026-04-20T14:00:48.603+03:00  WARN 92293 --- [Bank_System_test] [ionShutdownHook] com.zaxxer.hikari.pool.PoolBase          : HikariPool-1 - Failed to validate connection org.postgresql.jdbc.PgConnection@5580ddec (This connection has been closed.). Possibly consider using a shorter maxLifetime value.
2026-04-20T14:00:48.603+03:00  WARN 92293 --- [Bank_System_test] [ionShutdownHook] com.zaxxer.hikari.pool.PoolBase          : HikariPool-1 - Failed to validate connection org.postgresql.jdbc.PgConnection@797f2af5 (This connection has been closed.). Possibly consider using a shorter maxLifetime value.
2026-04-20T14:00:48.604+03:00  WARN 92293 --- [Bank_System_test] [ionShutdownHook] com.zaxxer.hikari.pool.PoolBase          : HikariPool-1 - Failed to validate connection org.postgresql.jdbc.PgConnection@7c51a55c (This connection has been closed.). Possibly consider using a shorter maxLifetime value.
2026-04-20T14:00:48.604+03:00  WARN 92293 --- [Bank_System_test] [ionShutdownHook] com.zaxxer.hikari.pool.PoolBase          : HikariPool-1 - Failed to validate connection org.postgresql.jdbc.PgConnection@33979905 (This connection has been closed.). Possibly consider using a shorter maxLifetime value.
2026-04-20T14:00:48.604+03:00  WARN 92293 --- [Bank_System_test] [ionShutdownHook] com.zaxxer.hikari.pool.PoolBase          : HikariPool-1 - Failed to validate connection org.postgresql.jdbc.PgConnection@623a789 (This connection has been closed.). Possibly consider using a shorter maxLifetime value.
2026-04-20T14:00:48.604+03:00  WARN 92293 --- [Bank_System_test] [ionShutdownHook] com.zaxxer.hikari.pool.PoolBase          : HikariPool-1 - Failed to validate connection org.postgresql.jdbc.PgConnection@43aeda6e (This connection has been closed.). Possibly consider using a shorter maxLifetime value.
2026-04-20T14:00:48.605+03:00  WARN 92293 --- [Bank_System_test] [ionShutdownHook] com.zaxxer.hikari.pool.PoolBase          : HikariPool-1 - Failed to validate connection org.postgresql.jdbc.PgConnection@630380b7 (This connection has been closed.). Possibly consider using a shorter maxLifetime value.
2026-04-20T14:00:51.539+03:00 ERROR 92293 --- [Bank_System_test] [fka-scheduler-6] o.a.k.s.i.log.LogDirFailureChannel       : Error while writing to checkpoint file /tmp/kafka-13755024341555059878/combined_0_0/replication-offset-checkpoint

java.io.FileNotFoundException: /tmp/kafka-13755024341555059878/combined_0_0/replication-offset-checkpoint.tmp (No such file or directory)
	at java.base/java.io.FileOutputStream.open0(Native Method) ~[na:na]
	at java.base/java.io.FileOutputStream.open(FileOutputStream.java:289) ~[na:na]
	at java.base/java.io.FileOutputStream.<init>(FileOutputStream.java:230) ~[na:na]
	at java.base/java.io.FileOutputStream.<init>(FileOutputStream.java:179) ~[na:na]
	at org.apache.kafka.server.common.CheckpointFile.write(CheckpointFile.java:77) ~[kafka-server-common-4.1.1.jar:na]
	at org.apache.kafka.storage.internals.checkpoint.CheckpointFileWithFailureHandler.write(CheckpointFileWithFailureHandler.java:53) ~[kafka-storage-4.1.1.jar:na]
	at org.apache.kafka.storage.internals.checkpoint.OffsetCheckpointFile.write(OffsetCheckpointFile.java:61) ~[kafka-storage-4.1.1.jar:na]
	at kafka.server.ReplicaManager.$anonfun$checkpointHighWatermarks$7(ReplicaManager.scala:2520) ~[kafka_2.13-4.1.1.jar:na]
	at kafka.server.ReplicaManager.$anonfun$checkpointHighWatermarks$7$adapted(ReplicaManager.scala:2520) ~[kafka_2.13-4.1.1.jar:na]
	at scala.Option.foreach(Option.scala:437) ~[scala-library-2.13.16.jar:na]
	at kafka.server.ReplicaManager.$anonfun$checkpointHighWatermarks$6(ReplicaManager.scala:2520) ~[kafka_2.13-4.1.1.jar:na]
	at kafka.server.ReplicaManager.$anonfun$checkpointHighWatermarks$6$adapted(ReplicaManager.scala:2519) ~[kafka_2.13-4.1.1.jar:na]
	at scala.collection.IterableOnceOps.foreach(IterableOnce.scala:619) ~[scala-library-2.13.16.jar:na]
	at scala.collection.IterableOnceOps.foreach$(IterableOnce.scala:617) ~[scala-library-2.13.16.jar:na]
	at scala.collection.AbstractIterable.foreach(Iterable.scala:935) ~[scala-library-2.13.16.jar:na]
	at scala.collection.IterableOps$WithFilter.foreach(Iterable.scala:905) ~[scala-library-2.13.16.jar:na]
	at kafka.server.ReplicaManager.checkpointHighWatermarks(ReplicaManager.scala:2519) ~[kafka_2.13-4.1.1.jar:na]
	at kafka.server.ReplicaManager.$anonfun$startHighWatermarkCheckPointThread$1(ReplicaManager.scala:319) ~[kafka_2.13-4.1.1.jar:na]
	at org.apache.kafka.server.util.KafkaScheduler.lambda$schedule$1(KafkaScheduler.java:151) ~[kafka-server-common-4.1.1.jar:na]
	at java.base/java.util.concurrent.Executors$RunnableAdapter.call(Executors.java:572) ~[na:na]
	at java.base/java.util.concurrent.FutureTask.runAndReset(FutureTask.java:358) ~[na:na]
	at java.base/java.util.concurrent.ScheduledThreadPoolExecutor$ScheduledFutureTask.run(ScheduledThreadPoolExecutor.java:305) ~[na:na]
	at java.base/java.util.concurrent.ThreadPoolExecutor.runWorker(ThreadPoolExecutor.java:1144) ~[na:na]
	at java.base/java.util.concurrent.ThreadPoolExecutor$Worker.run(ThreadPoolExecutor.java:642) ~[na:na]
	at java.base/java.lang.Thread.run(Thread.java:1583) ~[na:na]

2026-04-20T14:00:51.539+03:00 ERROR 92293 --- [Bank_System_test] [fka-scheduler-6] kafka.server.ReplicaManager              : [ReplicaManager broker=0] Error while writing to highwatermark file in directory /tmp/kafka-13755024341555059878/combined_0_0

org.apache.kafka.common.errors.KafkaStorageException: Error while writing to checkpoint file /tmp/kafka-13755024341555059878/combined_0_0/replication-offset-checkpoint
Caused by: java.io.FileNotFoundException: /tmp/kafka-13755024341555059878/combined_0_0/replication-offset-checkpoint.tmp (No such file or directory)
	at java.base/java.io.FileOutputStream.open0(Native Method) ~[na:na]
	at java.base/java.io.FileOutputStream.open(FileOutputStream.java:289) ~[na:na]
	at java.base/java.io.FileOutputStream.<init>(FileOutputStream.java:230) ~[na:na]
	at java.base/java.io.FileOutputStream.<init>(FileOutputStream.java:179) ~[na:na]
	at org.apache.kafka.server.common.CheckpointFile.write(CheckpointFile.java:77) ~[kafka-server-common-4.1.1.jar:na]
	at org.apache.kafka.storage.internals.checkpoint.CheckpointFileWithFailureHandler.write(CheckpointFileWithFailureHandler.java:53) ~[kafka-storage-4.1.1.jar:na]
	at org.apache.kafka.storage.internals.checkpoint.OffsetCheckpointFile.write(OffsetCheckpointFile.java:61) ~[kafka-storage-4.1.1.jar:na]
	at kafka.server.ReplicaManager.$anonfun$checkpointHighWatermarks$7(ReplicaManager.scala:2520) ~[kafka_2.13-4.1.1.jar:na]
	at kafka.server.ReplicaManager.$anonfun$checkpointHighWatermarks$7$adapted(ReplicaManager.scala:2520) ~[kafka_2.13-4.1.1.jar:na]
	at scala.Option.foreach(Option.scala:437) ~[scala-library-2.13.16.jar:na]
	at kafka.server.ReplicaManager.$anonfun$checkpointHighWatermarks$6(ReplicaManager.scala:2520) ~[kafka_2.13-4.1.1.jar:na]
	at kafka.server.ReplicaManager.$anonfun$checkpointHighWatermarks$6$adapted(ReplicaManager.scala:2519) ~[kafka_2.13-4.1.1.jar:na]
	at scala.collection.IterableOnceOps.foreach(IterableOnce.scala:619) ~[scala-library-2.13.16.jar:na]
	at scala.collection.IterableOnceOps.foreach$(IterableOnce.scala:617) ~[scala-library-2.13.16.jar:na]
	at scala.collection.AbstractIterable.foreach(Iterable.scala:935) ~[scala-library-2.13.16.jar:na]
	at scala.collection.IterableOps$WithFilter.foreach(Iterable.scala:905) ~[scala-library-2.13.16.jar:na]
	at kafka.server.ReplicaManager.checkpointHighWatermarks(ReplicaManager.scala:2519) ~[kafka_2.13-4.1.1.jar:na]
	at kafka.server.ReplicaManager.$anonfun$startHighWatermarkCheckPointThread$1(ReplicaManager.scala:319) ~[kafka_2.13-4.1.1.jar:na]
	at org.apache.kafka.server.util.KafkaScheduler.lambda$schedule$1(KafkaScheduler.java:151) ~[kafka-server-common-4.1.1.jar:na]
	at java.base/java.util.concurrent.Executors$RunnableAdapter.call(Executors.java:572) ~[na:na]
	at java.base/java.util.concurrent.FutureTask.runAndReset(FutureTask.java:358) ~[na:na]
	at java.base/java.util.concurrent.ScheduledThreadPoolExecutor$ScheduledFutureTask.run(ScheduledThreadPoolExecutor.java:305) ~[na:na]
	at java.base/java.util.concurrent.ThreadPoolExecutor.runWorker(ThreadPoolExecutor.java:1144) ~[na:na]
	at java.base/java.util.concurrent.ThreadPoolExecutor$Worker.run(ThreadPoolExecutor.java:642) ~[na:na]
	at java.base/java.lang.Thread.run(Thread.java:1583) ~[na:na]

2026-04-20T14:00:51.540+03:00  WARN 92293 --- [Bank_System_test] [rFailureHandler] kafka.server.ReplicaManager              : [ReplicaManager broker=0] Stopping serving replicas in dir /tmp/kafka-13755024341555059878/combined_0_0 with uuid Some(rESoC5SUTFxzOXYdBHoLtg) because the log directory has failed.
2026-04-20T14:00:51.543+03:00  INFO 92293 --- [Bank_System_test] [rFailureHandler] kafka.server.ReplicaFetcherManager       : [ReplicaFetcherManager on broker 0] Removed fetcher for partitions HashSet(__consumer_offsets-30, __consumer_offsets-25, __consumer_offsets-37, __consumer_offsets-38, __consumer_offsets-13, __consumer_offsets-22, ai_messages-2, __consumer_offsets-8, __consumer_offsets-21, __consumer_offsets-4, __consumer_offsets-27, __consumer_offsets-7, __consumer_offsets-9, __consumer_offsets-46, bank_ai_answers-1, __consumer_offsets-35, __consumer_offsets-41, __consumer_offsets-33, __consumer_offsets-23, __consumer_offsets-49, __consumer_offsets-47, __consumer_offsets-16, __consumer_offsets-28, ai_messages-1, __consumer_offsets-31, __consumer_offsets-36, __consumer_offsets-42, __consumer_offsets-3, __consumer_offsets-18, __consumer_offsets-15, __consumer_offsets-24, __consumer_offsets-17, __consumer_offsets-48, bank_ai_answers-2, __consumer_offsets-19, __consumer_offsets-11, __consumer_offsets-2, __consumer_offsets-43, __consumer_offsets-6, __consumer_offsets-14, __consumer_offsets-20, __consumer_offsets-0, __consumer_offsets-44, ai_messages-0, __consumer_offsets-39, __consumer_offsets-12, __consumer_offsets-45, __consumer_offsets-1, __consumer_offsets-5, __consumer_offsets-26, __consumer_offsets-29, __consumer_offsets-34, __consumer_offsets-10, bank_ai_answers-0, __consumer_offsets-32, __consumer_offsets-40)
2026-04-20T14:00:51.544+03:00  INFO 92293 --- [Bank_System_test] [rFailureHandler] k.server.ReplicaAlterLogDirsManager      : [ReplicaAlterLogDirsManager on broker 0] Removed fetcher for partitions HashSet(__consumer_offsets-30, __consumer_offsets-25, __consumer_offsets-37, __consumer_offsets-38, __consumer_offsets-13, __consumer_offsets-22, ai_messages-2, __consumer_offsets-8, __consumer_offsets-21, __consumer_offsets-4, __consumer_offsets-27, __consumer_offsets-7, __consumer_offsets-9, __consumer_offsets-46, bank_ai_answers-1, __consumer_offsets-35, __consumer_offsets-41, __consumer_offsets-33, __consumer_offsets-23, __consumer_offsets-49, __consumer_offsets-47, __consumer_offsets-16, __consumer_offsets-28, ai_messages-1, __consumer_offsets-31, __consumer_offsets-36, __consumer_offsets-42, __consumer_offsets-3, __consumer_offsets-18, __consumer_offsets-15, __consumer_offsets-24, __consumer_offsets-17, __consumer_offsets-48, bank_ai_answers-2, __consumer_offsets-19, __consumer_offsets-11, __consumer_offsets-2, __consumer_offsets-43, __consumer_offsets-6, __consumer_offsets-14, __consumer_offsets-20, __consumer_offsets-0, __consumer_offsets-44, ai_messages-0, __consumer_offsets-39, __consumer_offsets-12, __consumer_offsets-45, __consumer_offsets-1, __consumer_offsets-5, __consumer_offsets-26, __consumer_offsets-29, __consumer_offsets-34, __consumer_offsets-10, bank_ai_answers-0, __consumer_offsets-32, __consumer_offsets-40)
2026-04-20T14:00:51.557+03:00  WARN 92293 --- [Bank_System_test] [rFailureHandler] kafka.server.ReplicaManager              : [ReplicaManager broker=0] Broker 0 stopped fetcher for partitions __consumer_offsets-30,__consumer_offsets-25,__consumer_offsets-37,__consumer_offsets-38,__consumer_offsets-13,__consumer_offsets-22,ai_messages-2,__consumer_offsets-8,__consumer_offsets-21,__consumer_offsets-4,__consumer_offsets-27,__consumer_offsets-7,__consumer_offsets-9,__consumer_offsets-46,bank_ai_answers-1,__consumer_offsets-35,__consumer_offsets-41,__consumer_offsets-33,__consumer_offsets-23,__consumer_offsets-49,__consumer_offsets-47,__consumer_offsets-16,__consumer_offsets-28,ai_messages-1,__consumer_offsets-31,__consumer_offsets-36,__consumer_offsets-42,__consumer_offsets-3,__consumer_offsets-18,__consumer_offsets-15,__consumer_offsets-24,__consumer_offsets-17,__consumer_offsets-48,bank_ai_answers-2,__consumer_offsets-19,__consumer_offsets-11,__consumer_offsets-2,__consumer_offsets-43,__consumer_offsets-6,__consumer_offsets-14,__consumer_offsets-20,__consumer_offsets-0,__consumer_offsets-44,ai_messages-0,__consumer_offsets-39,__consumer_offsets-12,__consumer_offsets-45,__consumer_offsets-1,__consumer_offsets-5,__consumer_offsets-26,__consumer_offsets-29,__consumer_offsets-34,__consumer_offsets-10,bank_ai_answers-0,__consumer_offsets-32,__consumer_offsets-40 and stopped moving logs for partitions  because they are in the failed log directory /tmp/kafka-13755024341555059878/combined_0_0.
2026-04-20T14:00:51.558+03:00  WARN 92293 --- [Bank_System_test] [rFailureHandler] kafka.log.LogManager                     : Stopping serving logs in dir /tmp/kafka-13755024341555059878/combined_0_0
2026-04-20T14:00:51.558+03:00 ERROR 92293 --- [Bank_System_test] [rFailureHandler] kafka.log.LogManager                     : Shutdown broker because all log dirs in /tmp/kafka-13755024341555059878/combined_0_0 have failed
2026-04-20T14:00:51.559+03:00  WARN 92293 --- [Bank_System_test] [rFailureHandler] o.s.kafka.test.EmbeddedKafkaKraftBroker  : Exit.halt(1, null) called
2026-04-20T14:00:51.560+03:00  WARN 92293 --- [Bank_System_test] [rFailureHandler] kafka.log.LogCleaner                     : Stopping cleaning logs in dir /tmp/kafka-13755024341555059878/combined_0_0
2026-04-20T14:00:51.574+03:00  WARN 92293 --- [Bank_System_test] [rFailureHandler] kafka.log.LogManager                     : Logs for partitions __consumer_offsets-13,__consumer_offsets-46,__consumer_offsets-9,__consumer_offsets-42,__consumer_offsets-21,__consumer_offsets-17,__consumer_offsets-30,__consumer_offsets-26,__consumer_offsets-5,__consumer_offsets-38,__consumer_offsets-1,__consumer_offsets-34,__consumer_offsets-16,__consumer_offsets-45,ai_messages-2,__consumer_offsets-12,bank_ai_answers-2,__consumer_offsets-41,__consumer_offsets-24,__consumer_offsets-20,__consumer_offsets-49,__consumer_offsets-0,__consumer_offsets-29,__consumer_offsets-25,__consumer_offsets-8,__consumer_offsets-37,__consumer_offsets-4,__consumer_offsets-33,__consumer_offsets-15,__consumer_offsets-48,ai_messages-1,__consumer_offsets-11,__consumer_offsets-44,bank_ai_answers-1,__consumer_offsets-23,__consumer_offsets-19,__consumer_offsets-32,__consumer_offsets-28,__consumer_offsets-7,__consumer_offsets-40,__consumer_offsets-3,__consumer_offsets-36,__consumer_offsets-47,__consumer_offsets-14,bank_ai_answers-0,__consumer_offsets-43,ai_messages-0,__consumer_offsets-10,__consumer_offsets-22,__consumer_offsets-18,__consumer_offsets-31,__consumer_offsets-27,__consumer_offsets-39,__consumer_offsets-6,__consumer_offsets-35,__consumer_offsets-2 are offline and logs for future partitions  are offline due to failure on log directory /tmp/kafka-13755024341555059878/combined_0_0
2026-04-20T14:00:51.576+03:00 ERROR 92293 --- [Bank_System_test] [rFailureHandler] kafka.server.ReplicaManager              : [ReplicaManager broker=0] Shutdown broker because the metadata log dir /tmp/kafka-13755024341555059878/combined_0_0 has failed
2026-04-20T14:00:51.576+03:00  WARN 92293 --- [Bank_System_test] [rFailureHandler] o.s.kafka.test.EmbeddedKafkaKraftBroker  : Exit.halt(1, null) called
2026-04-20T14:00:51.577+03:00  WARN 92293 --- [Bank_System_test] [rFailureHandler] kafka.server.ReplicaManager              : [ReplicaManager broker=0] Stopped serving replicas in dir /tmp/kafka-13755024341555059878/combined_0_0
2026-04-20T14:00:51.585+03:00  INFO 92293 --- [Bank_System_test] [0-event-handler] o.a.k.c.ReplicationControlManager        : [QuorumController id=0] handleDirectoriesOffline[0:rESoC5SUTFxzOXYdBHoLtg]: changing 56 partition(s)
2026-04-20T14:00:51.586+03:00  WARN 92293 --- [Bank_System_test] [0-event-handler] o.a.k.c.ReplicationControlManager        : [QuorumController id=0] Directories [rESoC5SUTFxzOXYdBHoLtg] in broker 0 marked offline, remaining directories: []
2026-04-20T14:00:51.600+03:00  INFO 92293 --- [Bank_System_test] [0-event-handler] o.a.k.controller.ClusterControlManager   : [QuorumController id=0] Ignoring no-op registration change for BrokerRegistration(id=0, epoch=10, incarnationId=JBCzNLGhQjKod0Iw55MLeQ, listeners=[Endpoint(listenerName='EXTERNAL', securityProtocol=PLAINTEXT, host='localhost', port=46113)], supportedFeatures={eligible.leader.replicas.version: 0-1, group.version: 0-1, kraft.version: 0-1, metadata.version: 7-29, share.version: 0-1, streams.version: 0-1, transaction.version: 0-2}, rack=Optional.empty, fenced=false, inControlledShutdown=false, isMigratingZkBroker=false, directories=[rESoC5SUTFxzOXYdBHoLtg])
2026-04-20T14:00:51.605+03:00  WARN 92293 --- [Bank_System_test] [ionShutdownHook] org.hibernate.orm.jdbc.error             : HHH000247: ErrorCode: 0, SQLState: 08001
2026-04-20T14:00:51.605+03:00  WARN 92293 --- [Bank_System_test] [ionShutdownHook] org.hibernate.orm.jdbc.error             : HikariPool-1 - Connection is not available, request timed out after 3001ms (total=0, active=0, idle=0, waiting=0)
2026-04-20T14:00:51.605+03:00  WARN 92293 --- [Bank_System_test] [ionShutdownHook] org.hibernate.orm.jdbc.error             : HHH000247: ErrorCode: 0, SQLState: 08001
2026-04-20T14:00:51.605+03:00  WARN 92293 --- [Bank_System_test] [ionShutdownHook] org.hibernate.orm.jdbc.error             : HikariPool-1 - Connection is not available, request timed out after 3001ms (total=0, active=0, idle=0, waiting=0)
2026-04-20T14:00:51.607+03:00  WARN 92293 --- [Bank_System_test] [ionShutdownHook] o.s.b.f.support.DisposableBeanAdapter    : Invocation of destroy method failed on bean with name 'entityManagerFactory': org.hibernate.exception.JDBCConnectionException: Unable to open JDBC Connection for DDL execution [HikariPool-1 - Connection is not available, request timed out after 3001ms (total=0, active=0, idle=0, waiting=0)] [n/a]
2026-04-20T14:00:51.608+03:00  INFO 92293 --- [Bank_System_test] [ionShutdownHook] com.zaxxer.hikari.HikariDataSource       : HikariPool-1 - Shutdown initiated...
2026-04-20T14:00:51.617+03:00  INFO 92293 --- [Bank_System_test] [r-event-handler] state.change.logger                      : [Broker id=0] Transitioning 56 partition(s) to local followers.
2026-04-20T14:00:51.618+03:00  WARN 92293 --- [Bank_System_test] [r-event-handler] state.change.logger                      : [Broker id=0] Unable to bring up new local leader __consumer_offsets-13 with topic id oghpTLaBRi6a-aT51Qw0PQ because it resides in an offline log directory.
2026-04-20T14:00:51.618+03:00  WARN 92293 --- [Bank_System_test] [r-event-handler] state.change.logger                      : [Broker id=0] Unable to bring up new local leader __consumer_offsets-46 with topic id oghpTLaBRi6a-aT51Qw0PQ because it resides in an offline log directory.
2026-04-20T14:00:51.618+03:00  WARN 92293 --- [Bank_System_test] [r-event-handler] state.change.logger                      : [Broker id=0] Unable to bring up new local leader __consumer_offsets-9 with topic id oghpTLaBRi6a-aT51Qw0PQ because it resides in an offline log directory.
2026-04-20T14:00:51.618+03:00  WARN 92293 --- [Bank_System_test] [r-event-handler] state.change.logger                      : [Broker id=0] Unable to bring up new local leader __consumer_offsets-42 with topic id oghpTLaBRi6a-aT51Qw0PQ because it resides in an offline log directory.
2026-04-20T14:00:51.618+03:00  WARN 92293 --- [Bank_System_test] [r-event-handler] state.change.logger                      : [Broker id=0] Unable to bring up new local leader __consumer_offsets-21 with topic id oghpTLaBRi6a-aT51Qw0PQ because it resides in an offline log directory.
2026-04-20T14:00:51.618+03:00  WARN 92293 --- [Bank_System_test] [r-event-handler] state.change.logger                      : [Broker id=0] Unable to bring up new local leader __consumer_offsets-17 with topic id oghpTLaBRi6a-aT51Qw0PQ because it resides in an offline log directory.
2026-04-20T14:00:51.618+03:00  WARN 92293 --- [Bank_System_test] [r-event-handler] state.change.logger                      : [Broker id=0] Unable to bring up new local leader __consumer_offsets-30 with topic id oghpTLaBRi6a-aT51Qw0PQ because it resides in an offline log directory.
2026-04-20T14:00:51.618+03:00  WARN 92293 --- [Bank_System_test] [r-event-handler] state.change.logger                      : [Broker id=0] Unable to bring up new local leader __consumer_offsets-26 with topic id oghpTLaBRi6a-aT51Qw0PQ because it resides in an offline log directory.
2026-04-20T14:00:51.618+03:00  WARN 92293 --- [Bank_System_test] [r-event-handler] state.change.logger                      : [Broker id=0] Unable to bring up new local leader __consumer_offsets-5 with topic id oghpTLaBRi6a-aT51Qw0PQ because it resides in an offline log directory.
2026-04-20T14:00:51.619+03:00  WARN 92293 --- [Bank_System_test] [r-event-handler] state.change.logger                      : [Broker id=0] Unable to bring up new local leader __consumer_offsets-38 with topic id oghpTLaBRi6a-aT51Qw0PQ because it resides in an offline log directory.
2026-04-20T14:00:51.619+03:00  WARN 92293 --- [Bank_System_test] [r-event-handler] state.change.logger                      : [Broker id=0] Unable to bring up new local leader __consumer_offsets-1 with topic id oghpTLaBRi6a-aT51Qw0PQ because it resides in an offline log directory.
2026-04-20T14:00:51.619+03:00  WARN 92293 --- [Bank_System_test] [r-event-handler] state.change.logger                      : [Broker id=0] Unable to bring up new local leader __consumer_offsets-34 with topic id oghpTLaBRi6a-aT51Qw0PQ because it resides in an offline log directory.
2026-04-20T14:00:51.619+03:00  WARN 92293 --- [Bank_System_test] [r-event-handler] state.change.logger                      : [Broker id=0] Unable to bring up new local leader __consumer_offsets-16 with topic id oghpTLaBRi6a-aT51Qw0PQ because it resides in an offline log directory.
2026-04-20T14:00:51.619+03:00  WARN 92293 --- [Bank_System_test] [r-event-handler] state.change.logger                      : [Broker id=0] Unable to bring up new local leader __consumer_offsets-45 with topic id oghpTLaBRi6a-aT51Qw0PQ because it resides in an offline log directory.
2026-04-20T14:00:51.619+03:00  WARN 92293 --- [Bank_System_test] [r-event-handler] state.change.logger                      : [Broker id=0] Unable to bring up new local leader ai_messages-2 with topic id 3IMPWmjLRhmx_2GDyvqjrg because it resides in an offline log directory.
2026-04-20T14:00:51.619+03:00  WARN 92293 --- [Bank_System_test] [r-event-handler] state.change.logger                      : [Broker id=0] Unable to bring up new local leader __consumer_offsets-12 with topic id oghpTLaBRi6a-aT51Qw0PQ because it resides in an offline log directory.
2026-04-20T14:00:51.619+03:00  WARN 92293 --- [Bank_System_test] [r-event-handler] state.change.logger                      : [Broker id=0] Unable to bring up new local leader __consumer_offsets-41 with topic id oghpTLaBRi6a-aT51Qw0PQ because it resides in an offline log directory.
2026-04-20T14:00:51.619+03:00  WARN 92293 --- [Bank_System_test] [r-event-handler] state.change.logger                      : [Broker id=0] Unable to bring up new local leader bank_ai_answers-2 with topic id nn8NG5HFQeWFzNHHZuljnQ because it resides in an offline log directory.
2026-04-20T14:00:51.619+03:00  WARN 92293 --- [Bank_System_test] [r-event-handler] state.change.logger                      : [Broker id=0] Unable to bring up new local leader __consumer_offsets-24 with topic id oghpTLaBRi6a-aT51Qw0PQ because it resides in an offline log directory.
2026-04-20T14:00:51.619+03:00  WARN 92293 --- [Bank_System_test] [r-event-handler] state.change.logger                      : [Broker id=0] Unable to bring up new local leader __consumer_offsets-20 with topic id oghpTLaBRi6a-aT51Qw0PQ because it resides in an offline log directory.
2026-04-20T14:00:51.619+03:00  WARN 92293 --- [Bank_System_test] [r-event-handler] state.change.logger                      : [Broker id=0] Unable to bring up new local leader __consumer_offsets-49 with topic id oghpTLaBRi6a-aT51Qw0PQ because it resides in an offline log directory.
2026-04-20T14:00:51.619+03:00  WARN 92293 --- [Bank_System_test] [r-event-handler] state.change.logger                      : [Broker id=0] Unable to bring up new local leader __consumer_offsets-0 with topic id oghpTLaBRi6a-aT51Qw0PQ because it resides in an offline log directory.
2026-04-20T14:00:51.619+03:00  WARN 92293 --- [Bank_System_test] [r-event-handler] state.change.logger                      : [Broker id=0] Unable to bring up new local leader __consumer_offsets-29 with topic id oghpTLaBRi6a-aT51Qw0PQ because it resides in an offline log directory.
2026-04-20T14:00:51.619+03:00  WARN 92293 --- [Bank_System_test] [r-event-handler] state.change.logger                      : [Broker id=0] Unable to bring up new local leader __consumer_offsets-25 with topic id oghpTLaBRi6a-aT51Qw0PQ because it resides in an offline log directory.
2026-04-20T14:00:51.619+03:00  WARN 92293 --- [Bank_System_test] [r-event-handler] state.change.logger                      : [Broker id=0] Unable to bring up new local leader __consumer_offsets-8 with topic id oghpTLaBRi6a-aT51Qw0PQ because it resides in an offline log directory.
2026-04-20T14:00:51.619+03:00  WARN 92293 --- [Bank_System_test] [r-event-handler] state.change.logger                      : [Broker id=0] Unable to bring up new local leader __consumer_offsets-37 with topic id oghpTLaBRi6a-aT51Qw0PQ because it resides in an offline log directory.
2026-04-20T14:00:51.619+03:00  WARN 92293 --- [Bank_System_test] [r-event-handler] state.change.logger                      : [Broker id=0] Unable to bring up new local leader __consumer_offsets-4 with topic id oghpTLaBRi6a-aT51Qw0PQ because it resides in an offline log directory.
2026-04-20T14:00:51.619+03:00  WARN 92293 --- [Bank_System_test] [r-event-handler] state.change.logger                      : [Broker id=0] Unable to bring up new local leader __consumer_offsets-33 with topic id oghpTLaBRi6a-aT51Qw0PQ because it resides in an offline log directory.
2026-04-20T14:00:51.619+03:00  WARN 92293 --- [Bank_System_test] [r-event-handler] state.change.logger                      : [Broker id=0] Unable to bring up new local leader __consumer_offsets-15 with topic id oghpTLaBRi6a-aT51Qw0PQ because it resides in an offline log directory.
2026-04-20T14:00:51.619+03:00  WARN 92293 --- [Bank_System_test] [r-event-handler] state.change.logger                      : [Broker id=0] Unable to bring up new local leader __consumer_offsets-48 with topic id oghpTLaBRi6a-aT51Qw0PQ because it resides in an offline log directory.
2026-04-20T14:00:51.619+03:00  WARN 92293 --- [Bank_System_test] [r-event-handler] state.change.logger                      : [Broker id=0] Unable to bring up new local leader ai_messages-1 with topic id 3IMPWmjLRhmx_2GDyvqjrg because it resides in an offline log directory.
2026-04-20T14:00:51.619+03:00  WARN 92293 --- [Bank_System_test] [r-event-handler] state.change.logger                      : [Broker id=0] Unable to bring up new local leader __consumer_offsets-11 with topic id oghpTLaBRi6a-aT51Qw0PQ because it resides in an offline log directory.
2026-04-20T14:00:51.619+03:00  WARN 92293 --- [Bank_System_test] [r-event-handler] state.change.logger                      : [Broker id=0] Unable to bring up new local leader __consumer_offsets-44 with topic id oghpTLaBRi6a-aT51Qw0PQ because it resides in an offline log directory.
2026-04-20T14:00:51.619+03:00  WARN 92293 --- [Bank_System_test] [r-event-handler] state.change.logger                      : [Broker id=0] Unable to bring up new local leader bank_ai_answers-1 with topic id nn8NG5HFQeWFzNHHZuljnQ because it resides in an offline log directory.
2026-04-20T14:00:51.619+03:00  WARN 92293 --- [Bank_System_test] [r-event-handler] state.change.logger                      : [Broker id=0] Unable to bring up new local leader __consumer_offsets-23 with topic id oghpTLaBRi6a-aT51Qw0PQ because it resides in an offline log directory.
2026-04-20T14:00:51.619+03:00  WARN 92293 --- [Bank_System_test] [r-event-handler] state.change.logger                      : [Broker id=0] Unable to bring up new local leader __consumer_offsets-19 with topic id oghpTLaBRi6a-aT51Qw0PQ because it resides in an offline log directory.
2026-04-20T14:00:51.619+03:00  WARN 92293 --- [Bank_System_test] [r-event-handler] state.change.logger                      : [Broker id=0] Unable to bring up new local leader __consumer_offsets-32 with topic id oghpTLaBRi6a-aT51Qw0PQ because it resides in an offline log directory.
2026-04-20T14:00:51.620+03:00  WARN 92293 --- [Bank_System_test] [r-event-handler] state.change.logger                      : [Broker id=0] Unable to bring up new local leader __consumer_offsets-28 with topic id oghpTLaBRi6a-aT51Qw0PQ because it resides in an offline log directory.
2026-04-20T14:00:51.620+03:00  WARN 92293 --- [Bank_System_test] [r-event-handler] state.change.logger                      : [Broker id=0] Unable to bring up new local leader __consumer_offsets-7 with topic id oghpTLaBRi6a-aT51Qw0PQ because it resides in an offline log directory.
2026-04-20T14:00:51.620+03:00  WARN 92293 --- [Bank_System_test] [r-event-handler] state.change.logger                      : [Broker id=0] Unable to bring up new local leader __consumer_offsets-40 with topic id oghpTLaBRi6a-aT51Qw0PQ because it resides in an offline log directory.
2026-04-20T14:00:51.620+03:00  WARN 92293 --- [Bank_System_test] [r-event-handler] state.change.logger                      : [Broker id=0] Unable to bring up new local leader __consumer_offsets-3 with topic id oghpTLaBRi6a-aT51Qw0PQ because it resides in an offline log directory.
2026-04-20T14:00:51.620+03:00  WARN 92293 --- [Bank_System_test] [r-event-handler] state.change.logger                      : [Broker id=0] Unable to bring up new local leader __consumer_offsets-36 with topic id oghpTLaBRi6a-aT51Qw0PQ because it resides in an offline log directory.
2026-04-20T14:00:51.620+03:00  WARN 92293 --- [Bank_System_test] [r-event-handler] state.change.logger                      : [Broker id=0] Unable to bring up new local leader __consumer_offsets-47 with topic id oghpTLaBRi6a-aT51Qw0PQ because it resides in an offline log directory.
2026-04-20T14:00:51.620+03:00  WARN 92293 --- [Bank_System_test] [r-event-handler] state.change.logger                      : [Broker id=0] Unable to bring up new local leader __consumer_offsets-14 with topic id oghpTLaBRi6a-aT51Qw0PQ because it resides in an offline log directory.
2026-04-20T14:00:51.620+03:00  WARN 92293 --- [Bank_System_test] [r-event-handler] state.change.logger                      : [Broker id=0] Unable to bring up new local leader __consumer_offsets-43 with topic id oghpTLaBRi6a-aT51Qw0PQ because it resides in an offline log directory.
2026-04-20T14:00:51.620+03:00  WARN 92293 --- [Bank_System_test] [r-event-handler] state.change.logger                      : [Broker id=0] Unable to bring up new local leader bank_ai_answers-0 with topic id nn8NG5HFQeWFzNHHZuljnQ because it resides in an offline log directory.
2026-04-20T14:00:51.620+03:00  WARN 92293 --- [Bank_System_test] [r-event-handler] state.change.logger                      : [Broker id=0] Unable to bring up new local leader ai_messages-0 with topic id 3IMPWmjLRhmx_2GDyvqjrg because it resides in an offline log directory.
2026-04-20T14:00:51.620+03:00  WARN 92293 --- [Bank_System_test] [r-event-handler] state.change.logger                      : [Broker id=0] Unable to bring up new local leader __consumer_offsets-10 with topic id oghpTLaBRi6a-aT51Qw0PQ because it resides in an offline log directory.
2026-04-20T14:00:51.620+03:00  WARN 92293 --- [Bank_System_test] [r-event-handler] state.change.logger                      : [Broker id=0] Unable to bring up new local leader __consumer_offsets-22 with topic id oghpTLaBRi6a-aT51Qw0PQ because it resides in an offline log directory.
2026-04-20T14:00:51.620+03:00  WARN 92293 --- [Bank_System_test] [r-event-handler] state.change.logger                      : [Broker id=0] Unable to bring up new local leader __consumer_offsets-18 with topic id oghpTLaBRi6a-aT51Qw0PQ because it resides in an offline log directory.
2026-04-20T14:00:51.620+03:00  WARN 92293 --- [Bank_System_test] [r-event-handler] state.change.logger                      : [Broker id=0] Unable to bring up new local leader __consumer_offsets-31 with topic id oghpTLaBRi6a-aT51Qw0PQ because it resides in an offline log directory.
2026-04-20T14:00:51.620+03:00  WARN 92293 --- [Bank_System_test] [r-event-handler] state.change.logger                      : [Broker id=0] Unable to bring up new local leader __consumer_offsets-27 with topic id oghpTLaBRi6a-aT51Qw0PQ because it resides in an offline log directory.
2026-04-20T14:00:51.620+03:00  WARN 92293 --- [Bank_System_test] [r-event-handler] state.change.logger                      : [Broker id=0] Unable to bring up new local leader __consumer_offsets-39 with topic id oghpTLaBRi6a-aT51Qw0PQ because it resides in an offline log directory.
2026-04-20T14:00:51.620+03:00  WARN 92293 --- [Bank_System_test] [r-event-handler] state.change.logger                      : [Broker id=0] Unable to bring up new local leader __consumer_offsets-6 with topic id oghpTLaBRi6a-aT51Qw0PQ because it resides in an offline log directory.
2026-04-20T14:00:51.620+03:00  WARN 92293 --- [Bank_System_test] [r-event-handler] state.change.logger                      : [Broker id=0] Unable to bring up new local leader __consumer_offsets-35 with topic id oghpTLaBRi6a-aT51Qw0PQ because it resides in an offline log directory.
2026-04-20T14:00:51.620+03:00  WARN 92293 --- [Bank_System_test] [r-event-handler] state.change.logger                      : [Broker id=0] Unable to bring up new local leader __consumer_offsets-2 with topic id oghpTLaBRi6a-aT51Qw0PQ because it resides in an offline log directory.
2026-04-20T14:00:51.621+03:00  INFO 92293 --- [Bank_System_test] [r-event-handler] o.a.k.c.c.runtime.CoordinatorRuntime     : [GroupCoordinator id=0] Scheduling unloading of metadata for __consumer_offsets-13 with epoch OptionalInt[1]
2026-04-20T14:00:51.621+03:00  INFO 92293 --- [Bank_System_test] [r-event-handler] o.a.k.c.c.runtime.CoordinatorRuntime     : [GroupCoordinator id=0] Scheduling unloading of metadata for __consumer_offsets-46 with epoch OptionalInt[1]
2026-04-20T14:00:51.621+03:00  INFO 92293 --- [Bank_System_test] [r-event-handler] o.a.k.c.c.runtime.CoordinatorRuntime     : [GroupCoordinator id=0] Scheduling unloading of metadata for __consumer_offsets-9 with epoch OptionalInt[1]
2026-04-20T14:00:51.621+03:00  INFO 92293 --- [Bank_System_test] [r-event-handler] o.a.k.c.c.runtime.CoordinatorRuntime     : [GroupCoordinator id=0] Scheduling unloading of metadata for __consumer_offsets-42 with epoch OptionalInt[1]
2026-04-20T14:00:51.621+03:00  INFO 92293 --- [Bank_System_test] [r-event-handler] o.a.k.c.c.runtime.CoordinatorRuntime     : [GroupCoordinator id=0] Scheduling unloading of metadata for __consumer_offsets-21 with epoch OptionalInt[1]
2026-04-20T14:00:51.621+03:00  INFO 92293 --- [Bank_System_test] [r-event-handler] o.a.k.c.c.runtime.CoordinatorRuntime     : [GroupCoordinator id=0] Scheduling unloading of metadata for __consumer_offsets-17 with epoch OptionalInt[1]
2026-04-20T14:00:51.621+03:00  INFO 92293 --- [Bank_System_test] [ent-processor-3] o.a.k.c.c.runtime.CoordinatorRuntime     : [GroupCoordinator id=0] Started unloading metadata for __consumer_offsets-46 with epoch OptionalInt[1].
2026-04-20T14:00:51.621+03:00  INFO 92293 --- [Bank_System_test] [r-event-handler] o.a.k.c.c.runtime.CoordinatorRuntime     : [GroupCoordinator id=0] Scheduling unloading of metadata for __consumer_offsets-30 with epoch OptionalInt[1]
2026-04-20T14:00:51.621+03:00  INFO 92293 --- [Bank_System_test] [ent-processor-2] o.a.k.c.c.runtime.CoordinatorRuntime     : [GroupCoordinator id=0] Started unloading metadata for __consumer_offsets-21 with epoch OptionalInt[1].
2026-04-20T14:00:51.621+03:00  INFO 92293 --- [Bank_System_test] [ent-processor-1] o.a.k.c.c.runtime.CoordinatorRuntime     : [GroupCoordinator id=0] Started unloading metadata for __consumer_offsets-17 with epoch OptionalInt[1].
2026-04-20T14:00:51.621+03:00  INFO 92293 --- [Bank_System_test] [ent-processor-0] o.a.k.c.c.runtime.CoordinatorRuntime     : [GroupCoordinator id=0] Started unloading metadata for __consumer_offsets-42 with epoch OptionalInt[1].
2026-04-20T14:00:51.621+03:00  INFO 92293 --- [Bank_System_test] [ent-processor-3] o.a.k.c.c.runtime.CoordinatorRuntime     : [GroupCoordinator id=0] Finished unloading metadata for __consumer_offsets-46 with epoch OptionalInt[1].
2026-04-20T14:00:51.621+03:00  INFO 92293 --- [Bank_System_test] [r-event-handler] o.a.k.c.c.runtime.CoordinatorRuntime     : [GroupCoordinator id=0] Scheduling unloading of metadata for __consumer_offsets-26 with epoch OptionalInt[1]
2026-04-20T14:00:51.621+03:00  INFO 92293 --- [Bank_System_test] [ent-processor-1] o.a.k.c.c.runtime.CoordinatorRuntime     : [GroupCoordinator id=0] Finished unloading metadata for __consumer_offsets-17 with epoch OptionalInt[1].
2026-04-20T14:00:51.621+03:00  INFO 92293 --- [Bank_System_test] [r-event-handler] o.a.k.c.c.runtime.CoordinatorRuntime     : [GroupCoordinator id=0] Scheduling unloading of metadata for __consumer_offsets-5 with epoch OptionalInt[1]
2026-04-20T14:00:51.621+03:00  INFO 92293 --- [Bank_System_test] [ent-processor-3] o.a.k.c.c.runtime.CoordinatorRuntime     : [GroupCoordinator id=0] Started unloading metadata for __consumer_offsets-9 with epoch OptionalInt[1].
2026-04-20T14:00:51.621+03:00  INFO 92293 --- [Bank_System_test] [ent-processor-0] o.a.k.c.c.runtime.CoordinatorRuntime     : [GroupCoordinator id=0] Finished unloading metadata for __consumer_offsets-42 with epoch OptionalInt[1].
2026-04-20T14:00:51.621+03:00  INFO 92293 --- [Bank_System_test] [r-event-handler] o.a.k.c.c.runtime.CoordinatorRuntime     : [GroupCoordinator id=0] Scheduling unloading of metadata for __consumer_offsets-38 with epoch OptionalInt[1]
2026-04-20T14:00:51.621+03:00  INFO 92293 --- [Bank_System_test] [ent-processor-1] o.a.k.c.c.runtime.CoordinatorRuntime     : [GroupCoordinator id=0] Started unloading metadata for __consumer_offsets-13 with epoch OptionalInt[1].
2026-04-20T14:00:51.621+03:00  INFO 92293 --- [Bank_System_test] [ent-processor-2] o.a.k.c.c.runtime.CoordinatorRuntime     : [GroupCoordinator id=0] Finished unloading metadata for __consumer_offsets-21 with epoch OptionalInt[1].
2026-04-20T14:00:51.621+03:00  INFO 92293 --- [Bank_System_test] [ent-processor-0] o.a.k.c.c.runtime.CoordinatorRuntime     : [GroupCoordinator id=0] Started unloading metadata for __consumer_offsets-30 with epoch OptionalInt[1].
2026-04-20T14:00:51.621+03:00  INFO 92293 --- [Bank_System_test] [r-event-handler] o.a.k.c.c.runtime.CoordinatorRuntime     : [GroupCoordinator id=0] Scheduling unloading of metadata for __consumer_offsets-1 with epoch OptionalInt[1]
2026-04-20T14:00:51.621+03:00  INFO 92293 --- [Bank_System_test] [ent-processor-3] o.a.k.c.c.runtime.CoordinatorRuntime     : [GroupCoordinator id=0] Finished unloading metadata for __consumer_offsets-9 with epoch OptionalInt[1].
2026-04-20T14:00:51.621+03:00  INFO 92293 --- [Bank_System_test] [ent-processor-1] o.a.k.c.c.runtime.CoordinatorRuntime     : [GroupCoordinator id=0] Finished unloading metadata for __consumer_offsets-13 with epoch OptionalInt[1].
2026-04-20T14:00:51.621+03:00  INFO 92293 --- [Bank_System_test] [ent-processor-0] o.a.k.c.c.runtime.CoordinatorRuntime     : [GroupCoordinator id=0] Finished unloading metadata for __consumer_offsets-30 with epoch OptionalInt[1].
2026-04-20T14:00:51.621+03:00  INFO 92293 --- [Bank_System_test] [r-event-handler] o.a.k.c.c.runtime.CoordinatorRuntime     : [GroupCoordinator id=0] Scheduling unloading of metadata for __consumer_offsets-34 with epoch OptionalInt[1]
2026-04-20T14:00:51.621+03:00  INFO 92293 --- [Bank_System_test] [ent-processor-1] o.a.k.c.c.runtime.CoordinatorRuntime     : [GroupCoordinator id=0] Started unloading metadata for __consumer_offsets-26 with epoch OptionalInt[1].
2026-04-20T14:00:51.621+03:00  INFO 92293 --- [Bank_System_test] [ent-processor-2] o.a.k.c.c.runtime.CoordinatorRuntime     : [GroupCoordinator id=0] Started unloading metadata for __consumer_offsets-5 with epoch OptionalInt[1].
2026-04-20T14:00:51.621+03:00  INFO 92293 --- [Bank_System_test] [ent-processor-0] o.a.k.c.c.runtime.CoordinatorRuntime     : [GroupCoordinator id=0] Started unloading metadata for __consumer_offsets-1 with epoch OptionalInt[1].
2026-04-20T14:00:51.621+03:00  INFO 92293 --- [Bank_System_test] [ent-processor-3] o.a.k.c.c.runtime.CoordinatorRuntime     : [GroupCoordinator id=0] Started unloading metadata for __consumer_offsets-38 with epoch OptionalInt[1].
2026-04-20T14:00:51.621+03:00  INFO 92293 --- [Bank_System_test] [ent-processor-0] o.a.k.c.c.runtime.CoordinatorRuntime     : [GroupCoordinator id=0] Finished unloading metadata for __consumer_offsets-1 with epoch OptionalInt[1].
2026-04-20T14:00:51.621+03:00  INFO 92293 --- [Bank_System_test] [r-event-handler] o.a.k.c.c.runtime.CoordinatorRuntime     : [GroupCoordinator id=0] Scheduling unloading of metadata for __consumer_offsets-16 with epoch OptionalInt[1]
2026-04-20T14:00:51.621+03:00  INFO 92293 --- [Bank_System_test] [ent-processor-3] o.a.k.c.c.runtime.CoordinatorRuntime     : [GroupCoordinator id=0] Finished unloading metadata for __consumer_offsets-38 with epoch OptionalInt[1].
2026-04-20T14:00:51.621+03:00  INFO 92293 --- [Bank_System_test] [ent-processor-1] o.a.k.c.c.runtime.CoordinatorRuntime     : [GroupCoordinator id=0] Finished unloading metadata for __consumer_offsets-26 with epoch OptionalInt[1].
2026-04-20T14:00:51.621+03:00  INFO 92293 --- [Bank_System_test] [r-event-handler] o.a.k.c.c.runtime.CoordinatorRuntime     : [GroupCoordinator id=0] Scheduling unloading of metadata for __consumer_offsets-45 with epoch OptionalInt[1]
2026-04-20T14:00:51.621+03:00  INFO 92293 --- [Bank_System_test] [ent-processor-2] o.a.k.c.c.runtime.CoordinatorRuntime     : [GroupCoordinator id=0] Finished unloading metadata for __consumer_offsets-5 with epoch OptionalInt[1].
2026-04-20T14:00:51.622+03:00  INFO 92293 --- [Bank_System_test] [r-event-handler] o.a.k.c.c.runtime.CoordinatorRuntime     : [GroupCoordinator id=0] Scheduling unloading of metadata for __consumer_offsets-12 with epoch OptionalInt[1]
2026-04-20T14:00:51.621+03:00  INFO 92293 --- [Bank_System_test] [ent-processor-0] o.a.k.c.c.runtime.CoordinatorRuntime     : [GroupCoordinator id=0] Started unloading metadata for __consumer_offsets-34 with epoch OptionalInt[1].
2026-04-20T14:00:51.622+03:00  INFO 92293 --- [Bank_System_test] [r-event-handler] o.a.k.c.c.runtime.CoordinatorRuntime     : [GroupCoordinator id=0] Scheduling unloading of metadata for __consumer_offsets-41 with epoch OptionalInt[1]
2026-04-20T14:00:51.621+03:00  INFO 92293 --- [Bank_System_test] [ent-processor-3] o.a.k.c.c.runtime.CoordinatorRuntime     : [GroupCoordinator id=0] Started unloading metadata for __consumer_offsets-16 with epoch OptionalInt[1].
2026-04-20T14:00:51.622+03:00  INFO 92293 --- [Bank_System_test] [r-event-handler] o.a.k.c.c.runtime.CoordinatorRuntime     : [GroupCoordinator id=0] Scheduling unloading of metadata for __consumer_offsets-24 with epoch OptionalInt[1]
2026-04-20T14:00:51.622+03:00  INFO 92293 --- [Bank_System_test] [ent-processor-1] o.a.k.c.c.runtime.CoordinatorRuntime     : [GroupCoordinator id=0] Started unloading metadata for __consumer_offsets-45 with epoch OptionalInt[1].
2026-04-20T14:00:51.622+03:00  INFO 92293 --- [Bank_System_test] [ent-processor-0] o.a.k.c.c.runtime.CoordinatorRuntime     : [GroupCoordinator id=0] Finished unloading metadata for __consumer_offsets-34 with epoch OptionalInt[1].
2026-04-20T14:00:51.622+03:00  INFO 92293 --- [Bank_System_test] [r-event-handler] o.a.k.c.c.runtime.CoordinatorRuntime     : [GroupCoordinator id=0] Scheduling unloading of metadata for __consumer_offsets-20 with epoch OptionalInt[1]
2026-04-20T14:00:51.622+03:00  INFO 92293 --- [Bank_System_test] [ent-processor-2] o.a.k.c.c.runtime.CoordinatorRuntime     : [GroupCoordinator id=0] Started unloading metadata for __consumer_offsets-12 with epoch OptionalInt[1].
2026-04-20T14:00:51.622+03:00  INFO 92293 --- [Bank_System_test] [r-event-handler] o.a.k.c.c.runtime.CoordinatorRuntime     : [GroupCoordinator id=0] Scheduling unloading of metadata for __consumer_offsets-49 with epoch OptionalInt[1]
2026-04-20T14:00:51.622+03:00  INFO 92293 --- [Bank_System_test] [ent-processor-0] o.a.k.c.c.runtime.CoordinatorRuntime     : [GroupCoordinator id=0] Started unloading metadata for __consumer_offsets-41 with epoch OptionalInt[1].
2026-04-20T14:00:51.622+03:00  INFO 92293 --- [Bank_System_test] [ent-processor-1] o.a.k.c.c.runtime.CoordinatorRuntime     : [GroupCoordinator id=0] Finished unloading metadata for __consumer_offsets-45 with epoch OptionalInt[1].
2026-04-20T14:00:51.622+03:00  INFO 92293 --- [Bank_System_test] [r-event-handler] o.a.k.c.c.runtime.CoordinatorRuntime     : [GroupCoordinator id=0] Scheduling unloading of metadata for __consumer_offsets-0 with epoch OptionalInt[1]
2026-04-20T14:00:51.622+03:00  INFO 92293 --- [Bank_System_test] [ent-processor-3] o.a.k.c.c.runtime.CoordinatorRuntime     : [GroupCoordinator id=0] Finished unloading metadata for __consumer_offsets-16 with epoch OptionalInt[1].
2026-04-20T14:00:51.622+03:00  INFO 92293 --- [Bank_System_test] [r-event-handler] o.a.k.c.c.runtime.CoordinatorRuntime     : [GroupCoordinator id=0] Scheduling unloading of metadata for __consumer_offsets-29 with epoch OptionalInt[1]
2026-04-20T14:00:51.622+03:00  INFO 92293 --- [Bank_System_test] [ent-processor-1] o.a.k.c.c.runtime.CoordinatorRuntime     : [GroupCoordinator id=0] Started unloading metadata for __consumer_offsets-20 with epoch OptionalInt[1].
2026-04-20T14:00:51.622+03:00  INFO 92293 --- [Bank_System_test] [ent-processor-3] o.a.k.c.c.runtime.CoordinatorRuntime     : [GroupCoordinator id=0] Started unloading metadata for __consumer_offsets-49 with epoch OptionalInt[1].
2026-04-20T14:00:51.622+03:00  INFO 92293 --- [Bank_System_test] [ent-processor-0] o.a.k.c.c.runtime.CoordinatorRuntime     : [GroupCoordinator id=0] Finished unloading metadata for __consumer_offsets-41 with epoch OptionalInt[1].
2026-04-20T14:00:51.622+03:00  INFO 92293 --- [Bank_System_test] [ent-processor-2] o.a.k.c.c.runtime.CoordinatorRuntime     : [GroupCoordinator id=0] Finished unloading metadata for __consumer_offsets-12 with epoch OptionalInt[1].
2026-04-20T14:00:51.622+03:00  INFO 92293 --- [Bank_System_test] [r-event-handler] o.a.k.c.c.runtime.CoordinatorRuntime     : [GroupCoordinator id=0] Scheduling unloading of metadata for __consumer_offsets-25 with epoch OptionalInt[1]
2026-04-20T14:00:51.622+03:00  INFO 92293 --- [Bank_System_test] [ent-processor-0] o.a.k.c.c.runtime.CoordinatorRuntime     : [GroupCoordinator id=0] Started unloading metadata for __consumer_offsets-29 with epoch OptionalInt[1].
2026-04-20T14:00:51.622+03:00  INFO 92293 --- [Bank_System_test] [r-event-handler] o.a.k.c.c.runtime.CoordinatorRuntime     : [GroupCoordinator id=0] Scheduling unloading of metadata for __consumer_offsets-8 with epoch OptionalInt[1]
2026-04-20T14:00:51.622+03:00  INFO 92293 --- [Bank_System_test] [ent-processor-2] o.a.k.c.c.runtime.CoordinatorRuntime     : [GroupCoordinator id=0] Started unloading metadata for __consumer_offsets-0 with epoch OptionalInt[1].
2026-04-20T14:00:51.622+03:00  INFO 92293 --- [Bank_System_test] [r-event-handler] o.a.k.c.c.runtime.CoordinatorRuntime     : [GroupCoordinator id=0] Scheduling unloading of metadata for __consumer_offsets-37 with epoch OptionalInt[1]
2026-04-20T14:00:51.622+03:00  INFO 92293 --- [Bank_System_test] [ent-processor-3] o.a.k.c.c.runtime.CoordinatorRuntime     : [GroupCoordinator id=0] Finished unloading metadata for __consumer_offsets-49 with epoch OptionalInt[1].
2026-04-20T14:00:51.622+03:00  INFO 92293 --- [Bank_System_test] [r-event-handler] o.a.k.c.c.runtime.CoordinatorRuntime     : [GroupCoordinator id=0] Scheduling unloading of metadata for __consumer_offsets-4 with epoch OptionalInt[1]
2026-04-20T14:00:51.622+03:00  INFO 92293 --- [Bank_System_test] [ent-processor-1] o.a.k.c.c.runtime.CoordinatorRuntime     : [GroupCoordinator id=0] Finished unloading metadata for __consumer_offsets-20 with epoch OptionalInt[1].
2026-04-20T14:00:51.622+03:00  INFO 92293 --- [Bank_System_test] [ent-processor-0] o.a.k.c.c.runtime.CoordinatorRuntime     : [GroupCoordinator id=0] Finished unloading metadata for __consumer_offsets-29 with epoch OptionalInt[1].
2026-04-20T14:00:51.622+03:00  INFO 92293 --- [Bank_System_test] [ent-processor-3] o.a.k.c.c.runtime.CoordinatorRuntime     : [GroupCoordinator id=0] Started unloading metadata for __consumer_offsets-8 with epoch OptionalInt[1].
2026-04-20T14:00:51.622+03:00  INFO 92293 --- [Bank_System_test] [r-event-handler] o.a.k.c.c.runtime.CoordinatorRuntime     : [GroupCoordinator id=0] Scheduling unloading of metadata for __consumer_offsets-33 with epoch OptionalInt[1]
2026-04-20T14:00:51.622+03:00  INFO 92293 --- [Bank_System_test] [ent-processor-0] o.a.k.c.c.runtime.CoordinatorRuntime     : [GroupCoordinator id=0] Started unloading metadata for __consumer_offsets-24 with epoch OptionalInt[1].
2026-04-20T14:00:51.622+03:00  INFO 92293 --- [Bank_System_test] [ent-processor-2] o.a.k.c.c.runtime.CoordinatorRuntime     : [GroupCoordinator id=0] Finished unloading metadata for __consumer_offsets-0 with epoch OptionalInt[1].
2026-04-20T14:00:51.622+03:00  INFO 92293 --- [Bank_System_test] [ent-processor-3] o.a.k.c.c.runtime.CoordinatorRuntime     : [GroupCoordinator id=0] Finished unloading metadata for __consumer_offsets-8 with epoch OptionalInt[1].
2026-04-20T14:00:51.622+03:00  INFO 92293 --- [Bank_System_test] [ent-processor-0] o.a.k.c.c.runtime.CoordinatorRuntime     : [GroupCoordinator id=0] Finished unloading metadata for __consumer_offsets-24 with epoch OptionalInt[1].
2026-04-20T14:00:51.622+03:00  INFO 92293 --- [Bank_System_test] [ent-processor-1] o.a.k.c.c.runtime.CoordinatorRuntime     : [GroupCoordinator id=0] Started unloading metadata for __consumer_offsets-37 with epoch OptionalInt[1].
2026-04-20T14:00:51.622+03:00  INFO 92293 --- [Bank_System_test] [r-event-handler] o.a.k.c.c.runtime.CoordinatorRuntime     : [GroupCoordinator id=0] Scheduling unloading of metadata for __consumer_offsets-15 with epoch OptionalInt[1]
2026-04-20T14:00:51.622+03:00  INFO 92293 --- [Bank_System_test] [ent-processor-3] o.a.k.c.c.runtime.CoordinatorRuntime     : [GroupCoordinator id=0] Started unloading metadata for __consumer_offsets-33 with epoch OptionalInt[1].
2026-04-20T14:00:51.622+03:00  INFO 92293 --- [Bank_System_test] [ent-processor-0] o.a.k.c.c.runtime.CoordinatorRuntime     : [GroupCoordinator id=0] Started unloading metadata for __consumer_offsets-4 with epoch OptionalInt[1].
2026-04-20T14:00:51.622+03:00  INFO 92293 --- [Bank_System_test] [r-event-handler] o.a.k.c.c.runtime.CoordinatorRuntime     : [GroupCoordinator id=0] Scheduling unloading of metadata for __consumer_offsets-48 with epoch OptionalInt[1]
2026-04-20T14:00:51.622+03:00  INFO 92293 --- [Bank_System_test] [ent-processor-2] o.a.k.c.c.runtime.CoordinatorRuntime     : [GroupCoordinator id=0] Started unloading metadata for __consumer_offsets-25 with epoch OptionalInt[1].
2026-04-20T14:00:51.622+03:00  INFO 92293 --- [Bank_System_test] [r-event-handler] o.a.k.c.c.runtime.CoordinatorRuntime     : [GroupCoordinator id=0] Scheduling unloading of metadata for __consumer_offsets-11 with epoch OptionalInt[1]
2026-04-20T14:00:51.622+03:00  INFO 92293 --- [Bank_System_test] [ent-processor-0] o.a.k.c.c.runtime.CoordinatorRuntime     : [GroupCoordinator id=0] Finished unloading metadata for __consumer_offsets-4 with epoch OptionalInt[1].
2026-04-20T14:00:51.622+03:00  INFO 92293 --- [Bank_System_test] [ent-processor-1] o.a.k.c.c.runtime.CoordinatorRuntime     : [GroupCoordinator id=0] Finished unloading metadata for __consumer_offsets-37 with epoch OptionalInt[1].
2026-04-20T14:00:51.622+03:00  INFO 92293 --- [Bank_System_test] [r-event-handler] o.a.k.c.c.runtime.CoordinatorRuntime     : [GroupCoordinator id=0] Scheduling unloading of metadata for __consumer_offsets-44 with epoch OptionalInt[1]
2026-04-20T14:00:51.622+03:00  INFO 92293 --- [Bank_System_test] [ent-processor-0] o.a.k.c.c.runtime.CoordinatorRuntime     : [GroupCoordinator id=0] Started unloading metadata for __consumer_offsets-11 with epoch OptionalInt[1].
2026-04-20T14:00:51.622+03:00  INFO 92293 --- [Bank_System_test] [ent-processor-2] o.a.k.c.c.runtime.CoordinatorRuntime     : [GroupCoordinator id=0] Finished unloading metadata for __consumer_offsets-25 with epoch OptionalInt[1].
2026-04-20T14:00:51.622+03:00  INFO 92293 --- [Bank_System_test] [r-event-handler] o.a.k.c.c.runtime.CoordinatorRuntime     : [GroupCoordinator id=0] Scheduling unloading of metadata for __consumer_offsets-23 with epoch OptionalInt[1]
2026-04-20T14:00:51.622+03:00  INFO 92293 --- [Bank_System_test] [ent-processor-3] o.a.k.c.c.runtime.CoordinatorRuntime     : [GroupCoordinator id=0] Finished unloading metadata for __consumer_offsets-33 with epoch OptionalInt[1].
2026-04-20T14:00:51.622+03:00  INFO 92293 --- [Bank_System_test] [r-event-handler] o.a.k.c.c.runtime.CoordinatorRuntime     : [GroupCoordinator id=0] Scheduling unloading of metadata for __consumer_offsets-19 with epoch OptionalInt[1]
2026-04-20T14:00:51.622+03:00  INFO 92293 --- [Bank_System_test] [ent-processor-1] o.a.k.c.c.runtime.CoordinatorRuntime     : [GroupCoordinator id=0] Started unloading metadata for __consumer_offsets-48 with epoch OptionalInt[1].
2026-04-20T14:00:51.622+03:00  INFO 92293 --- [Bank_System_test] [ent-processor-0] o.a.k.c.c.runtime.CoordinatorRuntime     : [GroupCoordinator id=0] Finished unloading metadata for __consumer_offsets-11 with epoch OptionalInt[1].
2026-04-20T14:00:51.622+03:00  INFO 92293 --- [Bank_System_test] [ent-processor-2] o.a.k.c.c.runtime.CoordinatorRuntime     : [GroupCoordinator id=0] Started unloading metadata for __consumer_offsets-23 with epoch OptionalInt[1].
2026-04-20T14:00:51.622+03:00  INFO 92293 --- [Bank_System_test] [ent-processor-3] o.a.k.c.c.runtime.CoordinatorRuntime     : [GroupCoordinator id=0] Started unloading metadata for __consumer_offsets-15 with epoch OptionalInt[1].
2026-04-20T14:00:51.622+03:00  INFO 92293 --- [Bank_System_test] [r-event-handler] o.a.k.c.c.runtime.CoordinatorRuntime     : [GroupCoordinator id=0] Scheduling unloading of metadata for __consumer_offsets-32 with epoch OptionalInt[1]
2026-04-20T14:00:51.622+03:00  INFO 92293 --- [Bank_System_test] [ent-processor-1] o.a.k.c.c.runtime.CoordinatorRuntime     : [GroupCoordinator id=0] Finished unloading metadata for __consumer_offsets-48 with epoch OptionalInt[1].
2026-04-20T14:00:51.622+03:00  INFO 92293 --- [Bank_System_test] [ent-processor-0] o.a.k.c.c.runtime.CoordinatorRuntime     : [GroupCoordinator id=0] Started unloading metadata for __consumer_offsets-19 with epoch OptionalInt[1].
2026-04-20T14:00:51.622+03:00  INFO 92293 --- [Bank_System_test] [ent-processor-2] o.a.k.c.c.runtime.CoordinatorRuntime     : [GroupCoordinator id=0] Finished unloading metadata for __consumer_offsets-23 with epoch OptionalInt[1].
2026-04-20T14:00:51.622+03:00  INFO 92293 --- [Bank_System_test] [r-event-handler] o.a.k.c.c.runtime.CoordinatorRuntime     : [GroupCoordinator id=0] Scheduling unloading of metadata for __consumer_offsets-28 with epoch OptionalInt[1]
2026-04-20T14:00:51.622+03:00  INFO 92293 --- [Bank_System_test] [ent-processor-0] o.a.k.c.c.runtime.CoordinatorRuntime     : [GroupCoordinator id=0] Finished unloading metadata for __consumer_offsets-19 with epoch OptionalInt[1].
2026-04-20T14:00:51.622+03:00  INFO 92293 --- [Bank_System_test] [ent-processor-3] o.a.k.c.c.runtime.CoordinatorRuntime     : [GroupCoordinator id=0] Finished unloading metadata for __consumer_offsets-15 with epoch OptionalInt[1].
2026-04-20T14:00:51.622+03:00  INFO 92293 --- [Bank_System_test] [r-event-handler] o.a.k.c.c.runtime.CoordinatorRuntime     : [GroupCoordinator id=0] Scheduling unloading of metadata for __consumer_offsets-7 with epoch OptionalInt[1]
2026-04-20T14:00:51.622+03:00  INFO 92293 --- [Bank_System_test] [ent-processor-0] o.a.k.c.c.runtime.CoordinatorRuntime     : [GroupCoordinator id=0] Started unloading metadata for __consumer_offsets-28 with epoch OptionalInt[1].
2026-04-20T14:00:51.622+03:00  INFO 92293 --- [Bank_System_test] [r-event-handler] o.a.k.c.c.runtime.CoordinatorRuntime     : [GroupCoordinator id=0] Scheduling unloading of metadata for __consumer_offsets-40 with epoch OptionalInt[1]
2026-04-20T14:00:51.622+03:00  INFO 92293 --- [Bank_System_test] [ent-processor-1] o.a.k.c.c.runtime.CoordinatorRuntime     : [GroupCoordinator id=0] Started unloading metadata for __consumer_offsets-32 with epoch OptionalInt[1].
2026-04-20T14:00:51.623+03:00  INFO 92293 --- [Bank_System_test] [r-event-handler] o.a.k.c.c.runtime.CoordinatorRuntime     : [GroupCoordinator id=0] Scheduling unloading of metadata for __consumer_offsets-3 with epoch OptionalInt[1]
2026-04-20T14:00:51.623+03:00  INFO 92293 --- [Bank_System_test] [ent-processor-0] o.a.k.c.c.runtime.CoordinatorRuntime     : [GroupCoordinator id=0] Finished unloading metadata for __consumer_offsets-28 with epoch OptionalInt[1].
2026-04-20T14:00:51.623+03:00  INFO 92293 --- [Bank_System_test] [ent-processor-3] o.a.k.c.c.runtime.CoordinatorRuntime     : [GroupCoordinator id=0] Started unloading metadata for __consumer_offsets-7 with epoch OptionalInt[1].
2026-04-20T14:00:51.623+03:00  INFO 92293 --- [Bank_System_test] [r-event-handler] o.a.k.c.c.runtime.CoordinatorRuntime     : [GroupCoordinator id=0] Scheduling unloading of metadata for __consumer_offsets-36 with epoch OptionalInt[1]
2026-04-20T14:00:51.623+03:00  INFO 92293 --- [Bank_System_test] [ent-processor-0] o.a.k.c.c.runtime.CoordinatorRuntime     : [GroupCoordinator id=0] Started unloading metadata for __consumer_offsets-40 with epoch OptionalInt[1].
2026-04-20T14:00:51.623+03:00  INFO 92293 --- [Bank_System_test] [r-event-handler] o.a.k.c.c.runtime.CoordinatorRuntime     : [GroupCoordinator id=0] Scheduling unloading of metadata for __consumer_offsets-47 with epoch OptionalInt[1]
2026-04-20T14:00:51.623+03:00  INFO 92293 --- [Bank_System_test] [ent-processor-3] o.a.k.c.c.runtime.CoordinatorRuntime     : [GroupCoordinator id=0] Finished unloading metadata for __consumer_offsets-7 with epoch OptionalInt[1].
2026-04-20T14:00:51.623+03:00  INFO 92293 --- [Bank_System_test] [r-event-handler] o.a.k.c.c.runtime.CoordinatorRuntime     : [GroupCoordinator id=0] Scheduling unloading of metadata for __consumer_offsets-14 with epoch OptionalInt[1]
2026-04-20T14:00:51.623+03:00  INFO 92293 --- [Bank_System_test] [ent-processor-0] o.a.k.c.c.runtime.CoordinatorRuntime     : [GroupCoordinator id=0] Finished unloading metadata for __consumer_offsets-40 with epoch OptionalInt[1].
2026-04-20T14:00:51.623+03:00  INFO 92293 --- [Bank_System_test] [r-event-handler] o.a.k.c.c.runtime.CoordinatorRuntime     : [GroupCoordinator id=0] Scheduling unloading of metadata for __consumer_offsets-43 with epoch OptionalInt[1]
2026-04-20T14:00:51.622+03:00  INFO 92293 --- [Bank_System_test] [ent-processor-2] o.a.k.c.c.runtime.CoordinatorRuntime     : [GroupCoordinator id=0] Started unloading metadata for __consumer_offsets-44 with epoch OptionalInt[1].
2026-04-20T14:00:51.623+03:00  INFO 92293 --- [Bank_System_test] [ent-processor-0] o.a.k.c.c.runtime.CoordinatorRuntime     : [GroupCoordinator id=0] Started unloading metadata for __consumer_offsets-3 with epoch OptionalInt[1].
2026-04-20T14:00:51.623+03:00  INFO 92293 --- [Bank_System_test] [ent-processor-1] o.a.k.c.c.runtime.CoordinatorRuntime     : [GroupCoordinator id=0] Finished unloading metadata for __consumer_offsets-32 with epoch OptionalInt[1].
2026-04-20T14:00:51.623+03:00  INFO 92293 --- [Bank_System_test] [ent-processor-0] o.a.k.c.c.runtime.CoordinatorRuntime     : [GroupCoordinator id=0] Finished unloading metadata for __consumer_offsets-3 with epoch OptionalInt[1].
2026-04-20T14:00:51.623+03:00  INFO 92293 --- [Bank_System_test] [ent-processor-3] o.a.k.c.c.runtime.CoordinatorRuntime     : [GroupCoordinator id=0] Started unloading metadata for __consumer_offsets-47 with epoch OptionalInt[1].
2026-04-20T14:00:51.623+03:00  INFO 92293 --- [Bank_System_test] [r-event-handler] o.a.k.c.c.runtime.CoordinatorRuntime     : [GroupCoordinator id=0] Scheduling unloading of metadata for __consumer_offsets-10 with epoch OptionalInt[1]
2026-04-20T14:00:51.623+03:00  INFO 92293 --- [Bank_System_test] [ent-processor-2] o.a.k.c.c.runtime.CoordinatorRuntime     : [GroupCoordinator id=0] Finished unloading metadata for __consumer_offsets-44 with epoch OptionalInt[1].
2026-04-20T14:00:51.623+03:00  INFO 92293 --- [Bank_System_test] [ent-processor-1] o.a.k.c.c.runtime.CoordinatorRuntime     : [GroupCoordinator id=0] Started unloading metadata for __consumer_offsets-36 with epoch OptionalInt[1].
2026-04-20T14:00:51.623+03:00  INFO 92293 --- [Bank_System_test] [r-event-handler] o.a.k.c.c.runtime.CoordinatorRuntime     : [GroupCoordinator id=0] Scheduling unloading of metadata for __consumer_offsets-22 with epoch OptionalInt[1]
2026-04-20T14:00:51.623+03:00  INFO 92293 --- [Bank_System_test] [ent-processor-0] o.a.k.c.c.runtime.CoordinatorRuntime     : [GroupCoordinator id=0] Started unloading metadata for __consumer_offsets-14 with epoch OptionalInt[1].
2026-04-20T14:00:51.623+03:00  INFO 92293 --- [Bank_System_test] [r-event-handler] o.a.k.c.c.runtime.CoordinatorRuntime     : [GroupCoordinator id=0] Scheduling unloading of metadata for __consumer_offsets-18 with epoch OptionalInt[1]
2026-04-20T14:00:51.623+03:00  INFO 92293 --- [Bank_System_test] [ent-processor-3] o.a.k.c.c.runtime.CoordinatorRuntime     : [GroupCoordinator id=0] Finished unloading metadata for __consumer_offsets-47 with epoch OptionalInt[1].
2026-04-20T14:00:51.623+03:00  INFO 92293 --- [Bank_System_test] [ent-processor-1] o.a.k.c.c.runtime.CoordinatorRuntime     : [GroupCoordinator id=0] Finished unloading metadata for __consumer_offsets-36 with epoch OptionalInt[1].
2026-04-20T14:00:51.623+03:00  INFO 92293 --- [Bank_System_test] [ent-processor-0] o.a.k.c.c.runtime.CoordinatorRuntime     : [GroupCoordinator id=0] Finished unloading metadata for __consumer_offsets-14 with epoch OptionalInt[1].
2026-04-20T14:00:51.623+03:00  INFO 92293 --- [Bank_System_test] [ent-processor-2] o.a.k.c.c.runtime.CoordinatorRuntime     : [GroupCoordinator id=0] Started unloading metadata for __consumer_offsets-10 with epoch OptionalInt[1].
2026-04-20T14:00:51.623+03:00  INFO 92293 --- [Bank_System_test] [ent-processor-0] o.a.k.c.c.runtime.CoordinatorRuntime     : [GroupCoordinator id=0] Started unloading metadata for __consumer_offsets-43 with epoch OptionalInt[1].
2026-04-20T14:00:51.623+03:00  INFO 92293 --- [Bank_System_test] [r-event-handler] o.a.k.c.c.runtime.CoordinatorRuntime     : [GroupCoordinator id=0] Scheduling unloading of metadata for __consumer_offsets-31 with epoch OptionalInt[1]
2026-04-20T14:00:51.623+03:00  INFO 92293 --- [Bank_System_test] [ent-processor-3] o.a.k.c.c.runtime.CoordinatorRuntime     : [GroupCoordinator id=0] Started unloading metadata for __consumer_offsets-18 with epoch OptionalInt[1].
2026-04-20T14:00:51.623+03:00  INFO 92293 --- [Bank_System_test] [ent-processor-1] o.a.k.c.c.runtime.CoordinatorRuntime     : [GroupCoordinator id=0] Started unloading metadata for __consumer_offsets-22 with epoch OptionalInt[1].
2026-04-20T14:00:51.623+03:00  INFO 92293 --- [Bank_System_test] [ent-processor-0] o.a.k.c.c.runtime.CoordinatorRuntime     : [GroupCoordinator id=0] Finished unloading metadata for __consumer_offsets-43 with epoch OptionalInt[1].
2026-04-20T14:00:51.623+03:00  INFO 92293 --- [Bank_System_test] [r-event-handler] o.a.k.c.c.runtime.CoordinatorRuntime     : [GroupCoordinator id=0] Scheduling unloading of metadata for __consumer_offsets-27 with epoch OptionalInt[1]
2026-04-20T14:00:51.623+03:00  INFO 92293 --- [Bank_System_test] [ent-processor-3] o.a.k.c.c.runtime.CoordinatorRuntime     : [GroupCoordinator id=0] Finished unloading metadata for __consumer_offsets-18 with epoch OptionalInt[1].
2026-04-20T14:00:51.623+03:00  INFO 92293 --- [Bank_System_test] [ent-processor-2] o.a.k.c.c.runtime.CoordinatorRuntime     : [GroupCoordinator id=0] Finished unloading metadata for __consumer_offsets-10 with epoch OptionalInt[1].
2026-04-20T14:00:51.623+03:00  INFO 92293 --- [Bank_System_test] [ent-processor-0] o.a.k.c.c.runtime.CoordinatorRuntime     : [GroupCoordinator id=0] Started unloading metadata for __consumer_offsets-31 with epoch OptionalInt[1].
2026-04-20T14:00:51.623+03:00  INFO 92293 --- [Bank_System_test] [ent-processor-3] o.a.k.c.c.runtime.CoordinatorRuntime     : [GroupCoordinator id=0] Started unloading metadata for __consumer_offsets-27 with epoch OptionalInt[1].
2026-04-20T14:00:51.623+03:00  INFO 92293 --- [Bank_System_test] [ent-processor-1] o.a.k.c.c.runtime.CoordinatorRuntime     : [GroupCoordinator id=0] Finished unloading metadata for __consumer_offsets-22 with epoch OptionalInt[1].
2026-04-20T14:00:51.623+03:00  INFO 92293 --- [Bank_System_test] [ent-processor-0] o.a.k.c.c.runtime.CoordinatorRuntime     : [GroupCoordinator id=0] Finished unloading metadata for __consumer_offsets-31 with epoch OptionalInt[1].
2026-04-20T14:00:51.623+03:00  INFO 92293 --- [Bank_System_test] [r-event-handler] o.a.k.c.c.runtime.CoordinatorRuntime     : [GroupCoordinator id=0] Scheduling unloading of metadata for __consumer_offsets-39 with epoch OptionalInt[1]
2026-04-20T14:00:51.623+03:00  INFO 92293 --- [Bank_System_test] [ent-processor-3] o.a.k.c.c.runtime.CoordinatorRuntime     : [GroupCoordinator id=0] Finished unloading metadata for __consumer_offsets-27 with epoch OptionalInt[1].
2026-04-20T14:00:51.623+03:00  INFO 92293 --- [Bank_System_test] [r-event-handler] o.a.k.c.c.runtime.CoordinatorRuntime     : [GroupCoordinator id=0] Scheduling unloading of metadata for __consumer_offsets-6 with epoch OptionalInt[1]
2026-04-20T14:00:51.623+03:00  INFO 92293 --- [Bank_System_test] [ent-processor-3] o.a.k.c.c.runtime.CoordinatorRuntime     : [GroupCoordinator id=0] Started unloading metadata for __consumer_offsets-39 with epoch OptionalInt[1].
2026-04-20T14:00:51.623+03:00  INFO 92293 --- [Bank_System_test] [r-event-handler] o.a.k.c.c.runtime.CoordinatorRuntime     : [GroupCoordinator id=0] Scheduling unloading of metadata for __consumer_offsets-35 with epoch OptionalInt[1]
2026-04-20T14:00:51.623+03:00  INFO 92293 --- [Bank_System_test] [r-event-handler] o.a.k.c.c.runtime.CoordinatorRuntime     : [GroupCoordinator id=0] Scheduling unloading of metadata for __consumer_offsets-2 with epoch OptionalInt[1]
2026-04-20T14:00:51.623+03:00  INFO 92293 --- [Bank_System_test] [ent-processor-3] o.a.k.c.c.runtime.CoordinatorRuntime     : [GroupCoordinator id=0] Finished unloading metadata for __consumer_offsets-39 with epoch OptionalInt[1].
2026-04-20T14:00:51.623+03:00  INFO 92293 --- [Bank_System_test] [ent-processor-0] o.a.k.c.c.runtime.CoordinatorRuntime     : [GroupCoordinator id=0] Started unloading metadata for __consumer_offsets-35 with epoch OptionalInt[1].
2026-04-20T14:00:51.623+03:00  INFO 92293 --- [Bank_System_test] [ent-processor-1] o.a.k.c.c.runtime.CoordinatorRuntime     : [GroupCoordinator id=0] Started unloading metadata for __consumer_offsets-6 with epoch OptionalInt[1].
2026-04-20T14:00:51.623+03:00  INFO 92293 --- [Bank_System_test] [ent-processor-0] o.a.k.c.group.GroupMetadataManager       : [GroupCoordinator id=0 topic=__consumer_offsets partition=35] [GroupId=bank_response_group_test] Unloading group metadata for generation 2.
2026-04-20T14:00:51.623+03:00  INFO 92293 --- [Bank_System_test] [ent-processor-2] o.a.k.c.c.runtime.CoordinatorRuntime     : [GroupCoordinator id=0] Started unloading metadata for __consumer_offsets-2 with epoch OptionalInt[1].
2026-04-20T14:00:51.623+03:00  INFO 92293 --- [Bank_System_test] [ent-processor-1] o.a.k.c.c.runtime.CoordinatorRuntime     : [GroupCoordinator id=0] Finished unloading metadata for __consumer_offsets-6 with epoch OptionalInt[1].
2026-04-20T14:00:51.623+03:00  INFO 92293 --- [Bank_System_test] [ent-processor-0] o.a.k.c.c.runtime.CoordinatorRuntime     : [GroupCoordinator id=0] Finished unloading metadata for __consumer_offsets-35 with epoch OptionalInt[1].
2026-04-20T14:00:51.623+03:00  INFO 92293 --- [Bank_System_test] [ent-processor-2] o.a.k.c.c.runtime.CoordinatorRuntime     : [GroupCoordinator id=0] Finished unloading metadata for __consumer_offsets-2 with epoch OptionalInt[1].
2026-04-20T14:00:53.624+03:00  WARN 92293 --- [Bank_System_test] [0-event-handler] o.a.k.c.ReplicationControlManager        : [QuorumController id=0] Directories [rESoC5SUTFxzOXYdBHoLtg] in broker 0 marked offline, remaining directories: []
2026-04-20T14:00:53.624+03:00  INFO 92293 --- [Bank_System_test] [0-event-handler] o.a.k.controller.ClusterControlManager   : [QuorumController id=0] Ignoring no-op registration change for BrokerRegistration(id=0, epoch=10, incarnationId=JBCzNLGhQjKod0Iw55MLeQ, listeners=[Endpoint(listenerName='EXTERNAL', securityProtocol=PLAINTEXT, host='localhost', port=46113)], supportedFeatures={eligible.leader.replicas.version: 0-1, group.version: 0-1, kraft.version: 0-1, metadata.version: 7-29, share.version: 0-1, streams.version: 0-1, transaction.version: 0-2}, rack=Optional.empty, fenced=false, inControlledShutdown=false, isMigratingZkBroker=false, directories=[rESoC5SUTFxzOXYdBHoLtg])
2026-04-20T14:00:53.722+03:00  INFO 92293 --- [Bank_System_test] [ionShutdownHook] com.zaxxer.hikari.HikariDataSource       : HikariPool-1 - Shutdown completed.
2026-04-20T14:00:53.729+03:00  INFO 92293 --- [Bank_System_test] [ster-test-kit-2] kafka.server.BrokerServer                : [BrokerServer id=0] Transition from STARTED to SHUTTING_DOWN
2026-04-20T14:00:53.729+03:00  INFO 92293 --- [Bank_System_test] [ster-test-kit-2] kafka.server.BrokerServer                : [BrokerServer id=0] shutting down
2026-04-20T14:00:53.729+03:00  INFO 92293 --- [Bank_System_test] [r-event-handler] kafka.server.BrokerLifecycleManager      : [BrokerLifecycleManager id=0] Beginning controlled shutdown.
2026-04-20T14:00:53.730+03:00  INFO 92293 --- [Bank_System_test] [0-event-handler] o.a.k.controller.BrokerHeartbeatManager  : [QuorumController id=0] Unfenced broker 0 has requested and been granted an immediate shutdown.
2026-04-20T14:00:53.737+03:00  WARN 92293 --- [Bank_System_test] [0-event-handler] o.a.k.c.ReplicationControlManager        : [QuorumController id=0] Directories [rESoC5SUTFxzOXYdBHoLtg] in broker 0 marked offline, remaining directories: []
2026-04-20T14:00:53.737+03:00  INFO 92293 --- [Bank_System_test] [0-event-handler] o.a.k.controller.ClusterControlManager   : [QuorumController id=0] Replayed BrokerRegistrationChangeRecord modifying the registration for broker 0: BrokerRegistrationChangeRecord(brokerId=0, brokerEpoch=10, fenced=1, inControlledShutdown=0, logDirs=[])
2026-04-20T14:00:53.738+03:00  INFO 92293 --- [Bank_System_test] [0-event-handler] o.a.k.controller.ClusterControlManager   : [QuorumController id=0] Ignoring no-op registration change for BrokerRegistration(id=0, epoch=10, incarnationId=JBCzNLGhQjKod0Iw55MLeQ, listeners=[Endpoint(listenerName='EXTERNAL', securityProtocol=PLAINTEXT, host='localhost', port=46113)], supportedFeatures={eligible.leader.replicas.version: 0-1, group.version: 0-1, kraft.version: 0-1, metadata.version: 7-29, share.version: 0-1, streams.version: 0-1, transaction.version: 0-2}, rack=Optional.empty, fenced=true, inControlledShutdown=false, isMigratingZkBroker=false, directories=[rESoC5SUTFxzOXYdBHoLtg])
2026-04-20T14:00:53.765+03:00  INFO 92293 --- [Bank_System_test] [r-event-handler] kafka.server.BrokerLifecycleManager      : [BrokerLifecycleManager id=0] The controller has asked us to exit controlled shutdown.
2026-04-20T14:00:53.765+03:00  INFO 92293 --- [Bank_System_test] [r-event-handler] org.apache.kafka.queue.KafkaEventQueue   : [BrokerLifecycleManager id=0] beginShutdown: shutting down event queue.
2026-04-20T14:00:53.765+03:00  INFO 92293 --- [Bank_System_test] [r-event-handler] kafka.server.BrokerLifecycleManager      : [BrokerLifecycleManager id=0] Transitioning from PENDING_CONTROLLED_SHUTDOWN to SHUTTING_DOWN.
2026-04-20T14:00:53.765+03:00  INFO 92293 --- [Bank_System_test] [r-event-handler] k.server.NodeToControllerRequestThread   : [broker-0-to-controller-heartbeat-channel-manager]: Shutting down
2026-04-20T14:00:53.765+03:00  INFO 92293 --- [Bank_System_test] [ster-test-kit-2] kafka.network.SocketServer               : [SocketServer listenerType=BROKER, nodeId=0] Stopping socket server request processors
2026-04-20T14:00:53.765+03:00  INFO 92293 --- [Bank_System_test] [channel-manager] k.server.NodeToControllerRequestThread   : [broker-0-to-controller-heartbeat-channel-manager]: Stopped
2026-04-20T14:00:53.765+03:00  INFO 92293 --- [Bank_System_test] [r-event-handler] k.server.NodeToControllerRequestThread   : [broker-0-to-controller-heartbeat-channel-manager]: Shutdown completed
2026-04-20T14:00:53.768+03:00  INFO 92293 --- [Bank_System_test] [r-event-handler] k.s.NodeToControllerChannelManagerImpl   : Node to controller channel manager for heartbeat shutdown
2026-04-20T14:00:53.771+03:00  INFO 92293 --- [Bank_System_test] [ster-test-kit-2] kafka.network.SocketServer               : [SocketServer listenerType=BROKER, nodeId=0] Stopped socket server request processors
2026-04-20T14:00:53.771+03:00  INFO 92293 --- [Bank_System_test] [ster-test-kit-2] kafka.server.KafkaRequestHandlerPool     : [data-plane Kafka Request Handler on Broker 0] shutting down
2026-04-20T14:00:53.771+03:00  INFO 92293 --- [Bank_System_test] [ster-test-kit-2] kafka.server.KafkaRequestHandlerPool     : [data-plane Kafka Request Handler on Broker 0] shut down completely
2026-04-20T14:00:53.772+03:00  INFO 92293 --- [Bank_System_test] [ster-test-kit-2] perationPurgatory$ExpiredOperationReaper : [ExpirationReaper-0-AlterAcls]: Shutting down
2026-04-20T14:00:53.772+03:00  INFO 92293 --- [Bank_System_test] [per-0-AlterAcls] perationPurgatory$ExpiredOperationReaper : [ExpirationReaper-0-AlterAcls]: Stopped
2026-04-20T14:00:53.772+03:00  INFO 92293 --- [Bank_System_test] [ster-test-kit-2] perationPurgatory$ExpiredOperationReaper : [ExpirationReaper-0-AlterAcls]: Shutdown completed
2026-04-20T14:00:53.772+03:00  INFO 92293 --- [Bank_System_test] [ster-test-kit-2] kafka.server.KafkaApis                   : [KafkaApi-0] Shutdown complete.
2026-04-20T14:00:53.774+03:00  INFO 92293 --- [Bank_System_test] [ster-test-kit-2] k.c.transaction.TransactionCoordinator   : [TransactionCoordinator id=0] Shutting down.
2026-04-20T14:00:53.774+03:00  INFO 92293 --- [Bank_System_test] [ster-test-kit-2] k.c.transaction.TransactionStateManager  : [Transaction State Manager 0]: Shutdown complete
2026-04-20T14:00:53.774+03:00  INFO 92293 --- [Bank_System_test] [ster-test-kit-2] k.c.t.TransactionMarkerChannelManager    : [TxnMarkerSenderThread-0]: Shutting down
2026-04-20T14:00:53.774+03:00  INFO 92293 --- [Bank_System_test] [rSenderThread-0] k.c.t.TransactionMarkerChannelManager    : [TxnMarkerSenderThread-0]: Stopped
2026-04-20T14:00:53.774+03:00  INFO 92293 --- [Bank_System_test] [ster-test-kit-2] k.c.t.TransactionMarkerChannelManager    : [TxnMarkerSenderThread-0]: Shutdown completed
2026-04-20T14:00:53.776+03:00  INFO 92293 --- [Bank_System_test] [ster-test-kit-2] k.c.transaction.TransactionCoordinator   : [TransactionCoordinator id=0] Shutdown complete.
2026-04-20T14:00:53.776+03:00  INFO 92293 --- [Bank_System_test] [ster-test-kit-2] o.a.k.c.group.GroupCoordinatorService    : [GroupCoordinator id=0] Shutting down.
2026-04-20T14:00:53.776+03:00  INFO 92293 --- [Bank_System_test] [ster-test-kit-2] o.a.k.c.c.runtime.CoordinatorRuntime     : [GroupCoordinator id=0] Closing coordinator runtime.
2026-04-20T14:00:53.776+03:00  INFO 92293 --- [Bank_System_test] [ster-test-kit-2] o.a.k.s.u.t.SystemTimerReaper$Reaper     : [group-coordinator-reaper]: Shutting down
2026-04-20T14:00:53.776+03:00  INFO 92293 --- [Bank_System_test] [rdinator-reaper] o.a.k.s.u.t.SystemTimerReaper$Reaper     : [group-coordinator-reaper]: Stopped
2026-04-20T14:00:53.776+03:00  INFO 92293 --- [Bank_System_test] [ster-test-kit-2] o.a.k.s.u.t.SystemTimerReaper$Reaper     : [group-coordinator-reaper]: Shutdown completed
2026-04-20T14:00:53.776+03:00  INFO 92293 --- [Bank_System_test] [ster-test-kit-2] o.a.k.c.c.r.MultiThreadedEventProcessor  : [GroupCoordinator id=0] Shutting down event processor.
2026-04-20T14:00:53.777+03:00  INFO 92293 --- [Bank_System_test] [ent-processor-2] eadedEventProcessor$EventProcessorThread : [group-coordinator-event-processor-2]: Shutting down. Draining the remaining events.
2026-04-20T14:00:53.777+03:00  INFO 92293 --- [Bank_System_test] [ent-processor-3] eadedEventProcessor$EventProcessorThread : [group-coordinator-event-processor-3]: Shutting down. Draining the remaining events.
2026-04-20T14:00:53.777+03:00  INFO 92293 --- [Bank_System_test] [ent-processor-1] eadedEventProcessor$EventProcessorThread : [group-coordinator-event-processor-1]: Shutting down. Draining the remaining events.
2026-04-20T14:00:53.777+03:00  INFO 92293 --- [Bank_System_test] [ent-processor-3] eadedEventProcessor$EventProcessorThread : [group-coordinator-event-processor-3]: Shutdown completed
2026-04-20T14:00:53.777+03:00  INFO 92293 --- [Bank_System_test] [ent-processor-0] eadedEventProcessor$EventProcessorThread : [group-coordinator-event-processor-0]: Shutting down. Draining the remaining events.
2026-04-20T14:00:53.777+03:00  INFO 92293 --- [Bank_System_test] [ent-processor-2] eadedEventProcessor$EventProcessorThread : [group-coordinator-event-processor-2]: Shutdown completed
2026-04-20T14:00:53.777+03:00  INFO 92293 --- [Bank_System_test] [ent-processor-0] eadedEventProcessor$EventProcessorThread : [group-coordinator-event-processor-0]: Shutdown completed
2026-04-20T14:00:53.777+03:00  INFO 92293 --- [Bank_System_test] [ent-processor-1] eadedEventProcessor$EventProcessorThread : [group-coordinator-event-processor-1]: Shutdown completed
2026-04-20T14:00:53.777+03:00  INFO 92293 --- [Bank_System_test] [ster-test-kit-2] o.a.k.c.c.r.MultiThreadedEventProcessor  : [GroupCoordinator id=0] Event processor closed.
2026-04-20T14:00:53.777+03:00  INFO 92293 --- [Bank_System_test] [ster-test-kit-2] o.a.k.c.c.runtime.CoordinatorRuntime     : [GroupCoordinator id=0] Coordinator runtime closed.
2026-04-20T14:00:53.778+03:00  INFO 92293 --- [Bank_System_test] [ster-test-kit-2] o.a.k.c.group.GroupCoordinatorService    : [GroupCoordinator id=0] Shutdown complete.
2026-04-20T14:00:53.778+03:00  INFO 92293 --- [Bank_System_test] [ster-test-kit-2] o.a.k.c.share.ShareCoordinatorService    : [ShareCoordinator id=0] Shutting down.
2026-04-20T14:00:53.778+03:00  INFO 92293 --- [Bank_System_test] [ster-test-kit-2] o.a.k.c.c.runtime.CoordinatorRuntime     : [ShareCoordinator id=0] Closing coordinator runtime.
2026-04-20T14:00:53.778+03:00  INFO 92293 --- [Bank_System_test] [ster-test-kit-2] o.a.k.s.u.t.SystemTimerReaper$Reaper     : [share-coordinator-reaper]: Shutting down
2026-04-20T14:00:53.778+03:00  INFO 92293 --- [Bank_System_test] [ster-test-kit-2] o.a.k.s.u.t.SystemTimerReaper$Reaper     : [share-coordinator-reaper]: Shutdown completed
2026-04-20T14:00:53.778+03:00  INFO 92293 --- [Bank_System_test] [rdinator-reaper] o.a.k.s.u.t.SystemTimerReaper$Reaper     : [share-coordinator-reaper]: Stopped
2026-04-20T14:00:53.779+03:00  INFO 92293 --- [Bank_System_test] [ster-test-kit-2] o.a.k.c.c.r.MultiThreadedEventProcessor  : [ShareCoordinator id=0] Shutting down event processor.
2026-04-20T14:00:53.779+03:00  INFO 92293 --- [Bank_System_test] [ent-processor-0] eadedEventProcessor$EventProcessorThread : [share-coordinator-event-processor-0]: Shutting down. Draining the remaining events.
2026-04-20T14:00:53.779+03:00  INFO 92293 --- [Bank_System_test] [ent-processor-0] eadedEventProcessor$EventProcessorThread : [share-coordinator-event-processor-0]: Shutdown completed
2026-04-20T14:00:53.779+03:00  INFO 92293 --- [Bank_System_test] [ster-test-kit-2] o.a.k.c.c.r.MultiThreadedEventProcessor  : [ShareCoordinator id=0] Event processor closed.
2026-04-20T14:00:53.779+03:00  INFO 92293 --- [Bank_System_test] [ster-test-kit-2] o.a.k.c.c.runtime.CoordinatorRuntime     : [ShareCoordinator id=0] Coordinator runtime closed.
2026-04-20T14:00:53.779+03:00  INFO 92293 --- [Bank_System_test] [ster-test-kit-2] o.a.k.c.share.ShareCoordinatorService    : [ShareCoordinator id=0] Shutdown complete.
2026-04-20T14:00:53.779+03:00  INFO 92293 --- [Bank_System_test] [ster-test-kit-2] org.apache.kafka.queue.KafkaEventQueue   : [AssignmentsManager id=0]KafkaEventQueue#close: shutting down event queue.
2026-04-20T14:00:53.779+03:00  INFO 92293 --- [Bank_System_test] [r-event-handler] o.a.kafka.server.AssignmentsManager      : [AssignmentsManager id=0] shutting down.
2026-04-20T14:00:53.779+03:00  INFO 92293 --- [Bank_System_test] [r-event-handler] k.server.NodeToControllerRequestThread   : [broker-0-to-controller-directory-assignments-channel-manager]: Shutting down
2026-04-20T14:00:53.780+03:00  INFO 92293 --- [Bank_System_test] [r-event-handler] k.server.NodeToControllerRequestThread   : [broker-0-to-controller-directory-assignments-channel-manager]: Shutdown completed
2026-04-20T14:00:53.780+03:00  INFO 92293 --- [Bank_System_test] [channel-manager] k.server.NodeToControllerRequestThread   : [broker-0-to-controller-directory-assignments-channel-manager]: Stopped
2026-04-20T14:00:53.780+03:00  INFO 92293 --- [Bank_System_test] [r-event-handler] k.s.NodeToControllerChannelManagerImpl   : Node to controller channel manager for directory-assignments shutdown
2026-04-20T14:00:53.780+03:00  INFO 92293 --- [Bank_System_test] [ster-test-kit-2] org.apache.kafka.queue.KafkaEventQueue   : [AssignmentsManager id=0]closed event queue.
2026-04-20T14:00:53.780+03:00  INFO 92293 --- [Bank_System_test] [ster-test-kit-2] kafka.server.ReplicaManager              : [ReplicaManager broker=0] Shutting down
2026-04-20T14:00:53.780+03:00  INFO 92293 --- [Bank_System_test] [ster-test-kit-2] k.s.ReplicaManager$LogDirFailureHandler  : [LogDirFailureHandler]: Shutting down
2026-04-20T14:00:53.780+03:00  INFO 92293 --- [Bank_System_test] [rFailureHandler] k.s.ReplicaManager$LogDirFailureHandler  : [LogDirFailureHandler]: Stopped
2026-04-20T14:00:53.780+03:00  INFO 92293 --- [Bank_System_test] [ster-test-kit-2] k.s.ReplicaManager$LogDirFailureHandler  : [LogDirFailureHandler]: Shutdown completed
2026-04-20T14:00:53.780+03:00  INFO 92293 --- [Bank_System_test] [ster-test-kit-2] kafka.server.ReplicaFetcherManager       : [ReplicaFetcherManager on broker 0] shutting down
2026-04-20T14:00:53.781+03:00  INFO 92293 --- [Bank_System_test] [ster-test-kit-2] kafka.server.ReplicaFetcherManager       : [ReplicaFetcherManager on broker 0] shutdown completed
2026-04-20T14:00:53.781+03:00  INFO 92293 --- [Bank_System_test] [ster-test-kit-2] k.server.ReplicaAlterLogDirsManager      : [ReplicaAlterLogDirsManager on broker 0] shutting down
2026-04-20T14:00:53.781+03:00  INFO 92293 --- [Bank_System_test] [ster-test-kit-2] k.server.ReplicaAlterLogDirsManager      : [ReplicaAlterLogDirsManager on broker 0] shutdown completed
2026-04-20T14:00:53.781+03:00  INFO 92293 --- [Bank_System_test] [ster-test-kit-2] perationPurgatory$ExpiredOperationReaper : [ExpirationReaper-0-Fetch]: Shutting down
2026-04-20T14:00:53.781+03:00  INFO 92293 --- [Bank_System_test] [nReaper-0-Fetch] perationPurgatory$ExpiredOperationReaper : [ExpirationReaper-0-Fetch]: Stopped
2026-04-20T14:00:53.781+03:00  INFO 92293 --- [Bank_System_test] [ster-test-kit-2] perationPurgatory$ExpiredOperationReaper : [ExpirationReaper-0-Fetch]: Shutdown completed
2026-04-20T14:00:53.781+03:00  INFO 92293 --- [Bank_System_test] [ster-test-kit-2] perationPurgatory$ExpiredOperationReaper : [ExpirationReaper-0-RemoteFetch]: Shutting down
2026-04-20T14:00:53.782+03:00  INFO 92293 --- [Bank_System_test] [ster-test-kit-2] perationPurgatory$ExpiredOperationReaper : [ExpirationReaper-0-RemoteFetch]: Shutdown completed
2026-04-20T14:00:53.782+03:00  INFO 92293 --- [Bank_System_test] [r-0-RemoteFetch] perationPurgatory$ExpiredOperationReaper : [ExpirationReaper-0-RemoteFetch]: Stopped
2026-04-20T14:00:53.782+03:00  INFO 92293 --- [Bank_System_test] [ster-test-kit-2] perationPurgatory$ExpiredOperationReaper : [ExpirationReaper-0-RemoteListOffsets]: Shutting down
2026-04-20T14:00:53.782+03:00  INFO 92293 --- [Bank_System_test] [moteListOffsets] perationPurgatory$ExpiredOperationReaper : [ExpirationReaper-0-RemoteListOffsets]: Stopped
2026-04-20T14:00:53.783+03:00  INFO 92293 --- [Bank_System_test] [ster-test-kit-2] perationPurgatory$ExpiredOperationReaper : [ExpirationReaper-0-RemoteListOffsets]: Shutdown completed
2026-04-20T14:00:53.783+03:00  INFO 92293 --- [Bank_System_test] [ster-test-kit-2] perationPurgatory$ExpiredOperationReaper : [ExpirationReaper-0-Produce]: Shutting down
2026-04-20T14:00:53.783+03:00  INFO 92293 --- [Bank_System_test] [eaper-0-Produce] perationPurgatory$ExpiredOperationReaper : [ExpirationReaper-0-Produce]: Stopped
2026-04-20T14:00:53.783+03:00  INFO 92293 --- [Bank_System_test] [ster-test-kit-2] perationPurgatory$ExpiredOperationReaper : [ExpirationReaper-0-Produce]: Shutdown completed
2026-04-20T14:00:53.784+03:00  INFO 92293 --- [Bank_System_test] [ster-test-kit-2] perationPurgatory$ExpiredOperationReaper : [ExpirationReaper-0-DeleteRecords]: Shutting down
2026-04-20T14:00:53.784+03:00  INFO 92293 --- [Bank_System_test] [ster-test-kit-2] perationPurgatory$ExpiredOperationReaper : [ExpirationReaper-0-DeleteRecords]: Shutdown completed
2026-04-20T14:00:53.784+03:00  INFO 92293 --- [Bank_System_test] [0-DeleteRecords] perationPurgatory$ExpiredOperationReaper : [ExpirationReaper-0-DeleteRecords]: Stopped
2026-04-20T14:00:53.784+03:00  INFO 92293 --- [Bank_System_test] [ster-test-kit-2] perationPurgatory$ExpiredOperationReaper : [ExpirationReaper-0-ShareFetch]: Shutting down
2026-04-20T14:00:53.785+03:00  INFO 92293 --- [Bank_System_test] [er-0-ShareFetch] perationPurgatory$ExpiredOperationReaper : [ExpirationReaper-0-ShareFetch]: Stopped
2026-04-20T14:00:53.785+03:00  INFO 92293 --- [Bank_System_test] [ster-test-kit-2] perationPurgatory$ExpiredOperationReaper : [ExpirationReaper-0-ShareFetch]: Shutdown completed
2026-04-20T14:00:53.786+03:00  INFO 92293 --- [Bank_System_test] [ster-test-kit-2] o.a.k.s.t.AddPartitionsToTxnManager      : [AddPartitionsToTxnSenderThread-0]: Shutting down
2026-04-20T14:00:53.786+03:00  INFO 92293 --- [Bank_System_test] [nSenderThread-0] o.a.k.s.t.AddPartitionsToTxnManager      : [AddPartitionsToTxnSenderThread-0]: Stopped
2026-04-20T14:00:53.786+03:00  INFO 92293 --- [Bank_System_test] [ster-test-kit-2] o.a.k.s.t.AddPartitionsToTxnManager      : [AddPartitionsToTxnSenderThread-0]: Shutdown completed
2026-04-20T14:00:53.786+03:00  INFO 92293 --- [Bank_System_test] [ster-test-kit-2] kafka.server.ReplicaManager              : [ReplicaManager broker=0] Shut down completely
2026-04-20T14:00:53.786+03:00  INFO 92293 --- [Bank_System_test] [ster-test-kit-2] k.server.NodeToControllerRequestThread   : [broker-0-to-controller-alter-partition-channel-manager]: Shutting down
2026-04-20T14:00:53.786+03:00  INFO 92293 --- [Bank_System_test] [channel-manager] k.server.NodeToControllerRequestThread   : [broker-0-to-controller-alter-partition-channel-manager]: Stopped
2026-04-20T14:00:53.786+03:00  INFO 92293 --- [Bank_System_test] [ster-test-kit-2] k.server.NodeToControllerRequestThread   : [broker-0-to-controller-alter-partition-channel-manager]: Shutdown completed
2026-04-20T14:00:53.786+03:00  INFO 92293 --- [Bank_System_test] [ster-test-kit-2] k.s.NodeToControllerChannelManagerImpl   : Node to controller channel manager for alter-partition shutdown
2026-04-20T14:00:53.787+03:00  INFO 92293 --- [Bank_System_test] [ster-test-kit-2] k.server.NodeToControllerRequestThread   : [broker-0-to-controller-forwarding-channel-manager]: Shutting down
2026-04-20T14:00:53.787+03:00  INFO 92293 --- [Bank_System_test] [channel-manager] k.server.NodeToControllerRequestThread   : [broker-0-to-controller-forwarding-channel-manager]: Stopped
2026-04-20T14:00:53.787+03:00  INFO 92293 --- [Bank_System_test] [ster-test-kit-2] k.server.NodeToControllerRequestThread   : [broker-0-to-controller-forwarding-channel-manager]: Shutdown completed
2026-04-20T14:00:53.787+03:00  INFO 92293 --- [Bank_System_test] [ster-test-kit-2] k.s.NodeToControllerChannelManagerImpl   : Node to controller channel manager for forwarding shutdown
2026-04-20T14:00:53.787+03:00  INFO 92293 --- [Bank_System_test] [ster-test-kit-2] kafka.log.LogManager                     : Shutting down.
2026-04-20T14:00:53.787+03:00  INFO 92293 --- [Bank_System_test] [ster-test-kit-2] o.a.k.storage.internals.log.LogCleaner   : Shutting down the log cleaner.
2026-04-20T14:00:53.787+03:00  INFO 92293 --- [Bank_System_test] [ster-test-kit-2] o.a.k.s.i.log.LogCleaner$CleanerThread   : [kafka-log-cleaner-thread-0]: Shutting down
2026-04-20T14:00:53.788+03:00  INFO 92293 --- [Bank_System_test] [leaner-thread-0] o.a.k.s.i.log.LogCleaner$CleanerThread   : [kafka-log-cleaner-thread-0]: Stopped
2026-04-20T14:00:53.788+03:00  INFO 92293 --- [Bank_System_test] [ster-test-kit-2] o.a.k.s.i.log.LogCleaner$CleanerThread   : [kafka-log-cleaner-thread-0]: Shutdown completed
2026-04-20T14:00:53.789+03:00  WARN 92293 --- [Bank_System_test] [ster-test-kit-2] kafka.server.BrokerServer                : [BrokerServer id=0] null

java.nio.channels.ClosedChannelException: null
	at java.base/sun.nio.ch.FileLockImpl.release(FileLockImpl.java:58) ~[na:na]
	at org.apache.kafka.server.util.FileLock.unlock(FileLock.java:80) ~[kafka-server-common-4.1.1.jar:na]
	at org.apache.kafka.server.util.FileLock.destroy(FileLock.java:88) ~[kafka-server-common-4.1.1.jar:na]
	at kafka.log.LogManager.$anonfun$shutdown$18(LogManager.scala:709) ~[kafka_2.13-4.1.1.jar:na]
	at kafka.log.LogManager.$anonfun$shutdown$18$adapted(LogManager.scala:709) ~[kafka_2.13-4.1.1.jar:na]
	at scala.collection.IterableOnceOps.foreach(IterableOnce.scala:619) ~[scala-library-2.13.16.jar:na]
	at scala.collection.IterableOnceOps.foreach$(IterableOnce.scala:617) ~[scala-library-2.13.16.jar:na]
	at scala.collection.AbstractIterable.foreach(Iterable.scala:935) ~[scala-library-2.13.16.jar:na]
	at kafka.log.LogManager.shutdown(LogManager.scala:709) ~[kafka_2.13-4.1.1.jar:na]
	at kafka.server.BrokerServer.$anonfun$shutdown$20(BrokerServer.scala:808) ~[kafka_2.13-4.1.1.jar:na]
	at kafka.utils.CoreUtils$.swallow(CoreUtils.scala:63) ~[kafka_2.13-4.1.1.jar:na]
	at kafka.server.BrokerServer.shutdown(BrokerServer.scala:808) ~[kafka_2.13-4.1.1.jar:na]
	at kafka.server.KafkaBroker.shutdown(KafkaBroker.scala:101) ~[kafka_2.13-4.1.1.jar:na]
	at kafka.server.KafkaBroker.shutdown$(KafkaBroker.scala:101) ~[kafka_2.13-4.1.1.jar:na]
	at kafka.server.BrokerServer.shutdown(BrokerServer.scala:76) ~[kafka_2.13-4.1.1.jar:na]
	at java.base/java.util.concurrent.Executors$RunnableAdapter.call(Executors.java:572) ~[na:na]
	at java.base/java.util.concurrent.FutureTask.run(FutureTask.java:317) ~[na:na]
	at java.base/java.util.concurrent.ThreadPoolExecutor.runWorker(ThreadPoolExecutor.java:1144) ~[na:na]
	at java.base/java.util.concurrent.ThreadPoolExecutor$Worker.run(ThreadPoolExecutor.java:642) ~[na:na]
	at java.base/java.lang.Thread.run(Thread.java:1583) ~[na:na]

2026-04-20T14:00:53.789+03:00  INFO 92293 --- [Bank_System_test] [ster-test-kit-2] lientQuotaManager$ThrottledChannelReaper : [broker-0-ThrottledChannelReaper-Fetch]: Shutting down
2026-04-20T14:00:53.789+03:00  INFO 92293 --- [Bank_System_test] [nelReaper-Fetch] lientQuotaManager$ThrottledChannelReaper : [broker-0-ThrottledChannelReaper-Fetch]: Stopped
2026-04-20T14:00:53.789+03:00  INFO 92293 --- [Bank_System_test] [ster-test-kit-2] lientQuotaManager$ThrottledChannelReaper : [broker-0-ThrottledChannelReaper-Fetch]: Shutdown completed
2026-04-20T14:00:53.790+03:00  INFO 92293 --- [Bank_System_test] [ster-test-kit-2] lientQuotaManager$ThrottledChannelReaper : [broker-0-ThrottledChannelReaper-Produce]: Shutting down
2026-04-20T14:00:53.790+03:00  INFO 92293 --- [Bank_System_test] [lReaper-Produce] lientQuotaManager$ThrottledChannelReaper : [broker-0-ThrottledChannelReaper-Produce]: Stopped
2026-04-20T14:00:53.790+03:00  INFO 92293 --- [Bank_System_test] [ster-test-kit-2] lientQuotaManager$ThrottledChannelReaper : [broker-0-ThrottledChannelReaper-Produce]: Shutdown completed
2026-04-20T14:00:53.790+03:00  INFO 92293 --- [Bank_System_test] [ster-test-kit-2] lientQuotaManager$ThrottledChannelReaper : [broker-0-ThrottledChannelReaper-Request]: Shutting down
2026-04-20T14:00:53.790+03:00  INFO 92293 --- [Bank_System_test] [lReaper-Request] lientQuotaManager$ThrottledChannelReaper : [broker-0-ThrottledChannelReaper-Request]: Stopped
2026-04-20T14:00:53.790+03:00  INFO 92293 --- [Bank_System_test] [ster-test-kit-2] lientQuotaManager$ThrottledChannelReaper : [broker-0-ThrottledChannelReaper-Request]: Shutdown completed
2026-04-20T14:00:53.790+03:00  INFO 92293 --- [Bank_System_test] [ster-test-kit-2] lientQuotaManager$ThrottledChannelReaper : [broker-0-ThrottledChannelReaper-ControllerMutation]: Shutting down
2026-04-20T14:00:53.790+03:00  INFO 92293 --- [Bank_System_test] [trollerMutation] lientQuotaManager$ThrottledChannelReaper : [broker-0-ThrottledChannelReaper-ControllerMutation]: Stopped
2026-04-20T14:00:53.790+03:00  INFO 92293 --- [Bank_System_test] [ster-test-kit-2] lientQuotaManager$ThrottledChannelReaper : [broker-0-ThrottledChannelReaper-ControllerMutation]: Shutdown completed
2026-04-20T14:00:53.790+03:00  INFO 92293 --- [Bank_System_test] [ster-test-kit-2] kafka.network.SocketServer               : [SocketServer listenerType=BROKER, nodeId=0] Shutting down socket server
2026-04-20T14:00:53.798+03:00  INFO 92293 --- [Bank_System_test] [ster-test-kit-2] kafka.network.SocketServer               : [SocketServer listenerType=BROKER, nodeId=0] Shutdown completed
2026-04-20T14:00:53.798+03:00  INFO 92293 --- [Bank_System_test] [ster-test-kit-2] o.a.k.s.log.metrics.BrokerTopicStats     : Broker and topic stats closed
2026-04-20T14:00:53.798+03:00  INFO 92293 --- [Bank_System_test] [ster-test-kit-2] o.a.k.s.u.t.SystemTimerReaper$Reaper     : [share-group-lock-timeout-reaper]: Shutting down
2026-04-20T14:00:53.799+03:00  INFO 92293 --- [Bank_System_test] [ster-test-kit-2] o.a.k.s.u.t.SystemTimerReaper$Reaper     : [share-group-lock-timeout-reaper]: Shutdown completed
2026-04-20T14:00:53.799+03:00  INFO 92293 --- [Bank_System_test] [-timeout-reaper] o.a.k.s.u.t.SystemTimerReaper$Reaper     : [share-group-lock-timeout-reaper]: Stopped
2026-04-20T14:00:53.799+03:00  INFO 92293 --- [Bank_System_test] [ster-test-kit-2] k.s.s.p.PersisterStateManager$SendThread : [PersisterStateManager]: Shutting down
2026-04-20T14:00:53.799+03:00  INFO 92293 --- [Bank_System_test] [terStateManager] k.s.s.p.PersisterStateManager$SendThread : [PersisterStateManager]: Stopped
2026-04-20T14:00:53.799+03:00  INFO 92293 --- [Bank_System_test] [ster-test-kit-2] k.s.s.p.PersisterStateManager$SendThread : [PersisterStateManager]: Shutdown completed
2026-04-20T14:00:53.800+03:00  INFO 92293 --- [Bank_System_test] [ster-test-kit-2] o.a.k.s.u.t.SystemTimerReaper$Reaper     : [persister-state-manager-reaper]: Shutting down
2026-04-20T14:00:53.800+03:00  INFO 92293 --- [Bank_System_test] [-manager-reaper] o.a.k.s.u.t.SystemTimerReaper$Reaper     : [persister-state-manager-reaper]: Stopped
2026-04-20T14:00:53.800+03:00  INFO 92293 --- [Bank_System_test] [ster-test-kit-2] o.a.k.s.u.t.SystemTimerReaper$Reaper     : [persister-state-manager-reaper]: Shutdown completed
2026-04-20T14:00:53.800+03:00  INFO 92293 --- [Bank_System_test] [ster-test-kit-2] org.apache.kafka.queue.KafkaEventQueue   : [BrokerLifecycleManager id=0] closed event queue.
2026-04-20T14:00:53.801+03:00  INFO 92293 --- [Bank_System_test] [ster-test-kit-2] o.a.k.s.u.t.SystemTimerReaper$Reaper     : [client-metrics-reaper]: Shutting down
2026-04-20T14:00:53.801+03:00  INFO 92293 --- [Bank_System_test] [ster-test-kit-2] o.a.k.s.u.t.SystemTimerReaper$Reaper     : [client-metrics-reaper]: Shutdown completed
2026-04-20T14:00:53.801+03:00  INFO 92293 --- [Bank_System_test] [-metrics-reaper] o.a.k.s.u.t.SystemTimerReaper$Reaper     : [client-metrics-reaper]: Stopped
2026-04-20T14:00:53.801+03:00  INFO 92293 --- [Bank_System_test] [ster-test-kit-2] kafka.server.BrokerServer                : [BrokerServer id=0] shut down completed
2026-04-20T14:00:53.801+03:00  INFO 92293 --- [Bank_System_test] [ster-test-kit-2] kafka.server.BrokerServer                : [BrokerServer id=0] Transition from SHUTTING_DOWN to SHUTDOWN
2026-04-20T14:00:53.802+03:00  INFO 92293 --- [Bank_System_test] [ster-test-kit-1] kafka.server.ControllerServer            : [ControllerServer id=0] shutting down
2026-04-20T14:00:53.802+03:00  INFO 92293 --- [Bank_System_test] [ster-test-kit-1] ExpirationService$ExpiredOperationReaper : [raft-expiration-reaper]: Shutting down
2026-04-20T14:00:53.863+03:00  INFO 92293 --- [Bank_System_test] [piration-reaper] ExpirationService$ExpiredOperationReaper : [raft-expiration-reaper]: Stopped
2026-04-20T14:00:53.863+03:00  INFO 92293 --- [Bank_System_test] [ster-test-kit-1] ExpirationService$ExpiredOperationReaper : [raft-expiration-reaper]: Shutdown completed
2026-04-20T14:00:53.863+03:00  INFO 92293 --- [Bank_System_test] [ster-test-kit-1] o.a.kafka.raft.KafkaRaftClientDriver     : [kafka-0-raft-io-thread]: Shutting down
2026-04-20T14:00:53.863+03:00  INFO 92293 --- [Bank_System_test] [ster-test-kit-1] org.apache.kafka.raft.KafkaRaftClient    : [RaftManager id=0] Beginning graceful shutdown
2026-04-20T14:00:53.864+03:00  INFO 92293 --- [Bank_System_test] [-raft-io-thread] org.apache.kafka.raft.KafkaRaftClient    : [RaftManager id=0] Graceful shutdown completed
2026-04-20T14:00:53.864+03:00  INFO 92293 --- [Bank_System_test] [-raft-io-thread] o.a.kafka.raft.KafkaRaftClientDriver     : [RaftManager id=0] Completed graceful shutdown of RaftClient
2026-04-20T14:00:53.864+03:00  INFO 92293 --- [Bank_System_test] [-raft-io-thread] o.a.kafka.raft.KafkaRaftClientDriver     : [kafka-0-raft-io-thread]: Stopped
2026-04-20T14:00:53.864+03:00  INFO 92293 --- [Bank_System_test] [ster-test-kit-1] o.a.kafka.raft.KafkaRaftClientDriver     : [kafka-0-raft-io-thread]: Shutdown completed
2026-04-20T14:00:53.864+03:00  INFO 92293 --- [Bank_System_test] [ster-test-kit-1] o.a.k.r.KafkaNetworkChannel$SendThread   : [kafka-0-raft-outbound-request-thread]: Shutting down
2026-04-20T14:00:53.865+03:00  INFO 92293 --- [Bank_System_test] [-request-thread] o.a.k.r.KafkaNetworkChannel$SendThread   : [kafka-0-raft-outbound-request-thread]: Stopped
2026-04-20T14:00:53.865+03:00  INFO 92293 --- [Bank_System_test] [ster-test-kit-1] o.a.k.r.KafkaNetworkChannel$SendThread   : [kafka-0-raft-outbound-request-thread]: Shutdown completed
2026-04-20T14:00:53.865+03:00 ERROR 92293 --- [Bank_System_test] [ster-test-kit-1] o.a.k.s.i.log.LogDirFailureChannel       : Error while renaming dir for __cluster_metadata-0 in dir /tmp/kafka-13755024341555059878/combined_0_0

java.nio.file.NoSuchFileException: /tmp/kafka-13755024341555059878/combined_0_0/__cluster_metadata-0/00000000000000000159.snapshot
	at java.base/sun.nio.fs.UnixException.translateToIOException(UnixException.java:92) ~[na:na]
	at java.base/sun.nio.fs.UnixException.rethrowAsIOException(UnixException.java:106) ~[na:na]
	at java.base/sun.nio.fs.UnixException.rethrowAsIOException(UnixException.java:111) ~[na:na]
	at java.base/sun.nio.fs.UnixFileSystemProvider.newFileChannel(UnixFileSystemProvider.java:224) ~[na:na]
	at java.base/java.nio.channels.FileChannel.open(FileChannel.java:309) ~[na:na]
	at java.base/java.nio.channels.FileChannel.open(FileChannel.java:369) ~[na:na]
	at org.apache.kafka.storage.internals.log.ProducerStateManager.writeSnapshot(ProducerStateManager.java:686) ~[kafka-storage-4.1.1.jar:na]
	at org.apache.kafka.storage.internals.log.ProducerStateManager.takeSnapshot(ProducerStateManager.java:440) ~[kafka-storage-4.1.1.jar:na]
	at org.apache.kafka.storage.internals.log.ProducerStateManager.takeSnapshot(ProducerStateManager.java:429) ~[kafka-storage-4.1.1.jar:na]
	at org.apache.kafka.storage.internals.log.UnifiedLog.lambda$close$10(UnifiedLog.java:944) ~[kafka-storage-4.1.1.jar:na]
	at org.apache.kafka.storage.internals.log.LocalLog.maybeHandleIOException(LocalLog.java:816) ~[kafka-storage-4.1.1.jar:na]
	at org.apache.kafka.storage.internals.log.UnifiedLog.maybeHandleIOException(UnifiedLog.java:2397) ~[kafka-storage-4.1.1.jar:na]
	at org.apache.kafka.storage.internals.log.UnifiedLog.close(UnifiedLog.java:938) ~[kafka-storage-4.1.1.jar:na]
	at kafka.raft.KafkaMetadataLog.close(KafkaMetadataLog.scala:566) ~[kafka_2.13-4.1.1.jar:na]
	at org.apache.kafka.common.utils.Utils.closeQuietly(Utils.java:1117) ~[kafka-clients-4.1.1.jar:na]
	at org.apache.kafka.common.utils.Utils.closeQuietly(Utils.java:1100) ~[kafka-clients-4.1.1.jar:na]
	at kafka.raft.KafkaRaftManager.shutdown(RaftManager.scala:177) ~[kafka_2.13-4.1.1.jar:na]
	at kafka.server.SharedServer.$anonfun$ensureNotRaftLeader$2(SharedServer.scala:360) ~[kafka_2.13-4.1.1.jar:na]
	at kafka.utils.CoreUtils$.swallow(CoreUtils.scala:63) ~[kafka_2.13-4.1.1.jar:na]
	at kafka.server.SharedServer.$anonfun$ensureNotRaftLeader$1(SharedServer.scala:360) ~[kafka_2.13-4.1.1.jar:na]
	at kafka.server.SharedServer.$anonfun$ensureNotRaftLeader$1$adapted(SharedServer.scala:359) ~[kafka_2.13-4.1.1.jar:na]
	at scala.Option.foreach(Option.scala:437) ~[scala-library-2.13.16.jar:na]
	at kafka.server.SharedServer.ensureNotRaftLeader(SharedServer.scala:359) ~[kafka_2.13-4.1.1.jar:na]
	at kafka.server.ControllerServer.shutdown(ControllerServer.scala:439) ~[kafka_2.13-4.1.1.jar:na]
	at java.base/java.util.concurrent.Executors$RunnableAdapter.call(Executors.java:572) ~[na:na]
	at java.base/java.util.concurrent.FutureTask.run(FutureTask.java:317) ~[na:na]
	at java.base/java.util.concurrent.ThreadPoolExecutor.runWorker(ThreadPoolExecutor.java:1144) ~[na:na]
	at java.base/java.util.concurrent.ThreadPoolExecutor$Worker.run(ThreadPoolExecutor.java:642) ~[na:na]
	at java.base/java.lang.Thread.run(Thread.java:1583) ~[na:na]

2026-04-20T14:00:53.866+03:00  WARN 92293 --- [Bank_System_test] [ster-test-kit-1] org.apache.kafka.common.utils.Utils      : Failed to close replicated log with type kafka.raft.KafkaMetadataLog

org.apache.kafka.common.errors.KafkaStorageException: Error while renaming dir for __cluster_metadata-0 in dir /tmp/kafka-13755024341555059878/combined_0_0
Caused by: java.nio.file.NoSuchFileException: /tmp/kafka-13755024341555059878/combined_0_0/__cluster_metadata-0/00000000000000000159.snapshot
	at java.base/sun.nio.fs.UnixException.translateToIOException(UnixException.java:92) ~[na:na]
	at java.base/sun.nio.fs.UnixException.rethrowAsIOException(UnixException.java:106) ~[na:na]
	at java.base/sun.nio.fs.UnixException.rethrowAsIOException(UnixException.java:111) ~[na:na]
	at java.base/sun.nio.fs.UnixFileSystemProvider.newFileChannel(UnixFileSystemProvider.java:224) ~[na:na]
	at java.base/java.nio.channels.FileChannel.open(FileChannel.java:309) ~[na:na]
	at java.base/java.nio.channels.FileChannel.open(FileChannel.java:369) ~[na:na]
	at org.apache.kafka.storage.internals.log.ProducerStateManager.writeSnapshot(ProducerStateManager.java:686) ~[kafka-storage-4.1.1.jar:na]
	at org.apache.kafka.storage.internals.log.ProducerStateManager.takeSnapshot(ProducerStateManager.java:440) ~[kafka-storage-4.1.1.jar:na]
	at org.apache.kafka.storage.internals.log.ProducerStateManager.takeSnapshot(ProducerStateManager.java:429) ~[kafka-storage-4.1.1.jar:na]
	at org.apache.kafka.storage.internals.log.UnifiedLog.lambda$close$10(UnifiedLog.java:944) ~[kafka-storage-4.1.1.jar:na]
	at org.apache.kafka.storage.internals.log.LocalLog.maybeHandleIOException(LocalLog.java:816) ~[kafka-storage-4.1.1.jar:na]
	at org.apache.kafka.storage.internals.log.UnifiedLog.maybeHandleIOException(UnifiedLog.java:2397) ~[kafka-storage-4.1.1.jar:na]
	at org.apache.kafka.storage.internals.log.UnifiedLog.close(UnifiedLog.java:938) ~[kafka-storage-4.1.1.jar:na]
	at kafka.raft.KafkaMetadataLog.close(KafkaMetadataLog.scala:566) ~[kafka_2.13-4.1.1.jar:na]
	at org.apache.kafka.common.utils.Utils.closeQuietly(Utils.java:1117) ~[kafka-clients-4.1.1.jar:na]
	at org.apache.kafka.common.utils.Utils.closeQuietly(Utils.java:1100) ~[kafka-clients-4.1.1.jar:na]
	at kafka.raft.KafkaRaftManager.shutdown(RaftManager.scala:177) ~[kafka_2.13-4.1.1.jar:na]
	at kafka.server.SharedServer.$anonfun$ensureNotRaftLeader$2(SharedServer.scala:360) ~[kafka_2.13-4.1.1.jar:na]
	at kafka.utils.CoreUtils$.swallow(CoreUtils.scala:63) ~[kafka_2.13-4.1.1.jar:na]
	at kafka.server.SharedServer.$anonfun$ensureNotRaftLeader$1(SharedServer.scala:360) ~[kafka_2.13-4.1.1.jar:na]
	at kafka.server.SharedServer.$anonfun$ensureNotRaftLeader$1$adapted(SharedServer.scala:359) ~[kafka_2.13-4.1.1.jar:na]
	at scala.Option.foreach(Option.scala:437) ~[scala-library-2.13.16.jar:na]
	at kafka.server.SharedServer.ensureNotRaftLeader(SharedServer.scala:359) ~[kafka_2.13-4.1.1.jar:na]
	at kafka.server.ControllerServer.shutdown(ControllerServer.scala:439) ~[kafka_2.13-4.1.1.jar:na]
	at java.base/java.util.concurrent.Executors$RunnableAdapter.call(Executors.java:572) ~[na:na]
	at java.base/java.util.concurrent.FutureTask.run(FutureTask.java:317) ~[na:na]
	at java.base/java.util.concurrent.ThreadPoolExecutor.runWorker(ThreadPoolExecutor.java:1144) ~[na:na]
	at java.base/java.util.concurrent.ThreadPoolExecutor$Worker.run(ThreadPoolExecutor.java:642) ~[na:na]
	at java.base/java.lang.Thread.run(Thread.java:1583) ~[na:na]

2026-04-20T14:00:53.867+03:00  INFO 92293 --- [Bank_System_test] [ster-test-kit-1] org.apache.kafka.queue.KafkaEventQueue   : [ControllerRegistrationManager id=0 incarnation=BvMwCIvsTQuShRnauyT7fA] beginShutdown: shutting down event queue.
2026-04-20T14:00:53.867+03:00  INFO 92293 --- [Bank_System_test] [r-event-handler] k.server.ControllerRegistrationManager   : [ControllerRegistrationManager id=0 incarnation=BvMwCIvsTQuShRnauyT7fA] shutting down.
2026-04-20T14:00:53.867+03:00  INFO 92293 --- [Bank_System_test] [r-event-handler] k.server.NodeToControllerRequestThread   : [controller-0-to-controller-registration-channel-manager]: Shutting down
2026-04-20T14:00:53.867+03:00  INFO 92293 --- [Bank_System_test] [r-event-handler] k.server.NodeToControllerRequestThread   : [controller-0-to-controller-registration-channel-manager]: Shutdown completed
2026-04-20T14:00:53.867+03:00  INFO 92293 --- [Bank_System_test] [channel-manager] k.server.NodeToControllerRequestThread   : [controller-0-to-controller-registration-channel-manager]: Stopped
2026-04-20T14:00:53.868+03:00  INFO 92293 --- [Bank_System_test] [r-event-handler] k.s.NodeToControllerChannelManagerImpl   : Node to controller channel manager for registration shutdown
2026-04-20T14:00:53.868+03:00  INFO 92293 --- [Bank_System_test] [ster-test-kit-1] org.apache.kafka.queue.KafkaEventQueue   : [ControllerRegistrationManager id=0 incarnation=BvMwCIvsTQuShRnauyT7fA] closed event queue.
2026-04-20T14:00:53.868+03:00  INFO 92293 --- [Bank_System_test] [ster-test-kit-1] k.server.NodeToControllerRequestThread   : [controller-0-to-controller-registration-channel-manager]: Shutdown completed
2026-04-20T14:00:53.868+03:00  WARN 92293 --- [Bank_System_test] [ster-test-kit-1] org.apache.kafka.clients.NetworkClient   : [NodeToControllerChannelManager id=0 name=registration] Attempting to close NetworkClient that has already been closed.
2026-04-20T14:00:53.868+03:00  INFO 92293 --- [Bank_System_test] [ster-test-kit-1] k.s.NodeToControllerChannelManagerImpl   : Node to controller channel manager for registration shutdown
2026-04-20T14:00:53.869+03:00  INFO 92293 --- [Bank_System_test] [r-event-handler] org.apache.kafka.queue.KafkaEventQueue   : [ControllerRegistrationManager id=0 incarnation=BvMwCIvsTQuShRnauyT7fA] closed event queue.
2026-04-20T14:00:53.869+03:00  INFO 92293 --- [Bank_System_test] [ster-test-kit-1] kafka.network.SocketServer               : [SocketServer listenerType=CONTROLLER, nodeId=0] Stopping socket server request processors
2026-04-20T14:00:53.872+03:00  INFO 92293 --- [Bank_System_test] [ster-test-kit-1] kafka.network.SocketServer               : [SocketServer listenerType=CONTROLLER, nodeId=0] Stopped socket server request processors
2026-04-20T14:00:53.873+03:00  INFO 92293 --- [Bank_System_test] [ster-test-kit-1] org.apache.kafka.queue.KafkaEventQueue   : [QuorumController id=0] QuorumController#beginShutdown: shutting down event queue.
2026-04-20T14:00:53.873+03:00  INFO 92293 --- [Bank_System_test] [ster-test-kit-1] kafka.network.SocketServer               : [SocketServer listenerType=CONTROLLER, nodeId=0] Shutting down socket server
2026-04-20T14:00:53.873+03:00  INFO 92293 --- [Bank_System_test] [0-event-handler] o.a.kafka.controller.QuorumController    : [QuorumController id=0] writeNoOpRecord: event unable to start processing because of RejectedExecutionException (treated as TimeoutException). Exception message: The event queue is shutting down
2026-04-20T14:00:53.873+03:00  INFO 92293 --- [Bank_System_test] [0-event-handler] o.a.kafka.controller.QuorumController    : [QuorumController id=0] maybeFenceStaleBroker: event unable to start processing because of RejectedExecutionException (treated as TimeoutException). Exception message: The event queue is shutting down
2026-04-20T14:00:53.873+03:00  INFO 92293 --- [Bank_System_test] [0-event-handler] o.a.kafka.controller.QuorumController    : [QuorumController id=0] generatePeriodicPerformanceMessage: event unable to start processing because of RejectedExecutionException (treated as TimeoutException). Exception message: The event queue is shutting down
2026-04-20T14:00:53.873+03:00  INFO 92293 --- [Bank_System_test] [0-event-handler] o.a.kafka.controller.QuorumController    : [QuorumController id=0] electPreferred: event unable to start processing because of RejectedExecutionException (treated as TimeoutException). Exception message: The event queue is shutting down
2026-04-20T14:00:53.873+03:00  INFO 92293 --- [Bank_System_test] [0-event-handler] o.a.kafka.controller.QuorumController    : [QuorumController id=0] electUnclean: event unable to start processing because of RejectedExecutionException (treated as TimeoutException). Exception message: The event queue is shutting down
2026-04-20T14:00:53.873+03:00  INFO 92293 --- [Bank_System_test] [0-event-handler] o.a.kafka.controller.QuorumController    : [QuorumController id=0] expireDelegationTokens: event unable to start processing because of RejectedExecutionException (treated as TimeoutException). Exception message: The event queue is shutting down
2026-04-20T14:00:53.884+03:00  INFO 92293 --- [Bank_System_test] [ster-test-kit-1] kafka.network.SocketServer               : [SocketServer listenerType=CONTROLLER, nodeId=0] Shutdown completed
2026-04-20T14:00:53.884+03:00  INFO 92293 --- [Bank_System_test] [ster-test-kit-1] kafka.server.KafkaRequestHandlerPool     : [data-plane Kafka Request Handler on Controller 0] shutting down
2026-04-20T14:00:53.884+03:00  INFO 92293 --- [Bank_System_test] [ster-test-kit-1] kafka.server.KafkaRequestHandlerPool     : [data-plane Kafka Request Handler on Controller 0] shut down completely
2026-04-20T14:00:53.885+03:00  INFO 92293 --- [Bank_System_test] [ster-test-kit-1] perationPurgatory$ExpiredOperationReaper : [ExpirationReaper-0-AlterAcls]: Shutting down
2026-04-20T14:00:53.885+03:00  INFO 92293 --- [Bank_System_test] [per-0-AlterAcls] perationPurgatory$ExpiredOperationReaper : [ExpirationReaper-0-AlterAcls]: Stopped
2026-04-20T14:00:53.885+03:00  INFO 92293 --- [Bank_System_test] [ster-test-kit-1] perationPurgatory$ExpiredOperationReaper : [ExpirationReaper-0-AlterAcls]: Shutdown completed
2026-04-20T14:00:53.886+03:00  INFO 92293 --- [Bank_System_test] [ster-test-kit-1] lientQuotaManager$ThrottledChannelReaper : [controller-0-ThrottledChannelReaper-Fetch]: Shutting down
2026-04-20T14:00:53.888+03:00  INFO 92293 --- [Bank_System_test] [nelReaper-Fetch] lientQuotaManager$ThrottledChannelReaper : [controller-0-ThrottledChannelReaper-Fetch]: Stopped
2026-04-20T14:00:53.888+03:00  INFO 92293 --- [Bank_System_test] [ster-test-kit-1] lientQuotaManager$ThrottledChannelReaper : [controller-0-ThrottledChannelReaper-Fetch]: Shutdown completed
2026-04-20T14:00:53.888+03:00  INFO 92293 --- [Bank_System_test] [ster-test-kit-1] lientQuotaManager$ThrottledChannelReaper : [controller-0-ThrottledChannelReaper-Produce]: Shutting down
2026-04-20T14:00:53.888+03:00  INFO 92293 --- [Bank_System_test] [lReaper-Produce] lientQuotaManager$ThrottledChannelReaper : [controller-0-ThrottledChannelReaper-Produce]: Stopped
2026-04-20T14:00:53.888+03:00  INFO 92293 --- [Bank_System_test] [ster-test-kit-1] lientQuotaManager$ThrottledChannelReaper : [controller-0-ThrottledChannelReaper-Produce]: Shutdown completed
2026-04-20T14:00:53.888+03:00  INFO 92293 --- [Bank_System_test] [ster-test-kit-1] lientQuotaManager$ThrottledChannelReaper : [controller-0-ThrottledChannelReaper-Request]: Shutting down
2026-04-20T14:00:53.888+03:00  INFO 92293 --- [Bank_System_test] [lReaper-Request] lientQuotaManager$ThrottledChannelReaper : [controller-0-ThrottledChannelReaper-Request]: Stopped
2026-04-20T14:00:53.888+03:00  INFO 92293 --- [Bank_System_test] [ster-test-kit-1] lientQuotaManager$ThrottledChannelReaper : [controller-0-ThrottledChannelReaper-Request]: Shutdown completed
2026-04-20T14:00:53.888+03:00  INFO 92293 --- [Bank_System_test] [ster-test-kit-1] lientQuotaManager$ThrottledChannelReaper : [controller-0-ThrottledChannelReaper-ControllerMutation]: Shutting down
2026-04-20T14:00:53.889+03:00  INFO 92293 --- [Bank_System_test] [trollerMutation] lientQuotaManager$ThrottledChannelReaper : [controller-0-ThrottledChannelReaper-ControllerMutation]: Stopped
2026-04-20T14:00:53.889+03:00  INFO 92293 --- [Bank_System_test] [ster-test-kit-1] lientQuotaManager$ThrottledChannelReaper : [controller-0-ThrottledChannelReaper-ControllerMutation]: Shutdown completed
2026-04-20T14:00:53.889+03:00  INFO 92293 --- [Bank_System_test] [ster-test-kit-1] org.apache.kafka.queue.KafkaEventQueue   : [QuorumController id=0] closed event queue.
2026-04-20T14:00:53.889+03:00  INFO 92293 --- [Bank_System_test] [ster-test-kit-1] kafka.server.SharedServer                : [SharedServer id=0] Stopping SharedServer
2026-04-20T14:00:53.889+03:00  INFO 92293 --- [Bank_System_test] [ster-test-kit-1] org.apache.kafka.queue.KafkaEventQueue   : [MetadataLoader id=0] beginShutdown: shutting down event queue.
2026-04-20T14:00:53.889+03:00  INFO 92293 --- [Bank_System_test] [ster-test-kit-1] org.apache.kafka.queue.KafkaEventQueue   : [SnapshotGenerator id=0] beginShutdown: shutting down event queue.
2026-04-20T14:00:53.889+03:00  INFO 92293 --- [Bank_System_test] [r-event-handler] org.apache.kafka.queue.KafkaEventQueue   : [SnapshotGenerator id=0] closed event queue.
2026-04-20T14:00:53.890+03:00  INFO 92293 --- [Bank_System_test] [ster-test-kit-1] org.apache.kafka.queue.KafkaEventQueue   : [MetadataLoader id=0] closed event queue.
2026-04-20T14:00:53.890+03:00  INFO 92293 --- [Bank_System_test] [ster-test-kit-1] org.apache.kafka.queue.KafkaEventQueue   : [SnapshotGenerator id=0] closed event queue.
2026-04-20T14:00:53.890+03:00  INFO 92293 --- [Bank_System_test] [ster-test-kit-1] o.apache.kafka.common.metrics.Metrics    : Metrics scheduler closed
2026-04-20T14:00:53.890+03:00  INFO 92293 --- [Bank_System_test] [ster-test-kit-1] o.apache.kafka.common.metrics.Metrics    : Closing reporter org.apache.kafka.common.metrics.JmxReporter
2026-04-20T14:00:53.890+03:00  INFO 92293 --- [Bank_System_test] [ster-test-kit-1] o.apache.kafka.common.metrics.Metrics    : Metrics reporters closed
2026-04-20T14:00:53.890+03:00  INFO 92293 --- [Bank_System_test] [ster-test-kit-1] o.a.kafka.common.utils.AppInfoParser     : App info kafka.server for 0 unregistered
2026-04-20T14:00:53.892+03:00  INFO 92293 --- [Bank_System_test] [ionShutdownHook] j.LocalContainerEntityManagerFactoryBean : Closing JPA EntityManagerFactory for persistence unit 'default'
2026-04-20T14:00:53.893+03:00  WARN 92293 --- [Bank_System_test] [ionShutdownHook] com.zaxxer.hikari.pool.PoolBase          : HikariPool-2 - Failed to validate connection org.postgresql.jdbc.PgConnection@6413896 (This connection has been closed.). Possibly consider using a shorter maxLifetime value.
2026-04-20T14:00:53.893+03:00  WARN 92293 --- [Bank_System_test] [ionShutdownHook] com.zaxxer.hikari.pool.PoolBase          : HikariPool-2 - Failed to validate connection org.postgresql.jdbc.PgConnection@6f676832 (This connection has been closed.). Possibly consider using a shorter maxLifetime value.
2026-04-20T14:00:53.894+03:00  WARN 92293 --- [Bank_System_test] [ionShutdownHook] com.zaxxer.hikari.pool.PoolBase          : HikariPool-2 - Failed to validate connection org.postgresql.jdbc.PgConnection@7cc9d865 (This connection has been closed.). Possibly consider using a shorter maxLifetime value.
2026-04-20T14:00:53.894+03:00  WARN 92293 --- [Bank_System_test] [ionShutdownHook] com.zaxxer.hikari.pool.PoolBase          : HikariPool-2 - Failed to validate connection org.postgresql.jdbc.PgConnection@41cce7da (This connection has been closed.). Possibly consider using a shorter maxLifetime value.
2026-04-20T14:00:53.896+03:00  WARN 92293 --- [Bank_System_test] [ionShutdownHook] com.zaxxer.hikari.pool.PoolBase          : HikariPool-2 - Failed to validate connection org.postgresql.jdbc.PgConnection@51defc17 (This connection has been closed.). Possibly consider using a shorter maxLifetime value.
2026-04-20T14:00:53.897+03:00  WARN 92293 --- [Bank_System_test] [ionShutdownHook] com.zaxxer.hikari.pool.PoolBase          : HikariPool-2 - Failed to validate connection org.postgresql.jdbc.PgConnection@6df8c18d (This connection has been closed.). Possibly consider using a shorter maxLifetime value.
2026-04-20T14:00:53.897+03:00  WARN 92293 --- [Bank_System_test] [ionShutdownHook] com.zaxxer.hikari.pool.PoolBase          : HikariPool-2 - Failed to validate connection org.postgresql.jdbc.PgConnection@19ee8b35 (This connection has been closed.). Possibly consider using a shorter maxLifetime value.
2026-04-20T14:00:53.898+03:00  WARN 92293 --- [Bank_System_test] [ionShutdownHook] com.zaxxer.hikari.pool.PoolBase          : HikariPool-2 - Failed to validate connection org.postgresql.jdbc.PgConnection@3267825b (This connection has been closed.). Possibly consider using a shorter maxLifetime value.
2026-04-20T14:00:53.898+03:00  WARN 92293 --- [Bank_System_test] [ionShutdownHook] com.zaxxer.hikari.pool.PoolBase          : HikariPool-2 - Failed to validate connection org.postgresql.jdbc.PgConnection@57f7f3ea (This connection has been closed.). Possibly consider using a shorter maxLifetime value.
2026-04-20T14:00:53.899+03:00  WARN 92293 --- [Bank_System_test] [ionShutdownHook] com.zaxxer.hikari.pool.PoolBase          : HikariPool-2 - Failed to validate connection org.postgresql.jdbc.PgConnection@689815f (This connection has been closed.). Possibly consider using a shorter maxLifetime value.
2026-04-20T14:00:56.893+03:00  WARN 92293 --- [Bank_System_test] [ionShutdownHook] org.hibernate.orm.jdbc.error             : HHH000247: ErrorCode: 0, SQLState: 08001
2026-04-20T14:00:56.894+03:00  WARN 92293 --- [Bank_System_test] [ionShutdownHook] org.hibernate.orm.jdbc.error             : HikariPool-2 - Connection is not available, request timed out after 3001ms (total=0, active=0, idle=0, waiting=0)
2026-04-20T14:00:56.894+03:00  WARN 92293 --- [Bank_System_test] [ionShutdownHook] org.hibernate.orm.jdbc.error             : HHH000247: ErrorCode: 0, SQLState: 08001
2026-04-20T14:00:56.894+03:00  WARN 92293 --- [Bank_System_test] [ionShutdownHook] org.hibernate.orm.jdbc.error             : HikariPool-2 - Connection is not available, request timed out after 3001ms (total=0, active=0, idle=0, waiting=0)
2026-04-20T14:00:56.894+03:00  WARN 92293 --- [Bank_System_test] [ionShutdownHook] o.s.b.f.support.DisposableBeanAdapter    : Invocation of destroy method failed on bean with name 'entityManagerFactory': org.hibernate.exception.JDBCConnectionException: Unable to open JDBC Connection for DDL execution [HikariPool-2 - Connection is not available, request timed out after 3001ms (total=0, active=0, idle=0, waiting=0)] [n/a]
2026-04-20T14:00:56.894+03:00  INFO 92293 --- [Bank_System_test] [ionShutdownHook] com.zaxxer.hikari.HikariDataSource       : HikariPool-2 - Shutdown initiated...
2026-04-20T14:00:59.013+03:00  INFO 92293 --- [Bank_System_test] [ionShutdownHook] com.zaxxer.hikari.HikariDataSource       : HikariPool-2 - Shutdown completed.

> Task :test FAILED

20 tests completed, 9 failed

FAILURE: Build failed with an exception.

* What went wrong:
Execution failed for task ':test'.
> There were failing tests. See the report at: file:///home/favian47/IdeaProjects/Bank_System/build/reports/tests/test/index.html

* Try:
> Run with --scan to generate a Build Scan (powered by Develocity).

BUILD FAILED in 43s
5 actionable tasks: 1 executed, 4 up-to-date
